2026-09-08 18:28:01.721651: E external/local_xla/xla/stream_executor/cuda/cuda_fft.cc:479] Unable to register cuFFT factory: Attempting to register factory for plugin cuFFT when one has already been registered
2026-09-08 18:28:01.748129: E external/local_xla/xla/stream_executor/cuda/cuda_dnn.cc:10575] Unable to register cuDNN factory: Attempting to register factory for plugin cuDNN when one has already been registered
2026-09-08 18:28:01.748183: E external/local_xla/xla/stream_executor/cuda/cuda_blas.cc:1442] Unable to register cuBLAS factory: Attempting to register factory for plugin cuBLAS when one has already been registered
2026-09-08 18:28:02.628536: W tensorflow/compiler/tf2tensorrt/utils/py_utils.cc:38] TF-TRT Warning: Could not find TensorRT
0.0s - [medium/yamnet_combined] existing config: overlap_event_prop=0.2, framehop_prop=1
0.0s -   loaded from /home/luke/projects/buzzdetect-training/.local/worktrees/combined-revalidate/02_set/sets/medium/config_extract.json
0.2s - extract_snips: [1/83] JamesU - MustardBumbler/1_29/240903_1319 — unchanged (0 written, 0 deleted)
0.2s - extract_snips: [2/83] Lily - Fit+Fast/2023_R3_Marysville/53/230808_1208 — unchanged (0 written, 0 deleted)
0.2s - extract_snips: [3/83] Lily Adam - One Hive/recorders/willard/2024-08-07/1_11/240807_1016 — unchanged (0 written, 0 deleted)
0.2s - extract_snips: [4/83] Lily Adam - One Hive/recorders/wooster/2024-07-26/1_143/240726_1446 — unchanged (0 written, 0 deleted)
0.2s - extract_snips: [5/83] Luke - Diel Drivers/2026-04-08/1_150/260408_1942 — unchanged (0 written, 0 deleted)
0.2s - extract_snips: [6/83] Luke - Diel Drivers/2026-05-06/1_95/260506_1924 — unchanged (0 written, 0 deleted)
0.2s - extract_snips: [7/83] Luke - Various Opportunistic Recordings/2025-06-23/1_23/250623_0857 — unchanged (0 written, 0 deleted)
0.2s - extract_snips: [8/83] Luke - Various Opportunistic Recordings/2025-07-03/1_37/250703_1635 — unchanged (0 written, 0 deleted)
0.2s - extract_snips: [9/83] Luke - Various Opportunistic Recordings/2025-08-05/31/250805_1247 — unchanged (0 written, 0 deleted)
0.2s - extract_snips: [10/83] Luke - Various Opportunistic Recordings/2025-08-12/1_114/250812_1225 — unchanged (0 written, 0 deleted)
0.2s - extract_snips: [11/83] Luke - Various Opportunistic Recordings/2025-08-27/48/250827_1828 — unchanged (0 written, 0 deleted)
0.2s - extract_snips: [12/83] Luke - Various Opportunistic Recordings/2026-07-27/1_25/260727_1632 — unchanged (0 written, 0 deleted)
0.2s - extract_snips: [13/83] Luke - Various Opportunistic Recordings/2026-07-27/1_99/260727_1633 — unchanged (0 written, 0 deleted)
0.2s - extract_snips: [14/83] Chia - Bee Audio 2022 Original/7-13-22_SouthCharleston/1/220713_0941_01 — unchanged (0 written, 0 deleted)
0.2s - extract_snips: [15/83] Chia - Bee Audio 2022 Original/7-13-22_SouthCharleston/1/220715_1123 — unchanged (0 written, 0 deleted)
0.2s - extract_snips: [16/83] Chia - Bee Audio 2022 Original/7-13-22_SouthCharleston/2/220713_0943 — unchanged (0 written, 0 deleted)
0.2s - extract_snips: [17/83] Chia - Bee Audio 2022 Original/7-13-22_SouthCharleston/2/220715_1125 — unchanged (0 written, 0 deleted)
0.2s - extract_snips: [18/83] Chia - Bee Audio 2022 Original/7-13-22_SouthCharleston/3/220713_0944 — unchanged (0 written, 0 deleted)
0.2s - extract_snips: [19/83] Chia - Bee Audio 2022 Original/7-13-22_SouthCharleston/3/220715_1127 — unchanged (0 written, 0 deleted)
0.2s - extract_snips: [20/83] Chia - Bee Audio 2022 Original/7-13-22_SouthCharleston/4/220713_0946 — unchanged (0 written, 0 deleted)
0.2s - extract_snips: [21/83] Chia - Bee Audio 2022 Original/7-13-22_SouthCharleston/4/220715_1128 — unchanged (0 written, 0 deleted)
0.2s - extract_snips: [22/83] Chia - Bee Audio 2022 Original/7-13-22_SouthCharleston/5/220713_0947 — unchanged (0 written, 0 deleted)
0.2s - extract_snips: [23/83] Chia - Bee Audio 2022 Original/7-13-22_SouthCharleston/5/220715_1130 — unchanged (0 written, 0 deleted)
0.2s - extract_snips: [24/83] Chia - Bee Audio 2022 Original/7-13-22_SouthCharleston/6/220713_0948 — unchanged (0 written, 0 deleted)
0.2s - extract_snips: [25/83] Chia - Bee Audio 2022 Original/7-13-22_SouthCharleston/6/220715_1131 — unchanged (0 written, 0 deleted)
0.2s - extract_snips: [26/83] Chia - Bee Audio 2022 Original/7-13-22_SouthCharleston/7/220713_0951 — unchanged (0 written, 0 deleted)
0.2s - extract_snips: [27/83] Chia - Bee Audio 2022 Original/7-13-22_SouthCharleston/7/220715_1134 — unchanged (0 written, 0 deleted)
0.2s - extract_snips: [28/83] Chia - Bee Audio 2022 Original/7-13-22_SouthCharleston/8/220713_0953 — unchanged (0 written, 0 deleted)
0.2s - extract_snips: [29/83] Chia - Bee Audio 2022 Original/7-13-22_SouthCharleston/8/220715_1135 — unchanged (0 written, 0 deleted)
0.2s - extract_snips: [30/83] Chia - OSPT/2022/2022-07-26/10/220726_1209 — unchanged (0 written, 0 deleted)
0.2s - extract_snips: [31/83] Chia - OSPT/2022/2022-07-26/14/220726_1202 — unchanged (0 written, 0 deleted)
0.2s - extract_snips: [32/83] Chia - OSPT/2022/2022-07-26/15/220728_1403 — unchanged (0 written, 0 deleted)
0.2s - extract_snips: [33/83] Chia - OSPT/2022/2022-07-26/17/220725_1311 — unchanged (0 written, 0 deleted)
0.2s - extract_snips: [34/83] Chia - OSPT/2022/2022-07-26/18/220725_1319 — unchanged (0 written, 0 deleted)
0.2s - extract_snips: [35/83] Chia - OSPT/2022/2022-07-26/18/220727_1501 — unchanged (0 written, 0 deleted)
0.2s - extract_snips: [36/83] Chia - OSPT/2022/2022-07-26/23/220727_1453 — unchanged (0 written, 0 deleted)
0.2s - extract_snips: [37/83] Chia - OSPT/2022/2022-07-26/25/220725_1324 — unchanged (0 written, 0 deleted)
0.2s - extract_snips: [38/83] Chia - OSPT/2022/2022-07-26/25/220727_1507 — unchanged (0 written, 0 deleted)
0.2s - extract_snips: [39/83] Chia - OSPT/2022/2022-07-26/29/220725_1321 — unchanged (0 written, 0 deleted)
0.2s - extract_snips: [40/83] Chia - OSPT/2022/2022-08-02/11/220802_1058 — unchanged (0 written, 0 deleted)
0.2s - extract_snips: [41/83] Chia - OSPT/2022/2022-08-02/13/220802_1108 — unchanged (0 written, 0 deleted)
0.2s - extract_snips: [42/83] Chia - OSPT/2022/2022-08-02/13/220806_1432 — unchanged (0 written, 0 deleted)
0.2s - extract_snips: [43/83] Chia - OSPT/2022/2022-08-02/20/220802_1056 — unchanged (0 written, 0 deleted)
0.2s - extract_snips: [44/83] Chia - OSPT/2022/2022-08-02/22/220804_1241 — unchanged (0 written, 0 deleted)
0.2s - extract_snips: [45/83] Chia - OSPT/2022/2022-08-02/23/220802_1047 — unchanged (0 written, 0 deleted)
0.2s - extract_snips: [46/83] Chia - OSPT/2022/2022-08-02/29/220802_1102 — unchanged (0 written, 0 deleted)
0.2s - extract_snips: [47/83] Chia - OSPT/2022/2022-08-02/29/220804_1244 — unchanged (0 written, 0 deleted)
0.2s - extract_snips: [48/83] Chia - OSPT/2022/2022-08-02/32/220804_1227 — unchanged (0 written, 0 deleted)
0.2s - extract_snips: [49/83] Chia_Lin - Soybean on-farm spray audios/2023-07-25 Combs Sabine-Bigelow/14/230725_1202 — unchanged (0 written, 0 deleted)
0.2s - extract_snips: [50/83] Chia_Lin - Soybean on-farm spray audios/2023-07-25 Combs Sabine-Bigelow/14/230727_1344 — unchanged (0 written, 0 deleted)
0.2s - extract_snips: [51/83] Chia_Lin - Soybean on-farm spray audios/2023-07-25 Combs Sabine-Bigelow/14/230730_1621 — unchanged (0 written, 0 deleted)
0.2s - extract_snips: [52/83] Chia_Lin - Soybean on-farm spray audios/2023-07-25 Combs Sabine-Bigelow/14/230801_1803 — unchanged (0 written, 0 deleted)
0.2s - extract_snips: [53/83] Chia_Lin - Soybean on-farm spray audios/2023-07-25 Combs Sabine-Bigelow/23/230725_1159 — unchanged (0 written, 0 deleted)
0.2s - extract_snips: [54/83] Chia_Lin - Soybean on-farm spray audios/2023-07-25 Combs Sabine-Bigelow/23/230727_1341 — unchanged (0 written, 0 deleted)
0.2s - extract_snips: [55/83] Chia_Lin - Soybean on-farm spray audios/2023-07-25 Combs Sabine-Bigelow/23/230730_1624 — unchanged (0 written, 0 deleted)
0.2s - extract_snips: [56/83] Chia_Lin - Soybean on-farm spray audios/2023-07-25 Combs Sabine-Bigelow/23/230801_1806 — unchanged (0 written, 0 deleted)
0.2s - extract_snips: [57/83] Chia_Lin - Soybean on-farm spray audios/2023-07-30 FSR/29/230730_1704 — unchanged (0 written, 0 deleted)
0.2s - extract_snips: [58/83] Chia_Lin - Soybean on-farm spray audios/2023-07-30 FSR/29/230801_1846 — unchanged (0 written, 0 deleted)
0.2s - extract_snips: [59/83] Chia_Lin - Soybean on-farm spray audios/2023-07-30 FSR/3/230730_1704 — unchanged (0 written, 0 deleted)
0.2s - extract_snips: [60/83] Chia_Lin - Soybean on-farm spray audios/2023-07-30 FSR/3/230801_1847 — unchanged (0 written, 0 deleted)
0.2s - extract_snips: [61/83] Karlan Forrester - Soybean Attractiveness/A11/4/210721_0949 — unchanged (0 written, 0 deleted)
0.2s - extract_snips: [62/83] Karlan Forrester - Soybean Attractiveness/A11/4/210723_1131 — unchanged (0 written, 0 deleted)
0.2s - extract_snips: [63/83] Karlan Forrester - Soybean Attractiveness/A11/4/210726_1007 — unchanged (0 written, 0 deleted)
0.2s - extract_snips: [64/83] Karlan Forrester - Soybean Attractiveness/A11/4/210728_1150 — unchanged (0 written, 0 deleted)
0.2s - extract_snips: [65/83] Karlan Forrester - Soybean Attractiveness/A11/4/210805_0819 — unchanged (0 written, 0 deleted)
0.2s - extract_snips: [66/83] Karlan Forrester - Soybean Attractiveness/A11/4/210807_1001 — unchanged (0 written, 0 deleted)
0.2s - extract_snips: [67/83] Karlan Forrester - Soybean Attractiveness/C9-16/4/210721_0910 — unchanged (0 written, 0 deleted)
0.2s - extract_snips: [68/83] Karlan Forrester - Soybean Attractiveness/C9-16/4/210723_1052 — unchanged (0 written, 0 deleted)
0.2s - extract_snips: [69/83] Karlan Forrester - Soybean Attractiveness/C9-16/4/210726_0933 — unchanged (0 written, 0 deleted)
0.2s - extract_snips: [70/83] Karlan Forrester - Soybean Attractiveness/C9-16/4/210728_1115 — unchanged (0 written, 0 deleted)
0.2s - extract_snips: [71/83] Karlan Forrester - Soybean Attractiveness/C9-16/4/210805_0743 — unchanged (0 written, 0 deleted)
0.2s - extract_snips: [72/83] Karlan Forrester - Soybean Attractiveness/C9-16/4/210807_0925 — unchanged (0 written, 0 deleted)
0.2s - extract_snips: [73/83] Karlan Forrester - Soybean Attractiveness/EBN/4/210721_0930 — unchanged (0 written, 0 deleted)
0.2s - extract_snips: [74/83] Karlan Forrester - Soybean Attractiveness/EBN/4/210723_1112 — unchanged (0 written, 0 deleted)
0.2s - extract_snips: [75/83] Karlan Forrester - Soybean Attractiveness/EBN/4/210726_0950 — unchanged (0 written, 0 deleted)
0.2s - extract_snips: [76/83] Karlan Forrester - Soybean Attractiveness/EBN/4/210728_1132 — unchanged (0 written, 0 deleted)
0.2s - extract_snips: [77/83] Karlan Forrester - Soybean Attractiveness/EBN/4/210805_0800 — unchanged (0 written, 0 deleted)
0.2s - extract_snips: [78/83] Karlan Forrester - Soybean Attractiveness/L6-8/4/210721_0855 — unchanged (0 written, 0 deleted)
0.2s - extract_snips: [79/83] Karlan Forrester - Soybean Attractiveness/L6-8/4/210723_1038 — unchanged (0 written, 0 deleted)
0.2s - extract_snips: [80/83] Karlan Forrester - Soybean Attractiveness/L6-8/4/210726_0918 — unchanged (0 written, 0 deleted)
0.2s - extract_snips: [81/83] Karlan Forrester - Soybean Attractiveness/L6-8/4/210728_1100 — unchanged (0 written, 0 deleted)
0.2s - extract_snips: [82/83] Karlan Forrester - Soybean Attractiveness/L6-8/4/210805_0726 — unchanged (0 written, 0 deleted)
0.2s - extract_snips: [83/83] Karlan Forrester - Soybean Attractiveness/L6-8/4/210807_0908 — unchanged (0 written, 0 deleted)
0.2s - extract_snips: 83 ident(s): 0 updated (0 snip(s) written, 0 superseded), 83 unchanged
0.5s - [medium/yamnet_combined] 83 ident(s): 83 to extract (83 new, 0 superseded by new annotations), 0 already current
0.5s -   2 worker(s); folds: 44
2026-09-08 18:28:05.449637: E external/local_xla/xla/stream_executor/cuda/cuda_driver.cc:282] failed call to cuInit: CUDA_ERROR_NO_DEVICE: no CUDA-capable device is detected
2026-09-08 18:28:05.449687: I external/local_xla/xla/stream_executor/cuda/cuda_diagnostics.cc:134] retrieving CUDA diagnostic information for host: beelab-files
2026-09-08 18:28:05.449697: I external/local_xla/xla/stream_executor/cuda/cuda_diagnostics.cc:141] hostname: beelab-files
2026-09-08 18:28:05.449852: I external/local_xla/xla/stream_executor/cuda/cuda_diagnostics.cc:165] libcuda reported version is: 580.173.2
2026-09-08 18:28:05.449899: I external/local_xla/xla/stream_executor/cuda/cuda_diagnostics.cc:169] kernel reported version is: NOT_FOUND: could not find kernel module information in driver version file contents: "NVRM version: NVIDIA UNIX Open Kernel Module for x86_64  580.173.02  Release Build  (dvs-builder@U22-I3-AK02-24-4)  Tue Jun 23 08:17:01 UTC 2026
GCC version:  gcc version 13.3.0 (Ubuntu 13.3.0-6ubuntu2~24.04.1) 
"
2026-09-08 18:28:05.466381: E external/local_xla/xla/stream_executor/cuda/cuda_driver.cc:282] failed call to cuInit: CUDA_ERROR_NO_DEVICE: no CUDA-capable device is detected
2026-09-08 18:28:05.466443: I external/local_xla/xla/stream_executor/cuda/cuda_diagnostics.cc:134] retrieving CUDA diagnostic information for host: beelab-files
2026-09-08 18:28:05.466452: I external/local_xla/xla/stream_executor/cuda/cuda_diagnostics.cc:141] hostname: beelab-files
2026-09-08 18:28:05.466603: I external/local_xla/xla/stream_executor/cuda/cuda_diagnostics.cc:165] libcuda reported version is: 580.173.2
2026-09-08 18:28:05.466648: I external/local_xla/xla/stream_executor/cuda/cuda_diagnostics.cc:169] kernel reported version is: NOT_FOUND: could not find kernel module information in driver version file contents: "NVRM version: NVIDIA UNIX Open Kernel Module for x86_64  580.173.02  Release Build  (dvs-builder@U22-I3-AK02-24-4)  Tue Jun 23 08:17:01 UTC 2026
GCC version:  gcc version 13.3.0 (Ubuntu 13.3.0-6ubuntu2~24.04.1) 
"
1.1s - extractor 0: [1] JamesU - MustardBumbler/1_29/240903_1319 — starting (embeddings)
1.1s - extractor 1: [1] Lily - Fit+Fast/2023_R3_Marysville/53/230808_1208 — starting (embeddings)
69.7s - extractor 1: [1] Lily - Fit+Fast/2023_R3_Marysville/53/230808_1208 — 40 cached label file(s) → embeddings (ident took 68.6s)
69.7s - extractor 1: [2] Lily Adam - One Hive/recorders/willard/2024-08-07/1_11/240807_1016 — starting (embeddings)
71.0s - extractor 0: [1] JamesU - MustardBumbler/1_29/240903_1319 — 55 cached label file(s) → embeddings (ident took 69.9s)
71.0s - extractor 0: [2] Lily Adam - One Hive/recorders/wooster/2024-07-26/1_143/240726_1446 — starting (embeddings)
112.6s - extractor 0: [2] Lily Adam - One Hive/recorders/wooster/2024-07-26/1_143/240726_1446 — 31 cached label file(s) → embeddings (ident took 41.6s)
112.6s - extractor 0: [3] Luke - Diel Drivers/2026-04-08/1_150/260408_1942 — starting (embeddings)
134.7s - extractor 1: [2] Lily Adam - One Hive/recorders/willard/2024-08-07/1_11/240807_1016 — 70 cached label file(s) → embeddings (ident took 65.0s)
134.7s - extractor 1: [3] Luke - Diel Drivers/2026-05-06/1_95/260506_1924 — starting (embeddings)
160.1s - extractor 0: [3] Luke - Diel Drivers/2026-04-08/1_150/260408_1942 — 63 cached label file(s) → embeddings (ident took 47.5s)
160.1s - extractor 0: [4] Luke - Various Opportunistic Recordings/2025-06-23/1_23/250623_0857 — starting (embeddings)
171.8s - extractor 0: [4] Luke - Various Opportunistic Recordings/2025-06-23/1_23/250623_0857 — 39 cached label file(s) → embeddings (ident took 11.6s)
171.8s - extractor 0: [5] Luke - Various Opportunistic Recordings/2025-07-03/1_37/250703_1635 — starting (embeddings)
213.1s - extractor 0: [5] Luke - Various Opportunistic Recordings/2025-07-03/1_37/250703_1635 — 22 cached label file(s) → embeddings (ident took 41.3s)
213.1s - extractor 0: [6] Luke - Various Opportunistic Recordings/2025-08-05/31/250805_1247 — starting (embeddings)
215.4s - extractor 1: [3] Luke - Diel Drivers/2026-05-06/1_95/260506_1924 — 140 cached label file(s) → embeddings (ident took 80.8s)
215.4s - extractor 1: [4] Luke - Various Opportunistic Recordings/2025-08-12/1_114/250812_1225 — starting (embeddings)
223.4s - extractor 0: [6] Luke - Various Opportunistic Recordings/2025-08-05/31/250805_1247 — 23 cached label file(s) → embeddings (ident took 10.3s)
223.4s - extractor 0: [7] Luke - Various Opportunistic Recordings/2025-08-27/48/250827_1828 — starting (embeddings)
238.9s - extractor 0: [7] Luke - Various Opportunistic Recordings/2025-08-27/48/250827_1828 — 25 cached label file(s) → embeddings (ident took 15.5s)
238.9s - extractor 0: [8] Luke - Various Opportunistic Recordings/2026-07-27/1_25/260727_1632 — starting (embeddings)
241.6s - extractor 0: [8] Luke - Various Opportunistic Recordings/2026-07-27/1_25/260727_1632 — 4 cached label file(s) → embeddings (ident took 2.7s)
241.6s - extractor 0: [9] Luke - Various Opportunistic Recordings/2026-07-27/1_99/260727_1633 — starting (embeddings)
256.1s - extractor 1: [4] Luke - Various Opportunistic Recordings/2025-08-12/1_114/250812_1225 — 68 cached label file(s) → embeddings (ident took 40.6s)
256.1s - extractor 1: [5] Chia - Bee Audio 2022 Original/7-13-22_SouthCharleston/1/220713_0941_01 — starting (embeddings)
257.3s - extractor 0: [9] Luke - Various Opportunistic Recordings/2026-07-27/1_99/260727_1633 — 25 cached label file(s) → embeddings (ident took 15.6s)
257.3s - extractor 0: [10] Chia - Bee Audio 2022 Original/7-13-22_SouthCharleston/1/220715_1123 — starting (embeddings)
262.4s - extractor 0: [10] Chia - Bee Audio 2022 Original/7-13-22_SouthCharleston/1/220715_1123 — 9 cached label file(s) → embeddings (ident took 5.2s)
262.4s - extractor 0: [11] Chia - Bee Audio 2022 Original/7-13-22_SouthCharleston/2/220713_0943 — starting (embeddings)
266.2s - extractor 0: [11] Chia - Bee Audio 2022 Original/7-13-22_SouthCharleston/2/220713_0943 — 9 cached label file(s) → embeddings (ident took 3.8s)
266.2s - extractor 0: [12] Chia - Bee Audio 2022 Original/7-13-22_SouthCharleston/2/220715_1125 — starting (embeddings)
268.3s - extractor 1: [5] Chia - Bee Audio 2022 Original/7-13-22_SouthCharleston/1/220713_0941_01 — 21 cached label file(s) → embeddings (ident took 12.2s)
268.3s - extractor 1: [6] Chia - Bee Audio 2022 Original/7-13-22_SouthCharleston/3/220713_0944 — starting (embeddings)
268.5s - extractor 0: [12] Chia - Bee Audio 2022 Original/7-13-22_SouthCharleston/2/220715_1125 — 7 cached label file(s) → embeddings (ident took 2.3s)
268.5s - extractor 0: [13] Chia - Bee Audio 2022 Original/7-13-22_SouthCharleston/3/220715_1127 — starting (embeddings)
271.1s - extractor 1: [6] Chia - Bee Audio 2022 Original/7-13-22_SouthCharleston/3/220713_0944 — 5 cached label file(s) → embeddings (ident took 2.8s)
271.1s - extractor 1: [7] Chia - Bee Audio 2022 Original/7-13-22_SouthCharleston/4/220713_0946 — starting (embeddings)
272.2s - extractor 0: [13] Chia - Bee Audio 2022 Original/7-13-22_SouthCharleston/3/220715_1127 — 10 cached label file(s) → embeddings (ident took 3.7s)
272.2s - extractor 0: [14] Chia - Bee Audio 2022 Original/7-13-22_SouthCharleston/4/220715_1128 — starting (embeddings)
275.7s - extractor 0: [14] Chia - Bee Audio 2022 Original/7-13-22_SouthCharleston/4/220715_1128 — 11 cached label file(s) → embeddings (ident took 3.5s)
275.7s - extractor 0: [15] Chia - Bee Audio 2022 Original/7-13-22_SouthCharleston/5/220713_0947 — starting (embeddings)
278.8s - extractor 0: [15] Chia - Bee Audio 2022 Original/7-13-22_SouthCharleston/5/220713_0947 — 8 cached label file(s) → embeddings (ident took 3.1s)
278.8s - extractor 0: [16] Chia - Bee Audio 2022 Original/7-13-22_SouthCharleston/5/220715_1130 — starting (embeddings)
280.7s - extractor 0: [16] Chia - Bee Audio 2022 Original/7-13-22_SouthCharleston/5/220715_1130 — 6 cached label file(s) → embeddings (ident took 1.9s)
280.7s - extractor 0: [17] Chia - Bee Audio 2022 Original/7-13-22_SouthCharleston/6/220713_0948 — starting (embeddings)
280.8s - extractor 1: [7] Chia - Bee Audio 2022 Original/7-13-22_SouthCharleston/4/220713_0946 — 19 cached label file(s) → embeddings (ident took 9.7s)
280.8s - extractor 1: [8] Chia - Bee Audio 2022 Original/7-13-22_SouthCharleston/6/220715_1131 — starting (embeddings)
284.8s - extractor 1: [8] Chia - Bee Audio 2022 Original/7-13-22_SouthCharleston/6/220715_1131 — 13 cached label file(s) → embeddings (ident took 4.0s)
284.8s - extractor 1: [9] Chia - Bee Audio 2022 Original/7-13-22_SouthCharleston/7/220713_0951 — starting (embeddings)
285.3s - extractor 0: [17] Chia - Bee Audio 2022 Original/7-13-22_SouthCharleston/6/220713_0948 — 11 cached label file(s) → embeddings (ident took 4.5s)
285.3s - extractor 0: [18] Chia - Bee Audio 2022 Original/7-13-22_SouthCharleston/7/220715_1134 — starting (embeddings)
287.0s - extractor 0: [18] Chia - Bee Audio 2022 Original/7-13-22_SouthCharleston/7/220715_1134 — 4 cached label file(s) → embeddings (ident took 1.8s)
287.0s - extractor 0: [19] Chia - Bee Audio 2022 Original/7-13-22_SouthCharleston/8/220713_0953 — starting (embeddings)
289.8s - extractor 0: [19] Chia - Bee Audio 2022 Original/7-13-22_SouthCharleston/8/220713_0953 — 7 cached label file(s) → embeddings (ident took 2.8s)
289.8s - extractor 0: [20] Chia - Bee Audio 2022 Original/7-13-22_SouthCharleston/8/220715_1135 — starting (embeddings)
291.3s - extractor 1: [9] Chia - Bee Audio 2022 Original/7-13-22_SouthCharleston/7/220713_0951 — 12 cached label file(s) → embeddings (ident took 6.5s)
291.3s - extractor 1: [10] Chia - OSPT/2022/2022-07-26/10/220726_1209 — starting (embeddings)
291.8s - extractor 0: [20] Chia - Bee Audio 2022 Original/7-13-22_SouthCharleston/8/220715_1135 — 8 cached label file(s) → embeddings (ident took 2.0s)
291.8s - extractor 0: [21] Chia - OSPT/2022/2022-07-26/14/220726_1202 — starting (embeddings)
294.1s - extractor 0: [21] Chia - OSPT/2022/2022-07-26/14/220726_1202 — 5 cached label file(s) → embeddings (ident took 2.3s)
294.1s - extractor 0: [22] Chia - OSPT/2022/2022-07-26/15/220728_1403 — starting (embeddings)
294.4s - extractor 1: [10] Chia - OSPT/2022/2022-07-26/10/220726_1209 — 8 cached label file(s) → embeddings (ident took 3.1s)
294.4s - extractor 1: [11] Chia - OSPT/2022/2022-07-26/17/220725_1311 — starting (embeddings)
296.5s - extractor 0: [22] Chia - OSPT/2022/2022-07-26/15/220728_1403 — 8 cached label file(s) → embeddings (ident took 2.4s)
296.5s - extractor 0: [23] Chia - OSPT/2022/2022-07-26/18/220725_1319 — starting (embeddings)
296.9s - extractor 1: [11] Chia - OSPT/2022/2022-07-26/17/220725_1311 — 8 cached label file(s) → embeddings (ident took 2.5s)
296.9s - extractor 1: [12] Chia - OSPT/2022/2022-07-26/18/220727_1501 — starting (embeddings)
297.9s - extractor 0: [23] Chia - OSPT/2022/2022-07-26/18/220725_1319 — 3 cached label file(s) → embeddings (ident took 1.4s)
297.9s - extractor 0: [24] Chia - OSPT/2022/2022-07-26/23/220727_1453 — starting (embeddings)
298.5s - extractor 1: [12] Chia - OSPT/2022/2022-07-26/18/220727_1501 — 4 cached label file(s) → embeddings (ident took 1.6s)
298.5s - extractor 1: [13] Chia - OSPT/2022/2022-07-26/25/220725_1324 — starting (embeddings)
300.5s - extractor 0: [24] Chia - OSPT/2022/2022-07-26/23/220727_1453 — 6 cached label file(s) → embeddings (ident took 2.7s)
300.5s - extractor 0: [25] Chia - OSPT/2022/2022-07-26/25/220727_1507 — starting (embeddings)
300.6s - extractor 1: [13] Chia - OSPT/2022/2022-07-26/25/220725_1324 — 3 cached label file(s) → embeddings (ident took 2.0s)
300.6s - extractor 1: [14] Chia - OSPT/2022/2022-07-26/29/220725_1321 — starting (embeddings)
303.4s - extractor 0: [25] Chia - OSPT/2022/2022-07-26/25/220727_1507 — 9 cached label file(s) → embeddings (ident took 2.8s)
303.4s - extractor 0: [26] Chia - OSPT/2022/2022-08-02/11/220802_1058 — starting (embeddings)
304.5s - extractor 1: [14] Chia - OSPT/2022/2022-07-26/29/220725_1321 — 4 cached label file(s) → embeddings (ident took 3.9s)
304.5s - extractor 1: [15] Chia - OSPT/2022/2022-08-02/13/220802_1108 — starting (embeddings)
306.8s - extractor 1: [15] Chia - OSPT/2022/2022-08-02/13/220802_1108 — 6 cached label file(s) → embeddings (ident took 2.3s)
306.8s - extractor 1: [16] Chia - OSPT/2022/2022-08-02/13/220806_1432 — starting (embeddings)
308.0s - extractor 1: [16] Chia - OSPT/2022/2022-08-02/13/220806_1432 — 3 cached label file(s) → embeddings (ident took 1.2s)
308.0s - extractor 1: [17] Chia - OSPT/2022/2022-08-02/20/220802_1056 — starting (embeddings)
309.0s - extractor 1: [17] Chia - OSPT/2022/2022-08-02/20/220802_1056 — 3 cached label file(s) → embeddings (ident took 1.0s)
309.0s - extractor 1: [18] Chia - OSPT/2022/2022-08-02/22/220804_1241 — starting (embeddings)
310.1s - extractor 0: [26] Chia - OSPT/2022/2022-08-02/11/220802_1058 — 21 cached label file(s) → embeddings (ident took 6.8s)
310.1s - extractor 0: [27] Chia - OSPT/2022/2022-08-02/23/220802_1047 — starting (embeddings)
311.3s - extractor 0: [27] Chia - OSPT/2022/2022-08-02/23/220802_1047 — 5 cached label file(s) → embeddings (ident took 1.1s)
311.3s - extractor 0: [28] Chia - OSPT/2022/2022-08-02/29/220802_1102 — starting (embeddings)
311.7s - extractor 1: [18] Chia - OSPT/2022/2022-08-02/22/220804_1241 — 5 cached label file(s) → embeddings (ident took 2.6s)
311.7s - extractor 1: [19] Chia - OSPT/2022/2022-08-02/29/220804_1244 — starting (embeddings)
312.4s - extractor 0: [28] Chia - OSPT/2022/2022-08-02/29/220802_1102 — 3 cached label file(s) → embeddings (ident took 1.1s)
312.4s - extractor 0: [29] Chia - OSPT/2022/2022-08-02/32/220804_1227 — starting (embeddings)
312.6s - extractor 1: [19] Chia - OSPT/2022/2022-08-02/29/220804_1244 — 3 cached label file(s) → embeddings (ident took 1.0s)
312.6s - extractor 1: [20] Chia_Lin - Soybean on-farm spray audios/2023-07-25 Combs Sabine-Bigelow/14/230725_1202 — starting (embeddings)
315.3s - extractor 0: [29] Chia - OSPT/2022/2022-08-02/32/220804_1227 — 9 cached label file(s) → embeddings (ident took 2.9s)
315.3s - extractor 0: [30] Chia_Lin - Soybean on-farm spray audios/2023-07-25 Combs Sabine-Bigelow/14/230727_1344 — starting (embeddings)
317.2s - extractor 0: [30] Chia_Lin - Soybean on-farm spray audios/2023-07-25 Combs Sabine-Bigelow/14/230727_1344 — 8 cached label file(s) → embeddings (ident took 1.9s)
317.2s - extractor 0: [31] Chia_Lin - Soybean on-farm spray audios/2023-07-25 Combs Sabine-Bigelow/14/230730_1621 — starting (embeddings)
320.7s - extractor 1: [20] Chia_Lin - Soybean on-farm spray audios/2023-07-25 Combs Sabine-Bigelow/14/230725_1202 — 28 cached label file(s) → embeddings (ident took 8.1s)
320.7s - extractor 1: [21] Chia_Lin - Soybean on-farm spray audios/2023-07-25 Combs Sabine-Bigelow/14/230801_1803 — starting (embeddings)
323.1s - extractor 0: [31] Chia_Lin - Soybean on-farm spray audios/2023-07-25 Combs Sabine-Bigelow/14/230730_1621 — 14 cached label file(s) → embeddings (ident took 6.0s)
323.1s - extractor 0: [32] Chia_Lin - Soybean on-farm spray audios/2023-07-25 Combs Sabine-Bigelow/23/230725_1159 — starting (embeddings)
324.6s - extractor 1: [21] Chia_Lin - Soybean on-farm spray audios/2023-07-25 Combs Sabine-Bigelow/14/230801_1803 — 7 cached label file(s) → embeddings (ident took 3.9s)
324.6s - extractor 1: [22] Chia_Lin - Soybean on-farm spray audios/2023-07-25 Combs Sabine-Bigelow/23/230727_1341 — starting (embeddings)
327.7s - extractor 0: [32] Chia_Lin - Soybean on-farm spray audios/2023-07-25 Combs Sabine-Bigelow/23/230725_1159 — 19 cached label file(s) → embeddings (ident took 4.5s)
327.7s - extractor 0: [33] Chia_Lin - Soybean on-farm spray audios/2023-07-25 Combs Sabine-Bigelow/23/230730_1624 — starting (embeddings)
330.1s - extractor 1: [22] Chia_Lin - Soybean on-farm spray audios/2023-07-25 Combs Sabine-Bigelow/23/230727_1341 — 16 cached label file(s) → embeddings (ident took 5.5s)
330.1s - extractor 1: [23] Chia_Lin - Soybean on-farm spray audios/2023-07-25 Combs Sabine-Bigelow/23/230801_1806 — starting (embeddings)
331.2s - extractor 1: [23] Chia_Lin - Soybean on-farm spray audios/2023-07-25 Combs Sabine-Bigelow/23/230801_1806 — 3 cached label file(s) → embeddings (ident took 1.0s)
331.2s - extractor 1: [24] Chia_Lin - Soybean on-farm spray audios/2023-07-30 FSR/29/230730_1704 — starting (embeddings)
331.7s - extractor 0: [33] Chia_Lin - Soybean on-farm spray audios/2023-07-25 Combs Sabine-Bigelow/23/230730_1624 — 8 cached label file(s) → embeddings (ident took 4.1s)
331.7s - extractor 0: [34] Chia_Lin - Soybean on-farm spray audios/2023-07-30 FSR/29/230801_1846 — starting (embeddings)
336.6s - extractor 0: [34] Chia_Lin - Soybean on-farm spray audios/2023-07-30 FSR/29/230801_1846 — 10 cached label file(s) → embeddings (ident took 4.8s)
336.6s - extractor 0: [35] Chia_Lin - Soybean on-farm spray audios/2023-07-30 FSR/3/230730_1704 — starting (embeddings)
337.6s - extractor 1: [24] Chia_Lin - Soybean on-farm spray audios/2023-07-30 FSR/29/230730_1704 — 9 cached label file(s) → embeddings (ident took 6.4s)
337.6s - extractor 1: [25] Chia_Lin - Soybean on-farm spray audios/2023-07-30 FSR/3/230801_1847 — starting (embeddings)
339.6s - extractor 1: [25] Chia_Lin - Soybean on-farm spray audios/2023-07-30 FSR/3/230801_1847 — 5 cached label file(s) → embeddings (ident took 2.0s)
339.6s - extractor 1: [26] Karlan Forrester - Soybean Attractiveness/A11/4/210721_0949 — starting (embeddings)
342.9s - extractor 1: [26] Karlan Forrester - Soybean Attractiveness/A11/4/210721_0949 — 7 cached label file(s) → embeddings (ident took 3.4s)
342.9s - extractor 1: [27] Karlan Forrester - Soybean Attractiveness/A11/4/210723_1131 — starting (embeddings)
343.1s - extractor 0: [35] Chia_Lin - Soybean on-farm spray audios/2023-07-30 FSR/3/230730_1704 — 8 cached label file(s) → embeddings (ident took 6.6s)
343.1s - extractor 0: [36] Karlan Forrester - Soybean Attractiveness/A11/4/210726_1007 — starting (embeddings)
347.1s - extractor 0: [36] Karlan Forrester - Soybean Attractiveness/A11/4/210726_1007 — 11 cached label file(s) → embeddings (ident took 4.0s)
347.1s - extractor 0: [37] Karlan Forrester - Soybean Attractiveness/A11/4/210728_1150 — starting (embeddings)
347.6s - extractor 1: [27] Karlan Forrester - Soybean Attractiveness/A11/4/210723_1131 — 14 cached label file(s) → embeddings (ident took 4.6s)
347.6s - extractor 1: [28] Karlan Forrester - Soybean Attractiveness/A11/4/210805_0819 — starting (embeddings)
347.9s - extractor 0: [37] Karlan Forrester - Soybean Attractiveness/A11/4/210728_1150 — 4 cached label file(s) → embeddings (ident took 0.7s)
347.9s - extractor 0: [38] Karlan Forrester - Soybean Attractiveness/A11/4/210807_1001 — starting (embeddings)
348.9s - extractor 0: [38] Karlan Forrester - Soybean Attractiveness/A11/4/210807_1001 — 4 cached label file(s) → embeddings (ident took 1.1s)
348.9s - extractor 0: [39] Karlan Forrester - Soybean Attractiveness/C9-16/4/210721_0910 — starting (embeddings)
358.0s - extractor 1: [28] Karlan Forrester - Soybean Attractiveness/A11/4/210805_0819 — 20 cached label file(s) → embeddings (ident took 10.4s)
358.0s - extractor 1: [29] Karlan Forrester - Soybean Attractiveness/C9-16/4/210723_1052 — starting (embeddings)
365.7s - extractor 1: [29] Karlan Forrester - Soybean Attractiveness/C9-16/4/210723_1052 — 13 cached label file(s) → embeddings (ident took 7.7s)
365.7s - extractor 1: [30] Karlan Forrester - Soybean Attractiveness/C9-16/4/210726_0933 — starting (embeddings)
370.5s - extractor 0: [39] Karlan Forrester - Soybean Attractiveness/C9-16/4/210721_0910 — 12 cached label file(s) → embeddings (ident took 21.6s)
370.5s - extractor 0: [40] Karlan Forrester - Soybean Attractiveness/C9-16/4/210728_1115 — starting (embeddings)
371.4s - extractor 0: [40] Karlan Forrester - Soybean Attractiveness/C9-16/4/210728_1115 — 5 cached label file(s) → embeddings (ident took 0.8s)
371.4s - extractor 0: [41] Karlan Forrester - Soybean Attractiveness/C9-16/4/210805_0743 — starting (embeddings)
377.6s - extractor 1: [30] Karlan Forrester - Soybean Attractiveness/C9-16/4/210726_0933 — 30 cached label file(s) → embeddings (ident took 11.9s)
377.6s - extractor 1: [31] Karlan Forrester - Soybean Attractiveness/C9-16/4/210807_0925 — starting (embeddings)
378.6s - extractor 1: [31] Karlan Forrester - Soybean Attractiveness/C9-16/4/210807_0925 — 5 cached label file(s) → embeddings (ident took 1.0s)
378.6s - extractor 1: [32] Karlan Forrester - Soybean Attractiveness/EBN/4/210721_0930 — starting (embeddings)
380.3s - extractor 0: [41] Karlan Forrester - Soybean Attractiveness/C9-16/4/210805_0743 — 24 cached label file(s) → embeddings (ident took 8.9s)
380.3s - extractor 0: [42] Karlan Forrester - Soybean Attractiveness/EBN/4/210723_1112 — starting (embeddings)
385.4s - extractor 1: [32] Karlan Forrester - Soybean Attractiveness/EBN/4/210721_0930 — 18 cached label file(s) → embeddings (ident took 6.8s)
385.4s - extractor 1: [33] Karlan Forrester - Soybean Attractiveness/EBN/4/210726_0950 — starting (embeddings)
385.8s - extractor 0: [42] Karlan Forrester - Soybean Attractiveness/EBN/4/210723_1112 — 12 cached label file(s) → embeddings (ident took 5.5s)
385.8s - extractor 0: [43] Karlan Forrester - Soybean Attractiveness/EBN/4/210728_1132 — starting (embeddings)
388.2s - extractor 0: [43] Karlan Forrester - Soybean Attractiveness/EBN/4/210728_1132 — 7 cached label file(s) → embeddings (ident took 2.4s)
388.2s - extractor 0: [44] Karlan Forrester - Soybean Attractiveness/EBN/4/210805_0800 — starting (embeddings)
392.2s - extractor 1: [33] Karlan Forrester - Soybean Attractiveness/EBN/4/210726_0950 — 18 cached label file(s) → embeddings (ident took 6.8s)
392.2s - extractor 1: [34] Karlan Forrester - Soybean Attractiveness/L6-8/4/210721_0855 — starting (embeddings)
395.6s - extractor 1: [34] Karlan Forrester - Soybean Attractiveness/L6-8/4/210721_0855 — 8 cached label file(s) → embeddings (ident took 3.4s)
395.6s - extractor 1: [35] Karlan Forrester - Soybean Attractiveness/L6-8/4/210723_1038 — starting (embeddings)
398.3s - extractor 1: [35] Karlan Forrester - Soybean Attractiveness/L6-8/4/210723_1038 — 6 cached label file(s) → embeddings (ident took 2.7s)
398.3s - extractor 1: [36] Karlan Forrester - Soybean Attractiveness/L6-8/4/210726_0918 — starting (embeddings)
400.9s - extractor 0: [44] Karlan Forrester - Soybean Attractiveness/EBN/4/210805_0800 — 32 cached label file(s) → embeddings (ident took 12.7s)
400.9s - extractor 0: [45] Karlan Forrester - Soybean Attractiveness/L6-8/4/210728_1100 — starting (embeddings)
402.8s - extractor 0: [45] Karlan Forrester - Soybean Attractiveness/L6-8/4/210728_1100 — 5 cached label file(s) → embeddings (ident took 1.9s)
402.8s - extractor 0: [46] Karlan Forrester - Soybean Attractiveness/L6-8/4/210805_0726 — starting (embeddings)
402.8s - extractor 1: [36] Karlan Forrester - Soybean Attractiveness/L6-8/4/210726_0918 — 7 cached label file(s) → embeddings (ident took 4.4s)
402.8s - extractor 1: [37] Karlan Forrester - Soybean Attractiveness/L6-8/4/210807_0908 — starting (embeddings)
403.4s - extractor 1: [37] Karlan Forrester - Soybean Attractiveness/L6-8/4/210807_0908 — 4 cached label file(s) → embeddings (ident took 0.6s)
403.4s - extractor 1: terminating
405.8s - extractor 0: [46] Karlan Forrester - Soybean Attractiveness/L6-8/4/210805_0726 — 10 cached label file(s) → embeddings (ident took 3.0s)
405.8s - extractor 0: terminating
406.4s - all extractions complete
:)
:D
:O
