== 10:21:54 L1_sens : --monitor val_sens
== 10:35:35 L1_sens done rc=0
Luke - Diel Drivers/2026-05-06/1_95,0.005,-1.076,0.032,0.282,433,35,7572,32
total,0.005,-1.663,0.241,0.645,4059,151,34606,48
== 10:35:35 L2_mindelta0 : --min-delta 0
== 10:56:02 L2_mindelta0 done rc=0
Luke - Diel Drivers/2026-05-06/1_95,0.005,0.002,0.032,0.282,433,35,7572,364
total,0.005,-1.327,0.217,0.577,4059,151,34606,364
== 10:56:02 L3_batch4096 : --batch-size 4096
== 11:01:34 L3_batch4096 done rc=0
Luke - Diel Drivers/2026-05-06/1_95,0.005,0.101,0.032,0.282,433,35,7572,78
total,0.005,-1.23,0.221,0.584,4059,151,34606,63
== 11:01:34 L5_drop0 : --dropout 0
== 11:06:18 L5_drop0 done rc=0
Luke - Diel Drivers/2026-05-06/1_95,0.005,-0.15,0.028,0.252,433,35,7572,127
total,0.005,-1.38,0.212,0.573,4059,151,34606,125
== 11:06:18 L5_drop01 : --dropout 0.1
== 11:15:40 L5_drop01 done rc=0
Luke - Diel Drivers/2026-05-06/1_95,0.005,-0.438,0.035,0.296,433,35,7572,123
total,0.005,-1.468,0.219,0.585,4059,151,34606,123
== 11:15:40 L6_ls0 : --label-smoothing 0
== 11:24:19 L6_ls0 done rc=0
Luke - Diel Drivers/2026-05-06/1_95,0.005,-0.687,0.0,0.0,433,35,7572,7
total,0.005,-1.817,0.221,0.556,4059,151,34606,36
== 11:24:19 L6_ls005 : --label-smoothing 0.05
== 11:34:20 L6_ls005 done rc=0
Luke - Diel Drivers/2026-05-06/1_95,0.005,0.179,0.032,0.282,433,35,7572,159
total,0.005,-1.635,0.233,0.605,4059,151,34606,113
== 11:34:20 L7_wd1e4 : --weight-decay 0.0001
== 11:43:42 L7_wd1e4 done rc=0
Luke - Diel Drivers/2026-05-06/1_95,0.005,-0.508,0.03,0.267,433,35,7572,120
total,0.005,-1.46,0.213,0.569,4059,151,34606,120
== GRID COMPLETE Wed Sep  9 11:43:42 AM EDT 2026
