2026-09-09 11:06:18.864437: E external/local_xla/xla/stream_executor/cuda/cuda_fft.cc:479] Unable to register cuFFT factory: Attempting to register factory for plugin cuFFT when one has already been registered
2026-09-09 11:06:18.889185: E external/local_xla/xla/stream_executor/cuda/cuda_dnn.cc:10575] Unable to register cuDNN factory: Attempting to register factory for plugin cuDNN when one has already been registered
2026-09-09 11:06:18.889243: E external/local_xla/xla/stream_executor/cuda/cuda_blas.cc:1442] Unable to register cuBLAS factory: Attempting to register factory for plugin cuBLAS when one has already been registered
2026-09-09 11:06:19.761465: W tensorflow/compiler/tf2tensorrt/utils/py_utils.cc:38] TF-TRT Warning: Could not find TensorRT
2026-09-09 11:06:21.983671: I external/local_xla/xla/stream_executor/cuda/cuda_executor.cc:998] successful NUMA node read from SysFS had negative value (-1), but there must be at least one NUMA node, so returning NUMA node zero. See more at https://github.com/torvalds/linux/blob/v6.0/Documentation/ABI/testing/sysfs-bus-pci#L344-L355
2026-09-09 11:06:22.024554: I external/local_xla/xla/stream_executor/cuda/cuda_executor.cc:998] successful NUMA node read from SysFS had negative value (-1), but there must be at least one NUMA node, so returning NUMA node zero. See more at https://github.com/torvalds/linux/blob/v6.0/Documentation/ABI/testing/sysfs-bus-pci#L344-L355
2026-09-09 11:06:22.026863: I external/local_xla/xla/stream_executor/cuda/cuda_executor.cc:998] successful NUMA node read from SysFS had negative value (-1), but there must be at least one NUMA node, so returning NUMA node zero. See more at https://github.com/torvalds/linux/blob/v6.0/Documentation/ABI/testing/sysfs-bus-pci#L344-L355
/home/luke/projects/buzzdetect-training/.local/worktrees/probe-grid/03_train/dataset.py:237: UserWarning: /home/luke/projects/buzzdetect-training/.local/worktrees/probe-grid/02_set/sets/medium/embeddings/yamnet/raw holds embeddings for fold(s) ['Luke - External Data Sources'] that are absent from /home/luke/projects/buzzdetect-training/.local/worktrees/probe-grid/02_set/sets/medium/folds.csv; ignoring them. Likely leftovers from an earlier build of this set.
  warnings.warn(
[L5_drop01] set medium, embedder yamnet, translation general: 5 rotating fold(s), 39 train-only, 0 holdout
WARNING: All log messages before absl::InitializeLog() is called are written to STDERR
I0000 00:00:1788966391.657623 2182469 service.cc:145] XLA service 0x732270008cf0 initialized for platform Host (this does not guarantee that XLA will be used). Devices:
I0000 00:00:1788966391.657686 2182469 service.cc:153]   StreamExecutor device (0): Host, Default Version
2026-09-09 11:06:31.703457: I tensorflow/compiler/mlir/tensorflow/utils/dump_mlir_util.cc:268] disabling MLIR crash reproducer, set env var `MLIR_CRASH_REPRODUCER_DIRECTORY` to enable.
I0000 00:00:1788966392.375419 2182469 device_compiler.h:188] Compiled cluster using XLA!  This line is logged at most once for the lifetime of the process.
[1/5] JamesU - MustardBumbler/1_29: 173 epochs (best 162), val_loss 0.9338, 74440/7617 frames train/val, sens@fpr0.5%=0.461
[2/5] Lily - Fit+Fast/2023_R3_Marysville/53: 147 epochs (best 143), val_loss 0.9297, 74517/7540 frames train/val, sens@fpr0.5%=0.404
[3/5] Lily Adam - One Hive/recorders/willard/2024-08-07/1_11: 92 epochs (best 47), val_loss 0.7293, 75127/6930 frames train/val, sens@fpr0.5%=0.174
[4/5] Luke - Diel Drivers/2026-04-08/1_150: 68 epochs (best 20), val_loss 0.9043, 77110/4947 frames train/val, sens@fpr0.5%=0.021
[5/5] Luke - Diel Drivers/2026-05-06/1_95: 127 epochs (best 123), val_loss 1.0508, 74485/7572 frames train/val, sens@fpr0.5%=0.035

[L5_drop01] sens@fpr0.5% per deployment: 0.219
  mean over 5/5 held-out fold(s), each tuned to 0.5% FPR on its own audio (~32 negative frames set each threshold)
  threshold: mean -1.468 — what each fold's own audio set, not one number to ship
    JamesU - MustardBumbler/1_29: threshold -1.594, sensitivity 0.461 (~27 negative frames)
    Lily - Fit+Fast/2023_R3_Marysville/53: threshold -1.836, sensitivity 0.404 (~32 negative frames)
    Lily Adam - One Hive/recorders/willard/2024-08-07/1_11: threshold -1.605, sensitivity 0.174 (~33 negative frames)
    Luke - Diel Drivers/2026-04-08/1_150: threshold -1.865, sensitivity 0.021 (~24 negative frames)
    Luke - Diel Drivers/2026-05-06/1_95: threshold -0.438, sensitivity 0.035 (~35 negative frames)
  an oracle: each threshold is placed using that fold's labels, so read this as the ceiling on operator tuning
  per-fold spread understates uncertainty about a new deployment (training pools overlap heavily)

[L5_drop01] rotations done; shipped model not trained (default). Pass --train-shipped, or run --skip-cv later with this --name.
