09-16 13:04:25 2026-09-16 13:04:25.975498: E external/local_xla/xla/stream_executor/cuda/cuda_fft.cc:479] Unable to register cuFFT factory: Attempting to register factory for plugin cuFFT when one has already been registered
09-16 13:04:25 2026-09-16 13:04:26.000040: E external/local_xla/xla/stream_executor/cuda/cuda_dnn.cc:10575] Unable to register cuDNN factory: Attempting to register factory for plugin cuDNN when one has already been registered
09-16 13:04:25 2026-09-16 13:04:26.000093: E external/local_xla/xla/stream_executor/cuda/cuda_blas.cc:1442] Unable to register cuBLAS factory: Attempting to register factory for plugin cuBLAS when one has already been registered
09-16 13:04:26 2026-09-16 13:04:26.909525: W tensorflow/compiler/tf2tensorrt/utils/py_utils.cc:38] TF-TRT Warning: Could not find TensorRT
09-16 13:04:29 0.0s - [lite/yamnet_aves_mid_avesshift] existing config: overlap_event_prop=0.2, framehop_prop=1
09-16 13:04:29 0.0s -   loaded from /home/luke/projects/buzzdetect-training/.local/worktrees/avesshift/02_set/sets/lite/config_extract.json
09-16 13:04:29 0.0s - extract_snips: [1/10] JamesU - MustardBumbler/1_29/240903_1319 — unchanged (0 written, 0 deleted)
09-16 13:04:29 0.0s - extract_snips: [2/10] Lily - Fit+Fast/2023_R3_Marysville/53/230808_1208 — unchanged (0 written, 0 deleted)
09-16 13:04:29 0.0s - extract_snips: [3/10] Lily Adam - One Hive/recorders/willard/2024-08-07/1_11/240807_1016 — unchanged (0 written, 0 deleted)
09-16 13:04:29 0.0s - extract_snips: [4/10] Luke - Diel Drivers/2026-04-08/1_150/260408_1942 — unchanged (0 written, 0 deleted)
09-16 13:04:29 0.0s - extract_snips: [5/10] Luke - Diel Drivers/2026-05-06/1_95/260506_1924 — unchanged (0 written, 0 deleted)
09-16 13:04:29 0.0s - extract_snips: [6/10] Luke - Various Opportunistic Recordings/2025-06-23/1_23/250623_0857 — unchanged (0 written, 0 deleted)
09-16 13:04:29 0.0s - extract_snips: [7/10] Luke - Various Opportunistic Recordings/2025-07-03/1_37/250703_1635 — unchanged (0 written, 0 deleted)
09-16 13:04:29 0.0s - extract_snips: [8/10] Luke - Various Opportunistic Recordings/2025-08-05/31/250805_1247 — unchanged (0 written, 0 deleted)
09-16 13:04:29 0.0s - extract_snips: [9/10] Luke - Various Opportunistic Recordings/2025-08-12/1_114/250812_1225 — unchanged (0 written, 0 deleted)
09-16 13:04:29 0.0s - extract_snips: [10/10] Luke - Various Opportunistic Recordings/2025-08-27/48/250827_1828 — unchanged (0 written, 0 deleted)
09-16 13:04:29 0.0s - extract_snips: 10 ident(s): 0 updated (0 snip(s) written, 0 superseded), 10 unchanged
09-16 13:04:29 0.1s - [lite/yamnet_aves_mid_avesshift] 10 ident(s): 10 to extract (10 new, 0 superseded by new annotations), 0 already current
09-16 13:04:29 0.1s -   1 worker(s); folds: 10
09-16 13:04:29 2026-09-16 13:04:29.517598: I external/local_xla/xla/stream_executor/cuda/cuda_executor.cc:998] successful NUMA node read from SysFS had negative value (-1), but there must be at least one NUMA node, so returning NUMA node zero. See more at https://github.com/torvalds/linux/blob/v6.0/Documentation/ABI/testing/sysfs-bus-pci#L344-L355
09-16 13:04:29 2026-09-16 13:04:29.565671: I external/local_xla/xla/stream_executor/cuda/cuda_executor.cc:998] successful NUMA node read from SysFS had negative value (-1), but there must be at least one NUMA node, so returning NUMA node zero. See more at https://github.com/torvalds/linux/blob/v6.0/Documentation/ABI/testing/sysfs-bus-pci#L344-L355
09-16 13:04:29 2026-09-16 13:04:29.568023: I external/local_xla/xla/stream_executor/cuda/cuda_executor.cc:998] successful NUMA node read from SysFS had negative value (-1), but there must be at least one NUMA node, so returning NUMA node zero. See more at https://github.com/torvalds/linux/blob/v6.0/Documentation/ABI/testing/sysfs-bus-pci#L344-L355
09-16 13:04:29 2026-09-16 13:04:29.584553: I external/local_xla/xla/stream_executor/cuda/cuda_executor.cc:998] successful NUMA node read from SysFS had negative value (-1), but there must be at least one NUMA node, so returning NUMA node zero. See more at https://github.com/torvalds/linux/blob/v6.0/Documentation/ABI/testing/sysfs-bus-pci#L344-L355
09-16 13:04:29 2026-09-16 13:04:29.586927: I external/local_xla/xla/stream_executor/cuda/cuda_executor.cc:998] successful NUMA node read from SysFS had negative value (-1), but there must be at least one NUMA node, so returning NUMA node zero. See more at https://github.com/torvalds/linux/blob/v6.0/Documentation/ABI/testing/sysfs-bus-pci#L344-L355
09-16 13:04:29 2026-09-16 13:04:29.589418: I external/local_xla/xla/stream_executor/cuda/cuda_executor.cc:998] successful NUMA node read from SysFS had negative value (-1), but there must be at least one NUMA node, so returning NUMA node zero. See more at https://github.com/torvalds/linux/blob/v6.0/Documentation/ABI/testing/sysfs-bus-pci#L344-L355
09-16 13:04:29 2026-09-16 13:04:29.761095: I external/local_xla/xla/stream_executor/cuda/cuda_executor.cc:998] successful NUMA node read from SysFS had negative value (-1), but there must be at least one NUMA node, so returning NUMA node zero. See more at https://github.com/torvalds/linux/blob/v6.0/Documentation/ABI/testing/sysfs-bus-pci#L344-L355
09-16 13:04:29 2026-09-16 13:04:29.762180: I external/local_xla/xla/stream_executor/cuda/cuda_executor.cc:998] successful NUMA node read from SysFS had negative value (-1), but there must be at least one NUMA node, so returning NUMA node zero. See more at https://github.com/torvalds/linux/blob/v6.0/Documentation/ABI/testing/sysfs-bus-pci#L344-L355
09-16 13:04:29 2026-09-16 13:04:29.763191: I external/local_xla/xla/stream_executor/cuda/cuda_executor.cc:998] successful NUMA node read from SysFS had negative value (-1), but there must be at least one NUMA node, so returning NUMA node zero. See more at https://github.com/torvalds/linux/blob/v6.0/Documentation/ABI/testing/sysfs-bus-pci#L344-L355
09-16 13:04:29 2026-09-16 13:04:29.764148: I tensorflow/core/common_runtime/gpu/gpu_device.cc:1928] Created device /job:localhost/replica:0/task:0/device:GPU:0 with 2314 MB memory:  -> device: 0, name: NVIDIA GeForce GTX 1650, pci bus id: 0000:01:00.0, compute capability: 7.5
09-16 13:04:36 2026-09-16 13:04:36.342512: I external/local_xla/xla/stream_executor/cuda/cuda_dnn.cc:465] Loaded cuDNN version 8907
09-16 13:04:37 [W916 13:04:37.785912049 NNPACK.cpp:56] Could not initialize NNPACK! Reason: Unsupported hardware.
09-16 13:04:37 [W916 13:04:37.817467034 NNPACK.cpp:56] Could not initialize NNPACK! Reason: Unsupported hardware.
09-16 13:04:37 [W916 13:04:37.817808953 NNPACK.cpp:56] Could not initialize NNPACK! Reason: Unsupported hardware.
09-16 13:04:37 [W916 13:04:37.818037693 NNPACK.cpp:56] Could not initialize NNPACK! Reason: Unsupported hardware.
09-16 13:04:37 [W916 13:04:37.828230949 NNPACK.cpp:56] Could not initialize NNPACK! Reason: Unsupported hardware.
09-16 13:04:37 [W916 13:04:37.828499456 NNPACK.cpp:56] Could not initialize NNPACK! Reason: Unsupported hardware.
09-16 13:04:37 [W916 13:04:37.828731643 NNPACK.cpp:56] Could not initialize NNPACK! Reason: Unsupported hardware.
09-16 13:04:37 [W916 13:04:37.839096482 NNPACK.cpp:56] Could not initialize NNPACK! Reason: Unsupported hardware.
09-16 13:04:37 8.5s - extractor 0: [1] JamesU - MustardBumbler/1_29/240903_1319 — starting (embeddings)
09-16 13:04:37 8.5s - extractor 0: JamesU - MustardBumbler/1_29/240903_1319 snip [1/22] snip_103230.000_103590.004.flac
09-16 13:04:38 [W916 13:04:38.676534588 NNPACK.cpp:56] Could not initialize NNPACK! Reason: Unsupported hardware.
09-16 13:04:38 [W916 13:04:38.678869125 CUDACachingAllocator.cpp:3933] memory allocation failed with OOM on device 0 while trying to allocate 419430400 bytes (free: 143589376, total: 3893690368).
09-16 13:04:38 [W916 13:04:38.692139240 CUDACachingAllocator.cpp:3933] memory allocation failed with OOM on device 0 while trying to allocate 419430400 bytes (free: 193921024, total: 3893690368).
09-16 13:04:38 /home/luke/projects/buzzdetect-training/.local/worktrees/avesshift/02_set/extract.py:1068: UserWarning: extractor 0: error on JamesU - MustardBumbler/1_29/240903_1319: CUDA out of memory. Tried to allocate 400.00 MiB. GPU 0 has a total capacity of 3.63 GiB of which 184.94 MiB is free. Process 112403 has 58.00 MiB memory in use. Including non-PyTorch memory, this process has 3.16 GiB memory in use. Of the allocated memory 772.62 MiB is allocated by PyTorch, and 47.38 MiB is reserved by PyTorch but unallocated. If reserved but unallocated memory is large try setting PYTORCH_CUDA_ALLOC_CONF=expandable_segments:True to avoid fragmentation.  See documentation for Memory Management  (https://docs.pytorch.org/docs/stable/notes/cuda.html#optimizing-memory-usage-with-pytorch-cuda-alloc-conf)
09-16 13:04:38   warnings.warn(f'extractor {self.name}: error on {ident}: {e}')
09-16 13:04:38 9.3s - extractor 0: [1] Lily - Fit+Fast/2023_R3_Marysville/53/230808_1208 — starting (embeddings)
09-16 13:04:38 9.3s - extractor 0: Lily - Fit+Fast/2023_R3_Marysville/53/230808_1208 snip [1/15] snip_100290.000_100650.000.flac
09-16 13:04:39 [W916 13:04:39.367392953 NNPACK.cpp:56] Could not initialize NNPACK! Reason: Unsupported hardware.
09-16 13:04:39 [W916 13:04:39.370876291 CUDACachingAllocator.cpp:3933] memory allocation failed with OOM on device 0 while trying to allocate 419430400 bytes (free: 193921024, total: 3893690368).
09-16 13:04:39 [W916 13:04:39.371102038 CUDACachingAllocator.cpp:3933] memory allocation failed with OOM on device 0 while trying to allocate 419430400 bytes (free: 193921024, total: 3893690368).
09-16 13:04:39 /home/luke/projects/buzzdetect-training/.local/worktrees/avesshift/02_set/extract.py:1068: UserWarning: extractor 0: error on Lily - Fit+Fast/2023_R3_Marysville/53/230808_1208: CUDA out of memory. Tried to allocate 400.00 MiB. GPU 0 has a total capacity of 3.63 GiB of which 184.94 MiB is free. Process 112403 has 58.00 MiB memory in use. Including non-PyTorch memory, this process has 3.16 GiB memory in use. Of the allocated memory 772.62 MiB is allocated by PyTorch, and 47.38 MiB is reserved by PyTorch but unallocated. If reserved but unallocated memory is large try setting PYTORCH_CUDA_ALLOC_CONF=expandable_segments:True to avoid fragmentation.  See documentation for Memory Management  (https://docs.pytorch.org/docs/stable/notes/cuda.html#optimizing-memory-usage-with-pytorch-cuda-alloc-conf)
09-16 13:04:39   warnings.warn(f'extractor {self.name}: error on {ident}: {e}')
09-16 13:04:39 10.0s - extractor 0: [1] Lily Adam - One Hive/recorders/willard/2024-08-07/1_11/240807_1016 — starting (embeddings)
09-16 13:04:39 10.0s - extractor 0: Lily Adam - One Hive/recorders/willard/2024-08-07/1_11/240807_1016 snip [1/15] snip_103410.000_103770.000.flac
09-16 13:04:40 [W916 13:04:40.990978351 NNPACK.cpp:56] Could not initialize NNPACK! Reason: Unsupported hardware.
09-16 13:04:40 [W916 13:04:40.993304344 CUDACachingAllocator.cpp:3933] memory allocation failed with OOM on device 0 while trying to allocate 419430400 bytes (free: 193921024, total: 3893690368).
09-16 13:04:40 [W916 13:04:40.993429096 CUDACachingAllocator.cpp:3933] memory allocation failed with OOM on device 0 while trying to allocate 419430400 bytes (free: 193921024, total: 3893690368).
09-16 13:04:40 /home/luke/projects/buzzdetect-training/.local/worktrees/avesshift/02_set/extract.py:1068: UserWarning: extractor 0: error on Lily Adam - One Hive/recorders/willard/2024-08-07/1_11/240807_1016: CUDA out of memory. Tried to allocate 400.00 MiB. GPU 0 has a total capacity of 3.63 GiB of which 184.94 MiB is free. Process 112403 has 58.00 MiB memory in use. Including non-PyTorch memory, this process has 3.16 GiB memory in use. Of the allocated memory 772.62 MiB is allocated by PyTorch, and 47.38 MiB is reserved by PyTorch but unallocated. If reserved but unallocated memory is large try setting PYTORCH_CUDA_ALLOC_CONF=expandable_segments:True to avoid fragmentation.  See documentation for Memory Management  (https://docs.pytorch.org/docs/stable/notes/cuda.html#optimizing-memory-usage-with-pytorch-cuda-alloc-conf)
09-16 13:04:40   warnings.warn(f'extractor {self.name}: error on {ident}: {e}')
09-16 13:04:40 10.6s - extractor 0: [1] Luke - Diel Drivers/2026-04-08/1_150/260408_1942 — starting (embeddings)
09-16 13:04:40 10.6s - extractor 0: Luke - Diel Drivers/2026-04-08/1_150/260408_1942 snip [1/16] snip_15450.000_15810.000.flac
09-16 13:04:40 [W916 13:04:40.617184469 NNPACK.cpp:56] Could not initialize NNPACK! Reason: Unsupported hardware.
09-16 13:04:40 [W916 13:04:40.619603841 CUDACachingAllocator.cpp:3933] memory allocation failed with OOM on device 0 while trying to allocate 419430400 bytes (free: 193921024, total: 3893690368).
09-16 13:04:40 [W916 13:04:40.619713938 CUDACachingAllocator.cpp:3933] memory allocation failed with OOM on device 0 while trying to allocate 419430400 bytes (free: 193921024, total: 3893690368).
09-16 13:04:40 /home/luke/projects/buzzdetect-training/.local/worktrees/avesshift/02_set/extract.py:1068: UserWarning: extractor 0: error on Luke - Diel Drivers/2026-04-08/1_150/260408_1942: CUDA out of memory. Tried to allocate 400.00 MiB. GPU 0 has a total capacity of 3.63 GiB of which 184.94 MiB is free. Process 112403 has 58.00 MiB memory in use. Including non-PyTorch memory, this process has 3.16 GiB memory in use. Of the allocated memory 772.62 MiB is allocated by PyTorch, and 47.38 MiB is reserved by PyTorch but unallocated. If reserved but unallocated memory is large try setting PYTORCH_CUDA_ALLOC_CONF=expandable_segments:True to avoid fragmentation.  See documentation for Memory Management  (https://docs.pytorch.org/docs/stable/notes/cuda.html#optimizing-memory-usage-with-pytorch-cuda-alloc-conf)
09-16 13:04:40   warnings.warn(f'extractor {self.name}: error on {ident}: {e}')
09-16 13:04:40 11.2s - extractor 0: [1] Luke - Diel Drivers/2026-05-06/1_95/260506_1924 — starting (embeddings)
09-16 13:04:40 11.2s - extractor 0: Luke - Diel Drivers/2026-05-06/1_95/260506_1924 snip [1/21] snip_16530.000_16890.000.flac
09-16 13:04:41 [W916 13:04:41.301844820 NNPACK.cpp:56] Could not initialize NNPACK! Reason: Unsupported hardware.
09-16 13:04:41 [W916 13:04:41.305362248 CUDACachingAllocator.cpp:3933] memory allocation failed with OOM on device 0 while trying to allocate 419430400 bytes (free: 193921024, total: 3893690368).
09-16 13:04:41 [W916 13:04:41.305564714 CUDACachingAllocator.cpp:3933] memory allocation failed with OOM on device 0 while trying to allocate 419430400 bytes (free: 193921024, total: 3893690368).
09-16 13:04:41 /home/luke/projects/buzzdetect-training/.local/worktrees/avesshift/02_set/extract.py:1068: UserWarning: extractor 0: error on Luke - Diel Drivers/2026-05-06/1_95/260506_1924: CUDA out of memory. Tried to allocate 400.00 MiB. GPU 0 has a total capacity of 3.63 GiB of which 184.94 MiB is free. Process 112403 has 58.00 MiB memory in use. Including non-PyTorch memory, this process has 3.16 GiB memory in use. Of the allocated memory 772.62 MiB is allocated by PyTorch, and 47.38 MiB is reserved by PyTorch but unallocated. If reserved but unallocated memory is large try setting PYTORCH_CUDA_ALLOC_CONF=expandable_segments:True to avoid fragmentation.  See documentation for Memory Management  (https://docs.pytorch.org/docs/stable/notes/cuda.html#optimizing-memory-usage-with-pytorch-cuda-alloc-conf)
09-16 13:04:41   warnings.warn(f'extractor {self.name}: error on {ident}: {e}')
09-16 13:04:41 11.9s - extractor 0: [1] Luke - Various Opportunistic Recordings/2025-06-23/1_23/250623_0857 — starting (embeddings)
09-16 13:04:41 11.9s - extractor 0: Luke - Various Opportunistic Recordings/2025-06-23/1_23/250623_0857 snip [1/1] snip_100950.015_101310.000.flac
09-16 13:04:42 [W916 13:04:42.005737604 NNPACK.cpp:56] Could not initialize NNPACK! Reason: Unsupported hardware.
09-16 13:04:42 [W916 13:04:42.007904258 CUDACachingAllocator.cpp:3933] memory allocation failed with OOM on device 0 while trying to allocate 419430400 bytes (free: 193921024, total: 3893690368).
09-16 13:04:42 [W916 13:04:42.008039413 CUDACachingAllocator.cpp:3933] memory allocation failed with OOM on device 0 while trying to allocate 419430400 bytes (free: 193921024, total: 3893690368).
09-16 13:04:42 /home/luke/projects/buzzdetect-training/.local/worktrees/avesshift/02_set/extract.py:1068: UserWarning: extractor 0: error on Luke - Various Opportunistic Recordings/2025-06-23/1_23/250623_0857: CUDA out of memory. Tried to allocate 400.00 MiB. GPU 0 has a total capacity of 3.63 GiB of which 184.94 MiB is free. Process 112403 has 58.00 MiB memory in use. Including non-PyTorch memory, this process has 3.16 GiB memory in use. Of the allocated memory 772.62 MiB is allocated by PyTorch, and 47.38 MiB is reserved by PyTorch but unallocated. If reserved but unallocated memory is large try setting PYTORCH_CUDA_ALLOC_CONF=expandable_segments:True to avoid fragmentation.  See documentation for Memory Management  (https://docs.pytorch.org/docs/stable/notes/cuda.html#optimizing-memory-usage-with-pytorch-cuda-alloc-conf)
09-16 13:04:42   warnings.warn(f'extractor {self.name}: error on {ident}: {e}')
09-16 13:04:42 12.6s - extractor 0: [1] Luke - Various Opportunistic Recordings/2025-07-03/1_37/250703_1635 — starting (embeddings)
09-16 13:04:42 12.6s - extractor 0: Luke - Various Opportunistic Recordings/2025-07-03/1_37/250703_1635 snip [1/15] snip_48270.000_48629.978.flac
09-16 13:04:42 [W916 13:04:42.616754491 NNPACK.cpp:56] Could not initialize NNPACK! Reason: Unsupported hardware.
09-16 13:04:42 [W916 13:04:42.618867217 CUDACachingAllocator.cpp:3933] memory allocation failed with OOM on device 0 while trying to allocate 419430400 bytes (free: 193921024, total: 3893690368).
09-16 13:04:42 [W916 13:04:42.618974091 CUDACachingAllocator.cpp:3933] memory allocation failed with OOM on device 0 while trying to allocate 419430400 bytes (free: 193921024, total: 3893690368).
09-16 13:04:42 /home/luke/projects/buzzdetect-training/.local/worktrees/avesshift/02_set/extract.py:1068: UserWarning: extractor 0: error on Luke - Various Opportunistic Recordings/2025-07-03/1_37/250703_1635: CUDA out of memory. Tried to allocate 400.00 MiB. GPU 0 has a total capacity of 3.63 GiB of which 184.94 MiB is free. Process 112403 has 58.00 MiB memory in use. Including non-PyTorch memory, this process has 3.16 GiB memory in use. Of the allocated memory 772.62 MiB is allocated by PyTorch, and 47.38 MiB is reserved by PyTorch but unallocated. If reserved but unallocated memory is large try setting PYTORCH_CUDA_ALLOC_CONF=expandable_segments:True to avoid fragmentation.  See documentation for Memory Management  (https://docs.pytorch.org/docs/stable/notes/cuda.html#optimizing-memory-usage-with-pytorch-cuda-alloc-conf)
09-16 13:04:42   warnings.warn(f'extractor {self.name}: error on {ident}: {e}')
09-16 13:04:42 13.2s - extractor 0: [1] Luke - Various Opportunistic Recordings/2025-08-05/31/250805_1247 — starting (embeddings)
09-16 13:04:42 13.2s - extractor 0: Luke - Various Opportunistic Recordings/2025-08-05/31/250805_1247 snip [1/3] snip_101550.000_101910.000.flac
09-16 13:04:43 [W916 13:04:43.259669564 NNPACK.cpp:56] Could not initialize NNPACK! Reason: Unsupported hardware.
09-16 13:04:43 [W916 13:04:43.261807414 CUDACachingAllocator.cpp:3933] memory allocation failed with OOM on device 0 while trying to allocate 419430400 bytes (free: 193921024, total: 3893690368).
09-16 13:04:43 [W916 13:04:43.261921361 CUDACachingAllocator.cpp:3933] memory allocation failed with OOM on device 0 while trying to allocate 419430400 bytes (free: 193921024, total: 3893690368).
09-16 13:04:43 /home/luke/projects/buzzdetect-training/.local/worktrees/avesshift/02_set/extract.py:1068: UserWarning: extractor 0: error on Luke - Various Opportunistic Recordings/2025-08-05/31/250805_1247: CUDA out of memory. Tried to allocate 400.00 MiB. GPU 0 has a total capacity of 3.63 GiB of which 184.94 MiB is free. Process 112403 has 58.00 MiB memory in use. Including non-PyTorch memory, this process has 3.16 GiB memory in use. Of the allocated memory 772.62 MiB is allocated by PyTorch, and 47.38 MiB is reserved by PyTorch but unallocated. If reserved but unallocated memory is large try setting PYTORCH_CUDA_ALLOC_CONF=expandable_segments:True to avoid fragmentation.  See documentation for Memory Management  (https://docs.pytorch.org/docs/stable/notes/cuda.html#optimizing-memory-usage-with-pytorch-cuda-alloc-conf)
09-16 13:04:43   warnings.warn(f'extractor {self.name}: error on {ident}: {e}')
09-16 13:04:43 13.8s - extractor 0: [1] Luke - Various Opportunistic Recordings/2025-08-12/1_114/250812_1225 — starting (embeddings)
09-16 13:04:43 13.8s - extractor 0: Luke - Various Opportunistic Recordings/2025-08-12/1_114/250812_1225 snip [1/12] snip_102870.000_103230.000.flac
09-16 13:04:43 [W916 13:04:43.862998885 NNPACK.cpp:56] Could not initialize NNPACK! Reason: Unsupported hardware.
09-16 13:04:43 [W916 13:04:43.865049728 CUDACachingAllocator.cpp:3933] memory allocation failed with OOM on device 0 while trying to allocate 419430400 bytes (free: 193921024, total: 3893690368).
09-16 13:04:43 [W916 13:04:43.865160086 CUDACachingAllocator.cpp:3933] memory allocation failed with OOM on device 0 while trying to allocate 419430400 bytes (free: 193921024, total: 3893690368).
09-16 13:04:43 /home/luke/projects/buzzdetect-training/.local/worktrees/avesshift/02_set/extract.py:1068: UserWarning: extractor 0: error on Luke - Various Opportunistic Recordings/2025-08-12/1_114/250812_1225: CUDA out of memory. Tried to allocate 400.00 MiB. GPU 0 has a total capacity of 3.63 GiB of which 184.94 MiB is free. Process 112403 has 58.00 MiB memory in use. Including non-PyTorch memory, this process has 3.16 GiB memory in use. Of the allocated memory 772.62 MiB is allocated by PyTorch, and 47.38 MiB is reserved by PyTorch but unallocated. If reserved but unallocated memory is large try setting PYTORCH_CUDA_ALLOC_CONF=expandable_segments:True to avoid fragmentation.  See documentation for Memory Management  (https://docs.pytorch.org/docs/stable/notes/cuda.html#optimizing-memory-usage-with-pytorch-cuda-alloc-conf)
09-16 13:04:43   warnings.warn(f'extractor {self.name}: error on {ident}: {e}')
09-16 13:04:43 14.4s - extractor 0: [1] Luke - Various Opportunistic Recordings/2025-08-27/48/250827_1828 — starting (embeddings)
09-16 13:04:43 14.4s - extractor 0: Luke - Various Opportunistic Recordings/2025-08-27/48/250827_1828 snip [1/5] snip_19890.000_20250.000.flac
09-16 13:04:44 [W916 13:04:44.471210739 NNPACK.cpp:56] Could not initialize NNPACK! Reason: Unsupported hardware.
09-16 13:04:44 [W916 13:04:44.473279454 CUDACachingAllocator.cpp:3933] memory allocation failed with OOM on device 0 while trying to allocate 419430400 bytes (free: 193921024, total: 3893690368).
09-16 13:04:44 [W916 13:04:44.473385008 CUDACachingAllocator.cpp:3933] memory allocation failed with OOM on device 0 while trying to allocate 419430400 bytes (free: 193921024, total: 3893690368).
09-16 13:04:44 /home/luke/projects/buzzdetect-training/.local/worktrees/avesshift/02_set/extract.py:1068: UserWarning: extractor 0: error on Luke - Various Opportunistic Recordings/2025-08-27/48/250827_1828: CUDA out of memory. Tried to allocate 400.00 MiB. GPU 0 has a total capacity of 3.63 GiB of which 184.94 MiB is free. Process 112403 has 58.00 MiB memory in use. Including non-PyTorch memory, this process has 3.16 GiB memory in use. Of the allocated memory 772.62 MiB is allocated by PyTorch, and 47.38 MiB is reserved by PyTorch but unallocated. If reserved but unallocated memory is large try setting PYTORCH_CUDA_ALLOC_CONF=expandable_segments:True to avoid fragmentation.  See documentation for Memory Management  (https://docs.pytorch.org/docs/stable/notes/cuda.html#optimizing-memory-usage-with-pytorch-cuda-alloc-conf)
09-16 13:04:44   warnings.warn(f'extractor {self.name}: error on {ident}: {e}')
09-16 13:04:44 15.1s - extractor 0: terminating
09-16 13:04:44 Traceback (most recent call last):
09-16 13:04:44   File "/home/luke/projects/buzzdetect-training/.local/worktrees/avesshift/02_set/main.py", line 45, in <module>
09-16 13:04:44     extract_set(
09-16 13:04:44   File "/home/luke/projects/buzzdetect-training/.local/worktrees/avesshift/02_set/extract.py", line 1305, in extract_set
09-16 13:04:44     raise RuntimeError(
09-16 13:04:44 RuntimeError: 10/10 ident(s) did not extract. Every worker exited cleanly, so look for a per-ident warning above:
09-16 13:04:44   JamesU - MustardBumbler/1_29/240903_1319 — no embeddings written
09-16 13:04:44   Lily - Fit+Fast/2023_R3_Marysville/53/230808_1208 — no embeddings written
09-16 13:04:44   Lily Adam - One Hive/recorders/willard/2024-08-07/1_11/240807_1016 — no embeddings written
09-16 13:04:44   Luke - Diel Drivers/2026-04-08/1_150/260408_1942 — no embeddings written
09-16 13:04:44   Luke - Diel Drivers/2026-05-06/1_95/260506_1924 — no embeddings written
09-16 13:04:44   Luke - Various Opportunistic Recordings/2025-06-23/1_23/250623_0857 — no embeddings written
09-16 13:04:44   Luke - Various Opportunistic Recordings/2025-07-03/1_37/250703_1635 — no embeddings written
09-16 13:04:44   Luke - Various Opportunistic Recordings/2025-08-05/31/250805_1247 — no embeddings written
09-16 13:04:44   Luke - Various Opportunistic Recordings/2025-08-12/1_114/250812_1225 — no embeddings written
09-16 13:04:44   Luke - Various Opportunistic Recordings/2025-08-27/48/250827_1828 — no embeddings written
[launch_job] exit 1
