09-16 13:03:51 2026-09-16 13:03:51.302028: E external/local_xla/xla/stream_executor/cuda/cuda_fft.cc:479] Unable to register cuFFT factory: Attempting to register factory for plugin cuFFT when one has already been registered
09-16 13:03:51 2026-09-16 13:03:51.328455: E external/local_xla/xla/stream_executor/cuda/cuda_dnn.cc:10575] Unable to register cuDNN factory: Attempting to register factory for plugin cuDNN when one has already been registered
09-16 13:03:51 2026-09-16 13:03:51.328505: E external/local_xla/xla/stream_executor/cuda/cuda_blas.cc:1442] Unable to register cuBLAS factory: Attempting to register factory for plugin cuBLAS when one has already been registered
09-16 13:03:52 2026-09-16 13:03:52.239602: W tensorflow/compiler/tf2tensorrt/utils/py_utils.cc:38] TF-TRT Warning: Could not find TensorRT
09-16 13:03:54 0.0s - [lite/yamnet_aves_mid_avesshift] existing config: overlap_event_prop=0.2, framehop_prop=1
09-16 13:03:54 0.0s -   loaded from /home/luke/projects/buzzdetect-training/.local/worktrees/avesshift/02_set/sets/lite/config_extract.json
09-16 13:03:54 0.0s - extract_snips: [1/10] JamesU - MustardBumbler/1_29/240903_1319 — unchanged (0 written, 0 deleted)
09-16 13:03:54 0.0s - extract_snips: [2/10] Lily - Fit+Fast/2023_R3_Marysville/53/230808_1208 — unchanged (0 written, 0 deleted)
09-16 13:03:54 0.0s - extract_snips: [3/10] Lily Adam - One Hive/recorders/willard/2024-08-07/1_11/240807_1016 — unchanged (0 written, 0 deleted)
09-16 13:03:54 0.0s - extract_snips: [4/10] Luke - Diel Drivers/2026-04-08/1_150/260408_1942 — unchanged (0 written, 0 deleted)
09-16 13:03:54 0.0s - extract_snips: [5/10] Luke - Diel Drivers/2026-05-06/1_95/260506_1924 — unchanged (0 written, 0 deleted)
09-16 13:03:54 0.0s - extract_snips: [6/10] Luke - Various Opportunistic Recordings/2025-06-23/1_23/250623_0857 — unchanged (0 written, 0 deleted)
09-16 13:03:54 0.0s - extract_snips: [7/10] Luke - Various Opportunistic Recordings/2025-07-03/1_37/250703_1635 — unchanged (0 written, 0 deleted)
09-16 13:03:54 0.0s - extract_snips: [8/10] Luke - Various Opportunistic Recordings/2025-08-05/31/250805_1247 — unchanged (0 written, 0 deleted)
09-16 13:03:54 0.0s - extract_snips: [9/10] Luke - Various Opportunistic Recordings/2025-08-12/1_114/250812_1225 — unchanged (0 written, 0 deleted)
09-16 13:03:54 0.0s - extract_snips: [10/10] Luke - Various Opportunistic Recordings/2025-08-27/48/250827_1828 — unchanged (0 written, 0 deleted)
09-16 13:03:54 0.0s - extract_snips: 10 ident(s): 0 updated (0 snip(s) written, 0 superseded), 10 unchanged
09-16 13:03:54 0.1s - [lite/yamnet_aves_mid_avesshift] 10 ident(s): 10 to extract (10 new, 0 superseded by new annotations), 0 already current
09-16 13:03:54 0.1s -   1 worker(s); folds: 10
09-16 13:03:54 2026-09-16 13:03:54.725405: I external/local_xla/xla/stream_executor/cuda/cuda_executor.cc:998] successful NUMA node read from SysFS had negative value (-1), but there must be at least one NUMA node, so returning NUMA node zero. See more at https://github.com/torvalds/linux/blob/v6.0/Documentation/ABI/testing/sysfs-bus-pci#L344-L355
09-16 13:03:54 2026-09-16 13:03:54.767621: I external/local_xla/xla/stream_executor/cuda/cuda_executor.cc:998] successful NUMA node read from SysFS had negative value (-1), but there must be at least one NUMA node, so returning NUMA node zero. See more at https://github.com/torvalds/linux/blob/v6.0/Documentation/ABI/testing/sysfs-bus-pci#L344-L355
09-16 13:03:54 2026-09-16 13:03:54.770002: I external/local_xla/xla/stream_executor/cuda/cuda_executor.cc:998] successful NUMA node read from SysFS had negative value (-1), but there must be at least one NUMA node, so returning NUMA node zero. See more at https://github.com/torvalds/linux/blob/v6.0/Documentation/ABI/testing/sysfs-bus-pci#L344-L355
09-16 13:03:54 2026-09-16 13:03:54.787762: I external/local_xla/xla/stream_executor/cuda/cuda_executor.cc:998] successful NUMA node read from SysFS had negative value (-1), but there must be at least one NUMA node, so returning NUMA node zero. See more at https://github.com/torvalds/linux/blob/v6.0/Documentation/ABI/testing/sysfs-bus-pci#L344-L355
09-16 13:03:54 2026-09-16 13:03:54.790252: I external/local_xla/xla/stream_executor/cuda/cuda_executor.cc:998] successful NUMA node read from SysFS had negative value (-1), but there must be at least one NUMA node, so returning NUMA node zero. See more at https://github.com/torvalds/linux/blob/v6.0/Documentation/ABI/testing/sysfs-bus-pci#L344-L355
09-16 13:03:54 2026-09-16 13:03:54.792283: I external/local_xla/xla/stream_executor/cuda/cuda_executor.cc:998] successful NUMA node read from SysFS had negative value (-1), but there must be at least one NUMA node, so returning NUMA node zero. See more at https://github.com/torvalds/linux/blob/v6.0/Documentation/ABI/testing/sysfs-bus-pci#L344-L355
09-16 13:03:54 2026-09-16 13:03:54.951178: I external/local_xla/xla/stream_executor/cuda/cuda_executor.cc:998] successful NUMA node read from SysFS had negative value (-1), but there must be at least one NUMA node, so returning NUMA node zero. See more at https://github.com/torvalds/linux/blob/v6.0/Documentation/ABI/testing/sysfs-bus-pci#L344-L355
09-16 13:03:54 2026-09-16 13:03:54.952247: I external/local_xla/xla/stream_executor/cuda/cuda_executor.cc:998] successful NUMA node read from SysFS had negative value (-1), but there must be at least one NUMA node, so returning NUMA node zero. See more at https://github.com/torvalds/linux/blob/v6.0/Documentation/ABI/testing/sysfs-bus-pci#L344-L355
09-16 13:03:54 2026-09-16 13:03:54.953269: I external/local_xla/xla/stream_executor/cuda/cuda_executor.cc:998] successful NUMA node read from SysFS had negative value (-1), but there must be at least one NUMA node, so returning NUMA node zero. See more at https://github.com/torvalds/linux/blob/v6.0/Documentation/ABI/testing/sysfs-bus-pci#L344-L355
09-16 13:03:54 2026-09-16 13:03:54.954218: I tensorflow/core/common_runtime/gpu/gpu_device.cc:1928] Created device /job:localhost/replica:0/task:0/device:GPU:0 with 2314 MB memory:  -> device: 0, name: NVIDIA GeForce GTX 1650, pci bus id: 0000:01:00.0, compute capability: 7.5
09-16 13:04:01 2026-09-16 13:04:01.603629: I external/local_xla/xla/stream_executor/cuda/cuda_dnn.cc:465] Loaded cuDNN version 8907
09-16 13:04:03 [W916 13:04:03.123156195 NNPACK.cpp:56] Could not initialize NNPACK! Reason: Unsupported hardware.
09-16 13:04:03 [W916 13:04:03.152659450 NNPACK.cpp:56] Could not initialize NNPACK! Reason: Unsupported hardware.
09-16 13:04:03 [W916 13:04:03.152994967 NNPACK.cpp:56] Could not initialize NNPACK! Reason: Unsupported hardware.
09-16 13:04:03 [W916 13:04:03.153205517 NNPACK.cpp:56] Could not initialize NNPACK! Reason: Unsupported hardware.
09-16 13:04:03 [W916 13:04:03.162983527 NNPACK.cpp:56] Could not initialize NNPACK! Reason: Unsupported hardware.
09-16 13:04:03 [W916 13:04:03.163272705 NNPACK.cpp:56] Could not initialize NNPACK! Reason: Unsupported hardware.
09-16 13:04:03 [W916 13:04:03.163506860 NNPACK.cpp:56] Could not initialize NNPACK! Reason: Unsupported hardware.
09-16 13:04:03 [W916 13:04:03.173362930 NNPACK.cpp:56] Could not initialize NNPACK! Reason: Unsupported hardware.
09-16 13:04:03 8.6s - extractor 0: [1] JamesU - MustardBumbler/1_29/240903_1319 — starting (embeddings)
09-16 13:04:03 8.6s - extractor 0: JamesU - MustardBumbler/1_29/240903_1319 snip [1/22] snip_103230.000_103590.004.flac
09-16 13:04:03 [W916 13:04:03.926737517 NNPACK.cpp:56] Could not initialize NNPACK! Reason: Unsupported hardware.
09-16 13:04:03 [W916 13:04:03.929137749 CUDACachingAllocator.cpp:3933] memory allocation failed with OOM on device 0 while trying to allocate 419430400 bytes (free: 143589376, total: 3893690368).
09-16 13:04:04 [W916 13:04:04.943214372 CUDACachingAllocator.cpp:3933] memory allocation failed with OOM on device 0 while trying to allocate 419430400 bytes (free: 193921024, total: 3893690368).
09-16 13:04:04 /home/luke/projects/buzzdetect-training/.local/worktrees/avesshift/02_set/extract.py:1068: UserWarning: extractor 0: error on JamesU - MustardBumbler/1_29/240903_1319: CUDA out of memory. Tried to allocate 400.00 MiB. GPU 0 has a total capacity of 3.63 GiB of which 184.94 MiB is free. Process 112403 has 58.00 MiB memory in use. Including non-PyTorch memory, this process has 3.16 GiB memory in use. Of the allocated memory 772.62 MiB is allocated by PyTorch, and 47.38 MiB is reserved by PyTorch but unallocated. If reserved but unallocated memory is large try setting PYTORCH_CUDA_ALLOC_CONF=expandable_segments:True to avoid fragmentation.  See documentation for Memory Management  (https://docs.pytorch.org/docs/stable/notes/cuda.html#optimizing-memory-usage-with-pytorch-cuda-alloc-conf)
09-16 13:04:04   warnings.warn(f'extractor {self.name}: error on {ident}: {e}')
09-16 13:04:04 9.3s - extractor 0: [1] Lily - Fit+Fast/2023_R3_Marysville/53/230808_1208 — starting (embeddings)
09-16 13:04:04 9.3s - extractor 0: Lily - Fit+Fast/2023_R3_Marysville/53/230808_1208 snip [1/15] snip_100290.000_100650.000.flac
09-16 13:04:04 [W916 13:04:04.573324806 NNPACK.cpp:56] Could not initialize NNPACK! Reason: Unsupported hardware.
09-16 13:04:04 [W916 13:04:04.575539304 CUDACachingAllocator.cpp:3933] memory allocation failed with OOM on device 0 while trying to allocate 419430400 bytes (free: 193921024, total: 3893690368).
09-16 13:04:04 [W916 13:04:04.575647200 CUDACachingAllocator.cpp:3933] memory allocation failed with OOM on device 0 while trying to allocate 419430400 bytes (free: 193921024, total: 3893690368).
09-16 13:04:04 /home/luke/projects/buzzdetect-training/.local/worktrees/avesshift/02_set/extract.py:1068: UserWarning: extractor 0: error on Lily - Fit+Fast/2023_R3_Marysville/53/230808_1208: CUDA out of memory. Tried to allocate 400.00 MiB. GPU 0 has a total capacity of 3.63 GiB of which 184.94 MiB is free. Process 112403 has 58.00 MiB memory in use. Including non-PyTorch memory, this process has 3.16 GiB memory in use. Of the allocated memory 772.62 MiB is allocated by PyTorch, and 47.38 MiB is reserved by PyTorch but unallocated. If reserved but unallocated memory is large try setting PYTORCH_CUDA_ALLOC_CONF=expandable_segments:True to avoid fragmentation.  See documentation for Memory Management  (https://docs.pytorch.org/docs/stable/notes/cuda.html#optimizing-memory-usage-with-pytorch-cuda-alloc-conf)
09-16 13:04:04   warnings.warn(f'extractor {self.name}: error on {ident}: {e}')
09-16 13:04:04 9.9s - extractor 0: [1] Lily Adam - One Hive/recorders/willard/2024-08-07/1_11/240807_1016 — starting (embeddings)
09-16 13:04:04 9.9s - extractor 0: Lily Adam - One Hive/recorders/willard/2024-08-07/1_11/240807_1016 snip [1/15] snip_103410.000_103770.000.flac
09-16 13:04:05 [W916 13:04:05.221380347 NNPACK.cpp:56] Could not initialize NNPACK! Reason: Unsupported hardware.
09-16 13:04:05 [W916 13:04:05.223452900 CUDACachingAllocator.cpp:3933] memory allocation failed with OOM on device 0 while trying to allocate 419430400 bytes (free: 193921024, total: 3893690368).
09-16 13:04:05 [W916 13:04:05.223556320 CUDACachingAllocator.cpp:3933] memory allocation failed with OOM on device 0 while trying to allocate 419430400 bytes (free: 193921024, total: 3893690368).
09-16 13:04:05 /home/luke/projects/buzzdetect-training/.local/worktrees/avesshift/02_set/extract.py:1068: UserWarning: extractor 0: error on Lily Adam - One Hive/recorders/willard/2024-08-07/1_11/240807_1016: CUDA out of memory. Tried to allocate 400.00 MiB. GPU 0 has a total capacity of 3.63 GiB of which 184.94 MiB is free. Process 112403 has 58.00 MiB memory in use. Including non-PyTorch memory, this process has 3.16 GiB memory in use. Of the allocated memory 772.62 MiB is allocated by PyTorch, and 47.38 MiB is reserved by PyTorch but unallocated. If reserved but unallocated memory is large try setting PYTORCH_CUDA_ALLOC_CONF=expandable_segments:True to avoid fragmentation.  See documentation for Memory Management  (https://docs.pytorch.org/docs/stable/notes/cuda.html#optimizing-memory-usage-with-pytorch-cuda-alloc-conf)
09-16 13:04:05   warnings.warn(f'extractor {self.name}: error on {ident}: {e}')
09-16 13:04:05 10.6s - extractor 0: [1] Luke - Diel Drivers/2026-04-08/1_150/260408_1942 — starting (embeddings)
09-16 13:04:05 10.6s - extractor 0: Luke - Diel Drivers/2026-04-08/1_150/260408_1942 snip [1/16] snip_15450.000_15810.000.flac
09-16 13:04:05 [W916 13:04:05.845741527 NNPACK.cpp:56] Could not initialize NNPACK! Reason: Unsupported hardware.
09-16 13:04:05 [W916 13:04:05.847948827 CUDACachingAllocator.cpp:3933] memory allocation failed with OOM on device 0 while trying to allocate 419430400 bytes (free: 183435264, total: 3893690368).
09-16 13:04:05 [W916 13:04:05.850274331 CUDACachingAllocator.cpp:3933] memory allocation failed with OOM on device 0 while trying to allocate 419430400 bytes (free: 183435264, total: 3893690368).
09-16 13:04:05 /home/luke/projects/buzzdetect-training/.local/worktrees/avesshift/02_set/extract.py:1068: UserWarning: extractor 0: error on Luke - Diel Drivers/2026-04-08/1_150/260408_1942: CUDA out of memory. Tried to allocate 400.00 MiB. GPU 0 has a total capacity of 3.63 GiB of which 174.94 MiB is free. Process 112403 has 58.00 MiB memory in use. Including non-PyTorch memory, this process has 3.16 GiB memory in use. Process 387939 has 10.00 MiB memory in use. Of the allocated memory 772.62 MiB is allocated by PyTorch, and 47.38 MiB is reserved by PyTorch but unallocated. If reserved but unallocated memory is large try setting PYTORCH_CUDA_ALLOC_CONF=expandable_segments:True to avoid fragmentation.  See documentation for Memory Management  (https://docs.pytorch.org/docs/stable/notes/cuda.html#optimizing-memory-usage-with-pytorch-cuda-alloc-conf)
09-16 13:04:05   warnings.warn(f'extractor {self.name}: error on {ident}: {e}')
09-16 13:04:05 11.2s - extractor 0: [1] Luke - Diel Drivers/2026-05-06/1_95/260506_1924 — starting (embeddings)
09-16 13:04:05 11.2s - extractor 0: Luke - Diel Drivers/2026-05-06/1_95/260506_1924 snip [1/21] snip_16530.000_16890.000.flac
09-16 13:04:06 [W916 13:04:06.500159000 NNPACK.cpp:56] Could not initialize NNPACK! Reason: Unsupported hardware.
09-16 13:04:06 [W916 13:04:06.502220715 CUDACachingAllocator.cpp:3933] memory allocation failed with OOM on device 0 while trying to allocate 419430400 bytes (free: 26148864, total: 3893690368).
09-16 13:04:06 [W916 13:04:06.502316745 CUDACachingAllocator.cpp:3933] memory allocation failed with OOM on device 0 while trying to allocate 419430400 bytes (free: 26148864, total: 3893690368).
09-16 13:04:06 /home/luke/projects/buzzdetect-training/.local/worktrees/avesshift/02_set/extract.py:1068: UserWarning: extractor 0: error on Luke - Diel Drivers/2026-05-06/1_95/260506_1924: CUDA out of memory. Tried to allocate 400.00 MiB. GPU 0 has a total capacity of 3.63 GiB of which 24.94 MiB is free. Process 112403 has 58.00 MiB memory in use. Including non-PyTorch memory, this process has 3.16 GiB memory in use. Process 387939 has 160.00 MiB memory in use. Of the allocated memory 772.62 MiB is allocated by PyTorch, and 47.38 MiB is reserved by PyTorch but unallocated. If reserved but unallocated memory is large try setting PYTORCH_CUDA_ALLOC_CONF=expandable_segments:True to avoid fragmentation.  See documentation for Memory Management  (https://docs.pytorch.org/docs/stable/notes/cuda.html#optimizing-memory-usage-with-pytorch-cuda-alloc-conf)
09-16 13:04:06   warnings.warn(f'extractor {self.name}: error on {ident}: {e}')
09-16 13:04:06 11.9s - extractor 0: [1] Luke - Various Opportunistic Recordings/2025-06-23/1_23/250623_0857 — starting (embeddings)
09-16 13:04:06 11.9s - extractor 0: Luke - Various Opportunistic Recordings/2025-06-23/1_23/250623_0857 snip [1/1] snip_100950.015_101310.000.flac
09-16 13:04:07 [W916 13:04:07.180602320 NNPACK.cpp:56] Could not initialize NNPACK! Reason: Unsupported hardware.
09-16 13:04:07 [W916 13:04:07.182766522 CUDACachingAllocator.cpp:3933] memory allocation failed with OOM on device 0 while trying to allocate 419430400 bytes (free: 24051712, total: 3893690368).
09-16 13:04:07 [W916 13:04:07.182872942 CUDACachingAllocator.cpp:3933] memory allocation failed with OOM on device 0 while trying to allocate 419430400 bytes (free: 24051712, total: 3893690368).
09-16 13:04:07 /home/luke/projects/buzzdetect-training/.local/worktrees/avesshift/02_set/extract.py:1068: UserWarning: extractor 0: error on Luke - Various Opportunistic Recordings/2025-06-23/1_23/250623_0857: CUDA out of memory. Tried to allocate 400.00 MiB. GPU 0 has a total capacity of 3.63 GiB of which 22.94 MiB is free. Process 112403 has 58.00 MiB memory in use. Including non-PyTorch memory, this process has 3.16 GiB memory in use. Process 387939 has 162.00 MiB memory in use. Of the allocated memory 772.62 MiB is allocated by PyTorch, and 47.38 MiB is reserved by PyTorch but unallocated. If reserved but unallocated memory is large try setting PYTORCH_CUDA_ALLOC_CONF=expandable_segments:True to avoid fragmentation.  See documentation for Memory Management  (https://docs.pytorch.org/docs/stable/notes/cuda.html#optimizing-memory-usage-with-pytorch-cuda-alloc-conf)
09-16 13:04:07   warnings.warn(f'extractor {self.name}: error on {ident}: {e}')
09-16 13:04:07 12.6s - extractor 0: [1] Luke - Various Opportunistic Recordings/2025-07-03/1_37/250703_1635 — starting (embeddings)
09-16 13:04:07 12.6s - extractor 0: Luke - Various Opportunistic Recordings/2025-07-03/1_37/250703_1635 snip [1/15] snip_48270.000_48629.978.flac
09-16 13:04:07 [W916 13:04:07.833891767 NNPACK.cpp:56] Could not initialize NNPACK! Reason: Unsupported hardware.
09-16 13:04:07 [W916 13:04:07.836026860 CUDACachingAllocator.cpp:3933] memory allocation failed with OOM on device 0 while trying to allocate 419430400 bytes (free: 24051712, total: 3893690368).
09-16 13:04:07 [W916 13:04:07.836147680 CUDACachingAllocator.cpp:3933] memory allocation failed with OOM on device 0 while trying to allocate 419430400 bytes (free: 24051712, total: 3893690368).
09-16 13:04:07 /home/luke/projects/buzzdetect-training/.local/worktrees/avesshift/02_set/extract.py:1068: UserWarning: extractor 0: error on Luke - Various Opportunistic Recordings/2025-07-03/1_37/250703_1635: CUDA out of memory. Tried to allocate 400.00 MiB. GPU 0 has a total capacity of 3.63 GiB of which 22.94 MiB is free. Process 112403 has 58.00 MiB memory in use. Including non-PyTorch memory, this process has 3.16 GiB memory in use. Process 387939 has 162.00 MiB memory in use. Of the allocated memory 772.62 MiB is allocated by PyTorch, and 47.38 MiB is reserved by PyTorch but unallocated. If reserved but unallocated memory is large try setting PYTORCH_CUDA_ALLOC_CONF=expandable_segments:True to avoid fragmentation.  See documentation for Memory Management  (https://docs.pytorch.org/docs/stable/notes/cuda.html#optimizing-memory-usage-with-pytorch-cuda-alloc-conf)
09-16 13:04:07   warnings.warn(f'extractor {self.name}: error on {ident}: {e}')
09-16 13:04:07 13.2s - extractor 0: [1] Luke - Various Opportunistic Recordings/2025-08-05/31/250805_1247 — starting (embeddings)
09-16 13:04:07 13.2s - extractor 0: Luke - Various Opportunistic Recordings/2025-08-05/31/250805_1247 snip [1/3] snip_101550.000_101910.000.flac
09-16 13:04:08 [W916 13:04:08.478492391 NNPACK.cpp:56] Could not initialize NNPACK! Reason: Unsupported hardware.
09-16 13:04:08 [W916 13:04:08.481126762 CUDACachingAllocator.cpp:3933] memory allocation failed with OOM on device 0 while trying to allocate 419430400 bytes (free: 193921024, total: 3893690368).
09-16 13:04:08 [W916 13:04:08.481248852 CUDACachingAllocator.cpp:3933] memory allocation failed with OOM on device 0 while trying to allocate 419430400 bytes (free: 193921024, total: 3893690368).
09-16 13:04:08 /home/luke/projects/buzzdetect-training/.local/worktrees/avesshift/02_set/extract.py:1068: UserWarning: extractor 0: error on Luke - Various Opportunistic Recordings/2025-08-05/31/250805_1247: CUDA out of memory. Tried to allocate 400.00 MiB. GPU 0 has a total capacity of 3.63 GiB of which 184.94 MiB is free. Process 112403 has 58.00 MiB memory in use. Including non-PyTorch memory, this process has 3.16 GiB memory in use. Of the allocated memory 772.62 MiB is allocated by PyTorch, and 47.38 MiB is reserved by PyTorch but unallocated. If reserved but unallocated memory is large try setting PYTORCH_CUDA_ALLOC_CONF=expandable_segments:True to avoid fragmentation.  See documentation for Memory Management  (https://docs.pytorch.org/docs/stable/notes/cuda.html#optimizing-memory-usage-with-pytorch-cuda-alloc-conf)
09-16 13:04:08   warnings.warn(f'extractor {self.name}: error on {ident}: {e}')
09-16 13:04:08 13.9s - extractor 0: [1] Luke - Various Opportunistic Recordings/2025-08-12/1_114/250812_1225 — starting (embeddings)
09-16 13:04:08 13.9s - extractor 0: Luke - Various Opportunistic Recordings/2025-08-12/1_114/250812_1225 snip [1/12] snip_102870.000_103230.000.flac
09-16 13:04:09 [W916 13:04:09.103866630 NNPACK.cpp:56] Could not initialize NNPACK! Reason: Unsupported hardware.
09-16 13:04:09 [W916 13:04:09.105919337 CUDACachingAllocator.cpp:3933] memory allocation failed with OOM on device 0 while trying to allocate 419430400 bytes (free: 193921024, total: 3893690368).
09-16 13:04:09 [W916 13:04:09.106035411 CUDACachingAllocator.cpp:3933] memory allocation failed with OOM on device 0 while trying to allocate 419430400 bytes (free: 193921024, total: 3893690368).
09-16 13:04:09 /home/luke/projects/buzzdetect-training/.local/worktrees/avesshift/02_set/extract.py:1068: UserWarning: extractor 0: error on Luke - Various Opportunistic Recordings/2025-08-12/1_114/250812_1225: CUDA out of memory. Tried to allocate 400.00 MiB. GPU 0 has a total capacity of 3.63 GiB of which 184.94 MiB is free. Process 112403 has 58.00 MiB memory in use. Including non-PyTorch memory, this process has 3.16 GiB memory in use. Of the allocated memory 772.62 MiB is allocated by PyTorch, and 47.38 MiB is reserved by PyTorch but unallocated. If reserved but unallocated memory is large try setting PYTORCH_CUDA_ALLOC_CONF=expandable_segments:True to avoid fragmentation.  See documentation for Memory Management  (https://docs.pytorch.org/docs/stable/notes/cuda.html#optimizing-memory-usage-with-pytorch-cuda-alloc-conf)
09-16 13:04:09   warnings.warn(f'extractor {self.name}: error on {ident}: {e}')
09-16 13:04:09 14.5s - extractor 0: [1] Luke - Various Opportunistic Recordings/2025-08-27/48/250827_1828 — starting (embeddings)
09-16 13:04:09 14.5s - extractor 0: Luke - Various Opportunistic Recordings/2025-08-27/48/250827_1828 snip [1/5] snip_19890.000_20250.000.flac
09-16 13:04:09 [W916 13:04:09.709784697 NNPACK.cpp:56] Could not initialize NNPACK! Reason: Unsupported hardware.
09-16 13:04:09 [W916 13:04:09.712589919 CUDACachingAllocator.cpp:3933] memory allocation failed with OOM on device 0 while trying to allocate 419430400 bytes (free: 193921024, total: 3893690368).
09-16 13:04:09 [W916 13:04:09.712705789 CUDACachingAllocator.cpp:3933] memory allocation failed with OOM on device 0 while trying to allocate 419430400 bytes (free: 193921024, total: 3893690368).
09-16 13:04:09 /home/luke/projects/buzzdetect-training/.local/worktrees/avesshift/02_set/extract.py:1068: UserWarning: extractor 0: error on Luke - Various Opportunistic Recordings/2025-08-27/48/250827_1828: CUDA out of memory. Tried to allocate 400.00 MiB. GPU 0 has a total capacity of 3.63 GiB of which 184.94 MiB is free. Process 112403 has 58.00 MiB memory in use. Including non-PyTorch memory, this process has 3.16 GiB memory in use. Of the allocated memory 772.62 MiB is allocated by PyTorch, and 47.38 MiB is reserved by PyTorch but unallocated. If reserved but unallocated memory is large try setting PYTORCH_CUDA_ALLOC_CONF=expandable_segments:True to avoid fragmentation.  See documentation for Memory Management  (https://docs.pytorch.org/docs/stable/notes/cuda.html#optimizing-memory-usage-with-pytorch-cuda-alloc-conf)
09-16 13:04:09   warnings.warn(f'extractor {self.name}: error on {ident}: {e}')
09-16 13:04:09 15.1s - extractor 0: terminating
09-16 13:04:09 Traceback (most recent call last):
09-16 13:04:09   File "/home/luke/projects/buzzdetect-training/.local/worktrees/avesshift/02_set/main.py", line 45, in <module>
09-16 13:04:09     extract_set(
09-16 13:04:09   File "/home/luke/projects/buzzdetect-training/.local/worktrees/avesshift/02_set/extract.py", line 1305, in extract_set
09-16 13:04:09     raise RuntimeError(
09-16 13:04:09 RuntimeError: 10/10 ident(s) did not extract. Every worker exited cleanly, so look for a per-ident warning above:
09-16 13:04:09   JamesU - MustardBumbler/1_29/240903_1319 — no embeddings written
09-16 13:04:09   Lily - Fit+Fast/2023_R3_Marysville/53/230808_1208 — no embeddings written
09-16 13:04:09   Lily Adam - One Hive/recorders/willard/2024-08-07/1_11/240807_1016 — no embeddings written
09-16 13:04:09   Luke - Diel Drivers/2026-04-08/1_150/260408_1942 — no embeddings written
09-16 13:04:09   Luke - Diel Drivers/2026-05-06/1_95/260506_1924 — no embeddings written
09-16 13:04:09   Luke - Various Opportunistic Recordings/2025-06-23/1_23/250623_0857 — no embeddings written
09-16 13:04:09   Luke - Various Opportunistic Recordings/2025-07-03/1_37/250703_1635 — no embeddings written
09-16 13:04:09   Luke - Various Opportunistic Recordings/2025-08-05/31/250805_1247 — no embeddings written
09-16 13:04:09   Luke - Various Opportunistic Recordings/2025-08-12/1_114/250812_1225 — no embeddings written
09-16 13:04:09   Luke - Various Opportunistic Recordings/2025-08-27/48/250827_1828 — no embeddings written
[launch_job] exit 1
