09-16 13:03:00 2026-09-16 13:03:00.683367: E external/local_xla/xla/stream_executor/cuda/cuda_fft.cc:479] Unable to register cuFFT factory: Attempting to register factory for plugin cuFFT when one has already been registered
09-16 13:03:00 2026-09-16 13:03:00.707902: E external/local_xla/xla/stream_executor/cuda/cuda_dnn.cc:10575] Unable to register cuDNN factory: Attempting to register factory for plugin cuDNN when one has already been registered
09-16 13:03:00 2026-09-16 13:03:00.707958: E external/local_xla/xla/stream_executor/cuda/cuda_blas.cc:1442] Unable to register cuBLAS factory: Attempting to register factory for plugin cuBLAS when one has already been registered
09-16 13:03:01 2026-09-16 13:03:01.622340: W tensorflow/compiler/tf2tensorrt/utils/py_utils.cc:38] TF-TRT Warning: Could not find TensorRT
09-16 13:03:03 0.0s - [lite/yamnet_aves_mid_avesshift] existing config: overlap_event_prop=0.2, framehop_prop=1
09-16 13:03:03 0.0s -   loaded from /home/luke/projects/buzzdetect-training/.local/worktrees/avesshift/02_set/sets/lite/config_extract.json
09-16 13:03:04 0.0s - extract_snips: [1/10] JamesU - MustardBumbler/1_29/240903_1319 — unchanged (0 written, 0 deleted)
09-16 13:03:04 0.0s - extract_snips: [2/10] Lily - Fit+Fast/2023_R3_Marysville/53/230808_1208 — unchanged (0 written, 0 deleted)
09-16 13:03:04 0.0s - extract_snips: [3/10] Lily Adam - One Hive/recorders/willard/2024-08-07/1_11/240807_1016 — unchanged (0 written, 0 deleted)
09-16 13:03:04 0.0s - extract_snips: [4/10] Luke - Diel Drivers/2026-04-08/1_150/260408_1942 — unchanged (0 written, 0 deleted)
09-16 13:03:04 0.0s - extract_snips: [5/10] Luke - Diel Drivers/2026-05-06/1_95/260506_1924 — unchanged (0 written, 0 deleted)
09-16 13:03:04 0.0s - extract_snips: [6/10] Luke - Various Opportunistic Recordings/2025-06-23/1_23/250623_0857 — unchanged (0 written, 0 deleted)
09-16 13:03:04 0.0s - extract_snips: [7/10] Luke - Various Opportunistic Recordings/2025-07-03/1_37/250703_1635 — unchanged (0 written, 0 deleted)
09-16 13:03:04 0.0s - extract_snips: [8/10] Luke - Various Opportunistic Recordings/2025-08-05/31/250805_1247 — unchanged (0 written, 0 deleted)
09-16 13:03:04 0.0s - extract_snips: [9/10] Luke - Various Opportunistic Recordings/2025-08-12/1_114/250812_1225 — unchanged (0 written, 0 deleted)
09-16 13:03:04 0.0s - extract_snips: [10/10] Luke - Various Opportunistic Recordings/2025-08-27/48/250827_1828 — unchanged (0 written, 0 deleted)
09-16 13:03:04 0.0s - extract_snips: 10 ident(s): 0 updated (0 snip(s) written, 0 superseded), 10 unchanged
09-16 13:03:04 0.1s - [lite/yamnet_aves_mid_avesshift] 10 ident(s): 10 to extract (10 new, 0 superseded by new annotations), 0 already current
09-16 13:03:04 0.1s -   1 worker(s); folds: 10
09-16 13:03:04 2026-09-16 13:03:04.116126: I external/local_xla/xla/stream_executor/cuda/cuda_executor.cc:998] successful NUMA node read from SysFS had negative value (-1), but there must be at least one NUMA node, so returning NUMA node zero. See more at https://github.com/torvalds/linux/blob/v6.0/Documentation/ABI/testing/sysfs-bus-pci#L344-L355
09-16 13:03:04 2026-09-16 13:03:04.175684: I external/local_xla/xla/stream_executor/cuda/cuda_executor.cc:998] successful NUMA node read from SysFS had negative value (-1), but there must be at least one NUMA node, so returning NUMA node zero. See more at https://github.com/torvalds/linux/blob/v6.0/Documentation/ABI/testing/sysfs-bus-pci#L344-L355
09-16 13:03:04 2026-09-16 13:03:04.178642: I external/local_xla/xla/stream_executor/cuda/cuda_executor.cc:998] successful NUMA node read from SysFS had negative value (-1), but there must be at least one NUMA node, so returning NUMA node zero. See more at https://github.com/torvalds/linux/blob/v6.0/Documentation/ABI/testing/sysfs-bus-pci#L344-L355
09-16 13:03:04 2026-09-16 13:03:04.196841: I external/local_xla/xla/stream_executor/cuda/cuda_executor.cc:998] successful NUMA node read from SysFS had negative value (-1), but there must be at least one NUMA node, so returning NUMA node zero. See more at https://github.com/torvalds/linux/blob/v6.0/Documentation/ABI/testing/sysfs-bus-pci#L344-L355
09-16 13:03:04 2026-09-16 13:03:04.200241: I external/local_xla/xla/stream_executor/cuda/cuda_executor.cc:998] successful NUMA node read from SysFS had negative value (-1), but there must be at least one NUMA node, so returning NUMA node zero. See more at https://github.com/torvalds/linux/blob/v6.0/Documentation/ABI/testing/sysfs-bus-pci#L344-L355
09-16 13:03:04 2026-09-16 13:03:04.203426: I external/local_xla/xla/stream_executor/cuda/cuda_executor.cc:998] successful NUMA node read from SysFS had negative value (-1), but there must be at least one NUMA node, so returning NUMA node zero. See more at https://github.com/torvalds/linux/blob/v6.0/Documentation/ABI/testing/sysfs-bus-pci#L344-L355
09-16 13:03:04 2026-09-16 13:03:04.363911: I external/local_xla/xla/stream_executor/cuda/cuda_executor.cc:998] successful NUMA node read from SysFS had negative value (-1), but there must be at least one NUMA node, so returning NUMA node zero. See more at https://github.com/torvalds/linux/blob/v6.0/Documentation/ABI/testing/sysfs-bus-pci#L344-L355
09-16 13:03:04 2026-09-16 13:03:04.365185: I external/local_xla/xla/stream_executor/cuda/cuda_executor.cc:998] successful NUMA node read from SysFS had negative value (-1), but there must be at least one NUMA node, so returning NUMA node zero. See more at https://github.com/torvalds/linux/blob/v6.0/Documentation/ABI/testing/sysfs-bus-pci#L344-L355
09-16 13:03:04 2026-09-16 13:03:04.366239: I external/local_xla/xla/stream_executor/cuda/cuda_executor.cc:998] successful NUMA node read from SysFS had negative value (-1), but there must be at least one NUMA node, so returning NUMA node zero. See more at https://github.com/torvalds/linux/blob/v6.0/Documentation/ABI/testing/sysfs-bus-pci#L344-L355
09-16 13:03:04 2026-09-16 13:03:04.367197: I tensorflow/core/common_runtime/gpu/gpu_device.cc:1928] Created device /job:localhost/replica:0/task:0/device:GPU:0 with 2341 MB memory:  -> device: 0, name: NVIDIA GeForce GTX 1650, pci bus id: 0000:01:00.0, compute capability: 7.5
09-16 13:03:11 2026-09-16 13:03:11.088664: I external/local_xla/xla/stream_executor/cuda/cuda_dnn.cc:465] Loaded cuDNN version 8907
09-16 13:03:12 [W916 13:03:12.576592522 NNPACK.cpp:56] Could not initialize NNPACK! Reason: Unsupported hardware.
09-16 13:03:12 [W916 13:03:12.610896541 NNPACK.cpp:56] Could not initialize NNPACK! Reason: Unsupported hardware.
09-16 13:03:12 [W916 13:03:12.611277118 NNPACK.cpp:56] Could not initialize NNPACK! Reason: Unsupported hardware.
09-16 13:03:12 [W916 13:03:12.611492464 NNPACK.cpp:56] Could not initialize NNPACK! Reason: Unsupported hardware.
09-16 13:03:12 [W916 13:03:12.621241069 NNPACK.cpp:56] Could not initialize NNPACK! Reason: Unsupported hardware.
09-16 13:03:12 [W916 13:03:12.621526174 NNPACK.cpp:56] Could not initialize NNPACK! Reason: Unsupported hardware.
09-16 13:03:12 [W916 13:03:12.621750237 NNPACK.cpp:56] Could not initialize NNPACK! Reason: Unsupported hardware.
09-16 13:03:12 [W916 13:03:12.631039997 NNPACK.cpp:56] Could not initialize NNPACK! Reason: Unsupported hardware.
09-16 13:03:12 8.7s - extractor 0: [1] JamesU - MustardBumbler/1_29/240903_1319 — starting (embeddings)
09-16 13:03:12 8.7s - extractor 0: JamesU - MustardBumbler/1_29/240903_1319 snip [1/22] snip_103230.000_103590.004.flac
09-16 13:03:13 [W916 13:03:13.411271759 NNPACK.cpp:56] Could not initialize NNPACK! Reason: Unsupported hardware.
09-16 13:03:13 [W916 13:03:13.413456869 CUDACachingAllocator.cpp:3933] memory allocation failed with OOM on device 0 while trying to allocate 419430400 bytes (free: 146145280, total: 3893690368).
09-16 13:03:13 [W916 13:03:13.427173310 CUDACachingAllocator.cpp:3933] memory allocation failed with OOM on device 0 while trying to allocate 419430400 bytes (free: 196476928, total: 3893690368).
09-16 13:03:13 /home/luke/projects/buzzdetect-training/.local/worktrees/avesshift/02_set/extract.py:1068: UserWarning: extractor 0: error on JamesU - MustardBumbler/1_29/240903_1319: CUDA out of memory. Tried to allocate 400.00 MiB. GPU 0 has a total capacity of 3.63 GiB of which 187.38 MiB is free. Process 112403 has 58.00 MiB memory in use. Including non-PyTorch memory, this process has 3.18 GiB memory in use. Of the allocated memory 772.62 MiB is allocated by PyTorch, and 47.38 MiB is reserved by PyTorch but unallocated. If reserved but unallocated memory is large try setting PYTORCH_CUDA_ALLOC_CONF=expandable_segments:True to avoid fragmentation.  See documentation for Memory Management  (https://docs.pytorch.org/docs/stable/notes/cuda.html#optimizing-memory-usage-with-pytorch-cuda-alloc-conf)
09-16 13:03:13   warnings.warn(f'extractor {self.name}: error on {ident}: {e}')
09-16 13:03:13 9.5s - extractor 0: [1] Lily - Fit+Fast/2023_R3_Marysville/53/230808_1208 — starting (embeddings)
09-16 13:03:13 9.5s - extractor 0: Lily - Fit+Fast/2023_R3_Marysville/53/230808_1208 snip [1/15] snip_100290.000_100650.000.flac
09-16 13:03:14 [W916 13:03:14.134577577 NNPACK.cpp:56] Could not initialize NNPACK! Reason: Unsupported hardware.
09-16 13:03:14 [W916 13:03:14.136699415 CUDACachingAllocator.cpp:3933] memory allocation failed with OOM on device 0 while trying to allocate 419430400 bytes (free: 196476928, total: 3893690368).
09-16 13:03:14 [W916 13:03:14.136804737 CUDACachingAllocator.cpp:3933] memory allocation failed with OOM on device 0 while trying to allocate 419430400 bytes (free: 196476928, total: 3893690368).
09-16 13:03:14 /home/luke/projects/buzzdetect-training/.local/worktrees/avesshift/02_set/extract.py:1068: UserWarning: extractor 0: error on Lily - Fit+Fast/2023_R3_Marysville/53/230808_1208: CUDA out of memory. Tried to allocate 400.00 MiB. GPU 0 has a total capacity of 3.63 GiB of which 187.38 MiB is free. Process 112403 has 58.00 MiB memory in use. Including non-PyTorch memory, this process has 3.18 GiB memory in use. Of the allocated memory 772.62 MiB is allocated by PyTorch, and 47.38 MiB is reserved by PyTorch but unallocated. If reserved but unallocated memory is large try setting PYTORCH_CUDA_ALLOC_CONF=expandable_segments:True to avoid fragmentation.  See documentation for Memory Management  (https://docs.pytorch.org/docs/stable/notes/cuda.html#optimizing-memory-usage-with-pytorch-cuda-alloc-conf)
09-16 13:03:14   warnings.warn(f'extractor {self.name}: error on {ident}: {e}')
09-16 13:03:14 10.1s - extractor 0: [1] Lily Adam - One Hive/recorders/willard/2024-08-07/1_11/240807_1016 — starting (embeddings)
09-16 13:03:14 10.1s - extractor 0: Lily Adam - One Hive/recorders/willard/2024-08-07/1_11/240807_1016 snip [1/15] snip_103410.000_103770.000.flac
09-16 13:03:14 [W916 13:03:14.753482147 NNPACK.cpp:56] Could not initialize NNPACK! Reason: Unsupported hardware.
09-16 13:03:14 [W916 13:03:14.755647161 CUDACachingAllocator.cpp:3933] memory allocation failed with OOM on device 0 while trying to allocate 419430400 bytes (free: 196476928, total: 3893690368).
09-16 13:03:14 [W916 13:03:14.755758901 CUDACachingAllocator.cpp:3933] memory allocation failed with OOM on device 0 while trying to allocate 419430400 bytes (free: 196476928, total: 3893690368).
09-16 13:03:14 /home/luke/projects/buzzdetect-training/.local/worktrees/avesshift/02_set/extract.py:1068: UserWarning: extractor 0: error on Lily Adam - One Hive/recorders/willard/2024-08-07/1_11/240807_1016: CUDA out of memory. Tried to allocate 400.00 MiB. GPU 0 has a total capacity of 3.63 GiB of which 187.38 MiB is free. Process 112403 has 58.00 MiB memory in use. Including non-PyTorch memory, this process has 3.18 GiB memory in use. Of the allocated memory 772.62 MiB is allocated by PyTorch, and 47.38 MiB is reserved by PyTorch but unallocated. If reserved but unallocated memory is large try setting PYTORCH_CUDA_ALLOC_CONF=expandable_segments:True to avoid fragmentation.  See documentation for Memory Management  (https://docs.pytorch.org/docs/stable/notes/cuda.html#optimizing-memory-usage-with-pytorch-cuda-alloc-conf)
09-16 13:03:14   warnings.warn(f'extractor {self.name}: error on {ident}: {e}')
09-16 13:03:14 10.7s - extractor 0: [1] Luke - Diel Drivers/2026-04-08/1_150/260408_1942 — starting (embeddings)
09-16 13:03:14 10.7s - extractor 0: Luke - Diel Drivers/2026-04-08/1_150/260408_1942 snip [1/16] snip_15450.000_15810.000.flac
09-16 13:03:15 [W916 13:03:15.380515586 NNPACK.cpp:56] Could not initialize NNPACK! Reason: Unsupported hardware.
09-16 13:03:15 [W916 13:03:15.382561481 CUDACachingAllocator.cpp:3933] memory allocation failed with OOM on device 0 while trying to allocate 419430400 bytes (free: 196476928, total: 3893690368).
09-16 13:03:15 [W916 13:03:15.382691595 CUDACachingAllocator.cpp:3933] memory allocation failed with OOM on device 0 while trying to allocate 419430400 bytes (free: 196476928, total: 3893690368).
09-16 13:03:15 /home/luke/projects/buzzdetect-training/.local/worktrees/avesshift/02_set/extract.py:1068: UserWarning: extractor 0: error on Luke - Diel Drivers/2026-04-08/1_150/260408_1942: CUDA out of memory. Tried to allocate 400.00 MiB. GPU 0 has a total capacity of 3.63 GiB of which 187.38 MiB is free. Process 112403 has 58.00 MiB memory in use. Including non-PyTorch memory, this process has 3.18 GiB memory in use. Of the allocated memory 772.62 MiB is allocated by PyTorch, and 47.38 MiB is reserved by PyTorch but unallocated. If reserved but unallocated memory is large try setting PYTORCH_CUDA_ALLOC_CONF=expandable_segments:True to avoid fragmentation.  See documentation for Memory Management  (https://docs.pytorch.org/docs/stable/notes/cuda.html#optimizing-memory-usage-with-pytorch-cuda-alloc-conf)
09-16 13:03:15   warnings.warn(f'extractor {self.name}: error on {ident}: {e}')
09-16 13:03:15 11.4s - extractor 0: [1] Luke - Diel Drivers/2026-05-06/1_95/260506_1924 — starting (embeddings)
09-16 13:03:15 11.4s - extractor 0: Luke - Diel Drivers/2026-05-06/1_95/260506_1924 snip [1/21] snip_16530.000_16890.000.flac
09-16 13:03:16 [W916 13:03:16.010964792 NNPACK.cpp:56] Could not initialize NNPACK! Reason: Unsupported hardware.
09-16 13:03:16 [W916 13:03:16.013348259 CUDACachingAllocator.cpp:3933] memory allocation failed with OOM on device 0 while trying to allocate 419430400 bytes (free: 196476928, total: 3893690368).
09-16 13:03:16 [W916 13:03:16.013460472 CUDACachingAllocator.cpp:3933] memory allocation failed with OOM on device 0 while trying to allocate 419430400 bytes (free: 196476928, total: 3893690368).
09-16 13:03:16 /home/luke/projects/buzzdetect-training/.local/worktrees/avesshift/02_set/extract.py:1068: UserWarning: extractor 0: error on Luke - Diel Drivers/2026-05-06/1_95/260506_1924: CUDA out of memory. Tried to allocate 400.00 MiB. GPU 0 has a total capacity of 3.63 GiB of which 187.38 MiB is free. Process 112403 has 58.00 MiB memory in use. Including non-PyTorch memory, this process has 3.18 GiB memory in use. Of the allocated memory 772.62 MiB is allocated by PyTorch, and 47.38 MiB is reserved by PyTorch but unallocated. If reserved but unallocated memory is large try setting PYTORCH_CUDA_ALLOC_CONF=expandable_segments:True to avoid fragmentation.  See documentation for Memory Management  (https://docs.pytorch.org/docs/stable/notes/cuda.html#optimizing-memory-usage-with-pytorch-cuda-alloc-conf)
09-16 13:03:16   warnings.warn(f'extractor {self.name}: error on {ident}: {e}')
09-16 13:03:16 12.0s - extractor 0: [1] Luke - Various Opportunistic Recordings/2025-06-23/1_23/250623_0857 — starting (embeddings)
09-16 13:03:16 12.0s - extractor 0: Luke - Various Opportunistic Recordings/2025-06-23/1_23/250623_0857 snip [1/1] snip_100950.015_101310.000.flac
09-16 13:03:16 [W916 13:03:16.653240045 NNPACK.cpp:56] Could not initialize NNPACK! Reason: Unsupported hardware.
09-16 13:03:16 [W916 13:03:16.655363268 CUDACachingAllocator.cpp:3933] memory allocation failed with OOM on device 0 while trying to allocate 419430400 bytes (free: 196476928, total: 3893690368).
09-16 13:03:16 [W916 13:03:16.655470406 CUDACachingAllocator.cpp:3933] memory allocation failed with OOM on device 0 while trying to allocate 419430400 bytes (free: 196476928, total: 3893690368).
09-16 13:03:16 /home/luke/projects/buzzdetect-training/.local/worktrees/avesshift/02_set/extract.py:1068: UserWarning: extractor 0: error on Luke - Various Opportunistic Recordings/2025-06-23/1_23/250623_0857: CUDA out of memory. Tried to allocate 400.00 MiB. GPU 0 has a total capacity of 3.63 GiB of which 187.38 MiB is free. Process 112403 has 58.00 MiB memory in use. Including non-PyTorch memory, this process has 3.18 GiB memory in use. Of the allocated memory 772.62 MiB is allocated by PyTorch, and 47.38 MiB is reserved by PyTorch but unallocated. If reserved but unallocated memory is large try setting PYTORCH_CUDA_ALLOC_CONF=expandable_segments:True to avoid fragmentation.  See documentation for Memory Management  (https://docs.pytorch.org/docs/stable/notes/cuda.html#optimizing-memory-usage-with-pytorch-cuda-alloc-conf)
09-16 13:03:16   warnings.warn(f'extractor {self.name}: error on {ident}: {e}')
09-16 13:03:16 12.6s - extractor 0: [1] Luke - Various Opportunistic Recordings/2025-07-03/1_37/250703_1635 — starting (embeddings)
09-16 13:03:16 12.6s - extractor 0: Luke - Various Opportunistic Recordings/2025-07-03/1_37/250703_1635 snip [1/15] snip_48270.000_48629.978.flac
09-16 13:03:17 [W916 13:03:17.303260841 NNPACK.cpp:56] Could not initialize NNPACK! Reason: Unsupported hardware.
09-16 13:03:17 [W916 13:03:17.305414530 CUDACachingAllocator.cpp:3933] memory allocation failed with OOM on device 0 while trying to allocate 419430400 bytes (free: 196476928, total: 3893690368).
09-16 13:03:17 [W916 13:03:17.305586491 CUDACachingAllocator.cpp:3933] memory allocation failed with OOM on device 0 while trying to allocate 419430400 bytes (free: 196476928, total: 3893690368).
09-16 13:03:17 /home/luke/projects/buzzdetect-training/.local/worktrees/avesshift/02_set/extract.py:1068: UserWarning: extractor 0: error on Luke - Various Opportunistic Recordings/2025-07-03/1_37/250703_1635: CUDA out of memory. Tried to allocate 400.00 MiB. GPU 0 has a total capacity of 3.63 GiB of which 187.38 MiB is free. Process 112403 has 58.00 MiB memory in use. Including non-PyTorch memory, this process has 3.18 GiB memory in use. Of the allocated memory 772.62 MiB is allocated by PyTorch, and 47.38 MiB is reserved by PyTorch but unallocated. If reserved but unallocated memory is large try setting PYTORCH_CUDA_ALLOC_CONF=expandable_segments:True to avoid fragmentation.  See documentation for Memory Management  (https://docs.pytorch.org/docs/stable/notes/cuda.html#optimizing-memory-usage-with-pytorch-cuda-alloc-conf)
09-16 13:03:17   warnings.warn(f'extractor {self.name}: error on {ident}: {e}')
09-16 13:03:17 13.3s - extractor 0: [1] Luke - Various Opportunistic Recordings/2025-08-05/31/250805_1247 — starting (embeddings)
09-16 13:03:17 13.3s - extractor 0: Luke - Various Opportunistic Recordings/2025-08-05/31/250805_1247 snip [1/3] snip_101550.000_101910.000.flac
09-16 13:03:18 [W916 13:03:18.948443987 NNPACK.cpp:56] Could not initialize NNPACK! Reason: Unsupported hardware.
09-16 13:03:18 [W916 13:03:18.950611744 CUDACachingAllocator.cpp:3933] memory allocation failed with OOM on device 0 while trying to allocate 419430400 bytes (free: 196476928, total: 3893690368).
09-16 13:03:18 [W916 13:03:18.950811539 CUDACachingAllocator.cpp:3933] memory allocation failed with OOM on device 0 while trying to allocate 419430400 bytes (free: 196476928, total: 3893690368).
09-16 13:03:18 /home/luke/projects/buzzdetect-training/.local/worktrees/avesshift/02_set/extract.py:1068: UserWarning: extractor 0: error on Luke - Various Opportunistic Recordings/2025-08-05/31/250805_1247: CUDA out of memory. Tried to allocate 400.00 MiB. GPU 0 has a total capacity of 3.63 GiB of which 187.38 MiB is free. Process 112403 has 58.00 MiB memory in use. Including non-PyTorch memory, this process has 3.18 GiB memory in use. Of the allocated memory 772.62 MiB is allocated by PyTorch, and 47.38 MiB is reserved by PyTorch but unallocated. If reserved but unallocated memory is large try setting PYTORCH_CUDA_ALLOC_CONF=expandable_segments:True to avoid fragmentation.  See documentation for Memory Management  (https://docs.pytorch.org/docs/stable/notes/cuda.html#optimizing-memory-usage-with-pytorch-cuda-alloc-conf)
09-16 13:03:18   warnings.warn(f'extractor {self.name}: error on {ident}: {e}')
09-16 13:03:18 13.9s - extractor 0: [1] Luke - Various Opportunistic Recordings/2025-08-12/1_114/250812_1225 — starting (embeddings)
09-16 13:03:18 13.9s - extractor 0: Luke - Various Opportunistic Recordings/2025-08-12/1_114/250812_1225 snip [1/12] snip_102870.000_103230.000.flac
09-16 13:03:18 [W916 13:03:18.587126946 NNPACK.cpp:56] Could not initialize NNPACK! Reason: Unsupported hardware.
09-16 13:03:18 [W916 13:03:18.589187677 CUDACachingAllocator.cpp:3933] memory allocation failed with OOM on device 0 while trying to allocate 419430400 bytes (free: 196476928, total: 3893690368).
09-16 13:03:18 [W916 13:03:18.589296939 CUDACachingAllocator.cpp:3933] memory allocation failed with OOM on device 0 while trying to allocate 419430400 bytes (free: 196476928, total: 3893690368).
09-16 13:03:18 /home/luke/projects/buzzdetect-training/.local/worktrees/avesshift/02_set/extract.py:1068: UserWarning: extractor 0: error on Luke - Various Opportunistic Recordings/2025-08-12/1_114/250812_1225: CUDA out of memory. Tried to allocate 400.00 MiB. GPU 0 has a total capacity of 3.63 GiB of which 187.38 MiB is free. Process 112403 has 58.00 MiB memory in use. Including non-PyTorch memory, this process has 3.18 GiB memory in use. Of the allocated memory 772.62 MiB is allocated by PyTorch, and 47.38 MiB is reserved by PyTorch but unallocated. If reserved but unallocated memory is large try setting PYTORCH_CUDA_ALLOC_CONF=expandable_segments:True to avoid fragmentation.  See documentation for Memory Management  (https://docs.pytorch.org/docs/stable/notes/cuda.html#optimizing-memory-usage-with-pytorch-cuda-alloc-conf)
09-16 13:03:18   warnings.warn(f'extractor {self.name}: error on {ident}: {e}')
09-16 13:03:18 14.6s - extractor 0: [1] Luke - Various Opportunistic Recordings/2025-08-27/48/250827_1828 — starting (embeddings)
09-16 13:03:18 14.6s - extractor 0: Luke - Various Opportunistic Recordings/2025-08-27/48/250827_1828 snip [1/5] snip_19890.000_20250.000.flac
09-16 13:03:19 [W916 13:03:19.229115984 NNPACK.cpp:56] Could not initialize NNPACK! Reason: Unsupported hardware.
09-16 13:03:19 [W916 13:03:19.231930571 CUDACachingAllocator.cpp:3933] memory allocation failed with OOM on device 0 while trying to allocate 419430400 bytes (free: 196476928, total: 3893690368).
09-16 13:03:19 [W916 13:03:19.232068730 CUDACachingAllocator.cpp:3933] memory allocation failed with OOM on device 0 while trying to allocate 419430400 bytes (free: 196476928, total: 3893690368).
09-16 13:03:19 /home/luke/projects/buzzdetect-training/.local/worktrees/avesshift/02_set/extract.py:1068: UserWarning: extractor 0: error on Luke - Various Opportunistic Recordings/2025-08-27/48/250827_1828: CUDA out of memory. Tried to allocate 400.00 MiB. GPU 0 has a total capacity of 3.63 GiB of which 187.38 MiB is free. Process 112403 has 58.00 MiB memory in use. Including non-PyTorch memory, this process has 3.18 GiB memory in use. Of the allocated memory 772.62 MiB is allocated by PyTorch, and 47.38 MiB is reserved by PyTorch but unallocated. If reserved but unallocated memory is large try setting PYTORCH_CUDA_ALLOC_CONF=expandable_segments:True to avoid fragmentation.  See documentation for Memory Management  (https://docs.pytorch.org/docs/stable/notes/cuda.html#optimizing-memory-usage-with-pytorch-cuda-alloc-conf)
09-16 13:03:19   warnings.warn(f'extractor {self.name}: error on {ident}: {e}')
09-16 13:03:19 15.2s - extractor 0: terminating
09-16 13:03:19 Traceback (most recent call last):
09-16 13:03:19   File "/home/luke/projects/buzzdetect-training/.local/worktrees/avesshift/02_set/main.py", line 45, in <module>
09-16 13:03:19     extract_set(
09-16 13:03:19   File "/home/luke/projects/buzzdetect-training/.local/worktrees/avesshift/02_set/extract.py", line 1305, in extract_set
09-16 13:03:19     raise RuntimeError(
09-16 13:03:19 RuntimeError: 10/10 ident(s) did not extract. Every worker exited cleanly, so look for a per-ident warning above:
09-16 13:03:19   JamesU - MustardBumbler/1_29/240903_1319 — no embeddings written
09-16 13:03:19   Lily - Fit+Fast/2023_R3_Marysville/53/230808_1208 — no embeddings written
09-16 13:03:19   Lily Adam - One Hive/recorders/willard/2024-08-07/1_11/240807_1016 — no embeddings written
09-16 13:03:19   Luke - Diel Drivers/2026-04-08/1_150/260408_1942 — no embeddings written
09-16 13:03:19   Luke - Diel Drivers/2026-05-06/1_95/260506_1924 — no embeddings written
09-16 13:03:19   Luke - Various Opportunistic Recordings/2025-06-23/1_23/250623_0857 — no embeddings written
09-16 13:03:19   Luke - Various Opportunistic Recordings/2025-07-03/1_37/250703_1635 — no embeddings written
09-16 13:03:19   Luke - Various Opportunistic Recordings/2025-08-05/31/250805_1247 — no embeddings written
09-16 13:03:19   Luke - Various Opportunistic Recordings/2025-08-12/1_114/250812_1225 — no embeddings written
09-16 13:03:19   Luke - Various Opportunistic Recordings/2025-08-27/48/250827_1828 — no embeddings written
[launch_job] exit 1
