2026-09-05 00:00:49.941515: E external/local_xla/xla/stream_executor/cuda/cuda_fft.cc:479] Unable to register cuFFT factory: Attempting to register factory for plugin cuFFT when one has already been registered
2026-09-05 00:00:49.967533: E external/local_xla/xla/stream_executor/cuda/cuda_dnn.cc:10575] Unable to register cuDNN factory: Attempting to register factory for plugin cuDNN when one has already been registered
2026-09-05 00:00:49.967588: E external/local_xla/xla/stream_executor/cuda/cuda_blas.cc:1442] Unable to register cuBLAS factory: Attempting to register factory for plugin cuBLAS when one has already been registered
2026-09-05 00:00:50.869165: W tensorflow/compiler/tf2tensorrt/utils/py_utils.cc:38] TF-TRT Warning: Could not find TensorRT
[unfreeze_one] set medium, embedder yamnet_trunk, translation general: 11 rotating fold(s), 311 train-only, 0 holdout
/home/luke/projects/buzzdetect-training/.local/worktrees/unfreeze-one/03_train/dataset.py:130: UserWarning: all 1 embedding file(s) under /home/luke/projects/buzzdetect-training/.local/worktrees/unfreeze-one/02_set/sets/medium/embeddings/yamnet_trunk/raw/Luke - External Data Sources/InsectSound1000/Coccinella_septempunctata/2023419-16-19/000020 were dropped by the translation; raw label(s) present: ['EXCLUDE']
  warnings.warn(
/home/luke/projects/buzzdetect-training/.local/worktrees/unfreeze-one/03_train/dataset.py:130: UserWarning: all 1 embedding file(s) under /home/luke/projects/buzzdetect-training/.local/worktrees/unfreeze-one/02_set/sets/medium/embeddings/yamnet_trunk/raw/Luke - External Data Sources/InsectSound1000/Nezara_viridula/2022511-18-10/000018 were dropped by the translation; raw label(s) present: ['EXCLUDE']
  warnings.warn(
/home/luke/projects/buzzdetect-training/.local/worktrees/unfreeze-one/03_train/dataset.py:130: UserWarning: all 2 embedding file(s) under /home/luke/projects/buzzdetect-training/.local/worktrees/unfreeze-one/02_set/sets/medium/embeddings/yamnet_trunk/raw/Luke - External Data Sources/InsectSound1000/Nezara_viridula/2022511-18-10/000025 were dropped by the translation; raw label(s) present: ['EXCLUDE']
  warnings.warn(
/home/luke/projects/buzzdetect-training/.local/worktrees/unfreeze-one/03_train/dataset.py:130: UserWarning: all 1 embedding file(s) under /home/luke/projects/buzzdetect-training/.local/worktrees/unfreeze-one/02_set/sets/medium/embeddings/yamnet_trunk/raw/Luke - External Data Sources/InsectSound1000/Nezara_viridula/2022511-18-10/000032 were dropped by the translation; raw label(s) present: ['EXCLUDE']
  warnings.warn(
2026-09-05 00:01:01.468455: E external/local_xla/xla/stream_executor/cuda/cuda_driver.cc:282] failed call to cuInit: CUDA_ERROR_NO_DEVICE: no CUDA-capable device is detected
2026-09-05 00:01:01.468497: I external/local_xla/xla/stream_executor/cuda/cuda_diagnostics.cc:134] retrieving CUDA diagnostic information for host: beelab-files
2026-09-05 00:01:01.468506: I external/local_xla/xla/stream_executor/cuda/cuda_diagnostics.cc:141] hostname: beelab-files
2026-09-05 00:01:01.468584: I external/local_xla/xla/stream_executor/cuda/cuda_diagnostics.cc:165] libcuda reported version is: 580.173.2
2026-09-05 00:01:01.468617: I external/local_xla/xla/stream_executor/cuda/cuda_diagnostics.cc:169] kernel reported version is: NOT_FOUND: could not find kernel module information in driver version file contents: "NVRM version: NVIDIA UNIX Open Kernel Module for x86_64  580.173.02  Release Build  (dvs-builder@U22-I3-AK02-24-4)  Tue Jun 23 08:17:01 UTC 2026
GCC version:  gcc version 13.3.0 (Ubuntu 13.3.0-6ubuntu2~24.04.1) 
"
2026-09-05 00:01:01.469771: W external/local_tsl/tsl/framework/cpu_allocator_impl.cc:83] Allocation of 1641947136 exceeds 10% of free system memory.
[unfreeze_one_foldJamesU - MustardBumbler/1_29] training on 321 fold(s), 66811 frames; early stopping on JamesU - MustardBumbler/1_29 (6984 frames)...
  [yamnet_trunk] fine-tuning blocks ('layer14',): 2 trainable tail tensors
/home/luke/anaconda3/envs/buzzdetect-train/lib/python3.12/site-packages/keras/src/trainers/epoch_iterator.py:74: UserWarning: `shuffle=True` was passed, but will be ignored since the data `x` was provided as a tf.data.Dataset. The Dataset is expected to already be shuffled (via `.shuffle(buffer_size)`).
  self.data_adapter = data_adapters.get_data_adapter(
Epoch 1/400
2026-09-05 00:01:03.406984: W external/local_tsl/tsl/framework/cpu_allocator_impl.cc:83] Allocation of 1641947136 exceeds 10% of free system memory.
66/66 - 82s - 1s/step - accuracy: 0.0710 - loss: 0.6037 - val_accuracy: 0.0563 - val_loss: 0.4693 - val_sens_fpr0.005: 0.0117
Epoch 2/400
66/66 - 80s - 1s/step - accuracy: 0.2105 - loss: 0.4417 - val_accuracy: 0.4036 - val_loss: 0.4316 - val_sens_fpr0.005: 0.3649
Epoch 3/400
66/66 - 79s - 1s/step - accuracy: 0.3298 - loss: 0.4169 - val_accuracy: 0.4825 - val_loss: 0.4263 - val_sens_fpr0.005: 0.4206
Epoch 4/400
66/66 - 79s - 1s/step - accuracy: 0.4039 - loss: 0.4071 - val_accuracy: 0.4979 - val_loss: 0.4248 - val_sens_fpr0.005: 0.4337
Epoch 5/400
66/66 - 80s - 1s/step - accuracy: 0.4437 - loss: 0.4024 - val_accuracy: 0.4957 - val_loss: 0.4257 - val_sens_fpr0.005: 0.4351
Epoch 6/400
66/66 - 80s - 1s/step - accuracy: 0.4687 - loss: 0.3993 - val_accuracy: 0.5117 - val_loss: 0.4220 - val_sens_fpr0.005: 0.4381
Epoch 7/400
66/66 - 80s - 1s/step - accuracy: 0.4901 - loss: 0.3970 - val_accuracy: 0.5110 - val_loss: 0.4223 - val_sens_fpr0.005: 0.4390
Epoch 8/400
66/66 - 79s - 1s/step - accuracy: 0.5076 - loss: 0.3950 - val_accuracy: 0.5129 - val_loss: 0.4225 - val_sens_fpr0.005: 0.4507
Epoch 9/400
66/66 - 79s - 1s/step - accuracy: 0.5211 - loss: 0.3934 - val_accuracy: 0.5183 - val_loss: 0.4216 - val_sens_fpr0.005: 0.4566
Epoch 10/400
66/66 - 79s - 1s/step - accuracy: 0.5315 - loss: 0.3922 - val_accuracy: 0.5150 - val_loss: 0.4230 - val_sens_fpr0.005: 0.4657
Epoch 11/400
