2026-09-02 22:57:11.820597: E external/local_xla/xla/stream_executor/cuda/cuda_fft.cc:479] Unable to register cuFFT factory: Attempting to register factory for plugin cuFFT when one has already been registered
2026-09-02 22:57:11.847041: E external/local_xla/xla/stream_executor/cuda/cuda_dnn.cc:10575] Unable to register cuDNN factory: Attempting to register factory for plugin cuDNN when one has already been registered
2026-09-02 22:57:11.847088: E external/local_xla/xla/stream_executor/cuda/cuda_blas.cc:1442] Unable to register cuBLAS factory: Attempting to register factory for plugin cuBLAS when one has already been registered
2026-09-02 22:57:12.755807: W tensorflow/compiler/tf2tensorrt/utils/py_utils.cc:38] TF-TRT Warning: Could not find TensorRT
[unfreeze_more_1e5] set medium, embedder yamnet_trunk11, translation general: 11 rotating fold(s), 311 train-only, 0 holdout
/home/luke/projects/buzzdetect-training/.local/worktrees/unfreeze-more/03_train/dataset.py:130: UserWarning: all 1 embedding file(s) under /home/luke/projects/buzzdetect-training/.local/worktrees/unfreeze-more/02_set/sets/medium/embeddings/yamnet_trunk11/raw/Luke - External Data Sources/InsectSound1000/Coccinella_septempunctata/2023419-16-19/000020 were dropped by the translation; raw label(s) present: ['EXCLUDE']
  warnings.warn(
/home/luke/projects/buzzdetect-training/.local/worktrees/unfreeze-more/03_train/dataset.py:130: UserWarning: all 1 embedding file(s) under /home/luke/projects/buzzdetect-training/.local/worktrees/unfreeze-more/02_set/sets/medium/embeddings/yamnet_trunk11/raw/Luke - External Data Sources/InsectSound1000/Nezara_viridula/2022511-18-10/000018 were dropped by the translation; raw label(s) present: ['EXCLUDE']
  warnings.warn(
/home/luke/projects/buzzdetect-training/.local/worktrees/unfreeze-more/03_train/dataset.py:130: UserWarning: all 2 embedding file(s) under /home/luke/projects/buzzdetect-training/.local/worktrees/unfreeze-more/02_set/sets/medium/embeddings/yamnet_trunk11/raw/Luke - External Data Sources/InsectSound1000/Nezara_viridula/2022511-18-10/000025 were dropped by the translation; raw label(s) present: ['EXCLUDE']
  warnings.warn(
/home/luke/projects/buzzdetect-training/.local/worktrees/unfreeze-more/03_train/dataset.py:130: UserWarning: all 1 embedding file(s) under /home/luke/projects/buzzdetect-training/.local/worktrees/unfreeze-more/02_set/sets/medium/embeddings/yamnet_trunk11/raw/Luke - External Data Sources/InsectSound1000/Nezara_viridula/2022511-18-10/000032 were dropped by the translation; raw label(s) present: ['EXCLUDE']
  warnings.warn(
2026-09-02 22:57:21.525045: E external/local_xla/xla/stream_executor/cuda/cuda_driver.cc:282] failed call to cuInit: CUDA_ERROR_NO_DEVICE: no CUDA-capable device is detected
2026-09-02 22:57:21.525104: I external/local_xla/xla/stream_executor/cuda/cuda_diagnostics.cc:134] retrieving CUDA diagnostic information for host: beelab-files
2026-09-02 22:57:21.525115: I external/local_xla/xla/stream_executor/cuda/cuda_diagnostics.cc:141] hostname: beelab-files
2026-09-02 22:57:21.525195: I external/local_xla/xla/stream_executor/cuda/cuda_diagnostics.cc:165] libcuda reported version is: 580.173.2
2026-09-02 22:57:21.525224: I external/local_xla/xla/stream_executor/cuda/cuda_diagnostics.cc:169] kernel reported version is: NOT_FOUND: could not find kernel module information in driver version file contents: "NVRM version: NVIDIA UNIX Open Kernel Module for x86_64  580.173.02  Release Build  (dvs-builder@U22-I3-AK02-24-4)  Tue Jun 23 08:17:01 UTC 2026
GCC version:  gcc version 13.3.0 (Ubuntu 13.3.0-6ubuntu2~24.04.1) 
"
2026-09-02 22:57:21.526368: W external/local_tsl/tsl/framework/cpu_allocator_impl.cc:83] Allocation of 1641947136 exceeds 10% of free system memory.
[unfreeze_more_1e5_foldJamesU - MustardBumbler/1_29] training on 321 fold(s), 66811 frames; early stopping on JamesU - MustardBumbler/1_29 (6984 frames)...
/home/luke/anaconda3/envs/buzzdetect-train/lib/python3.12/site-packages/keras/src/trainers/epoch_iterator.py:74: UserWarning: `shuffle=True` was passed, but will be ignored since the data `x` was provided as a tf.data.Dataset. The Dataset is expected to already be shuffled (via `.shuffle(buffer_size)`).
  self.data_adapter = data_adapters.get_data_adapter(
Epoch 1/400
2026-09-02 22:57:23.410700: W external/local_tsl/tsl/framework/cpu_allocator_impl.cc:83] Allocation of 1641947136 exceeds 10% of free system memory.
66/66 - 144s - 2s/step - accuracy: 0.1058 - loss: 0.5321 - val_accuracy: 0.2347 - val_loss: 0.4556 - val_sens_fpr0.005: 0.1580
Epoch 2/400
66/66 - 143s - 2s/step - accuracy: 0.3361 - loss: 0.4216 - val_accuracy: 0.4725 - val_loss: 0.4354 - val_sens_fpr0.005: 0.4264
Epoch 3/400
66/66 - 202s - 3s/step - accuracy: 0.4506 - loss: 0.4053 - val_accuracy: 0.5089 - val_loss: 0.4266 - val_sens_fpr0.005: 0.4622
Epoch 4/400
66/66 - 202s - 3s/step - accuracy: 0.5076 - loss: 0.3981 - val_accuracy: 0.5210 - val_loss: 0.4251 - val_sens_fpr0.005: 0.4741
Epoch 5/400
66/66 - 142s - 2s/step - accuracy: 0.5375 - loss: 0.3935 - val_accuracy: 0.5255 - val_loss: 0.4239 - val_sens_fpr0.005: 0.4723
Epoch 6/400
66/66 - 144s - 2s/step - accuracy: 0.5605 - loss: 0.3903 - val_accuracy: 0.5311 - val_loss: 0.4225 - val_sens_fpr0.005: 0.4811
Epoch 7/400
66/66 - 145s - 2s/step - accuracy: 0.5781 - loss: 0.3879 - val_accuracy: 0.5241 - val_loss: 0.4223 - val_sens_fpr0.005: 0.4883
Epoch 8/400
66/66 - 143s - 2s/step - accuracy: 0.5913 - loss: 0.3857 - val_accuracy: 0.5135 - val_loss: 0.4244 - val_sens_fpr0.005: 0.4952
Epoch 9/400
66/66 - 145s - 2s/step - accuracy: 0.6020 - loss: 0.3841 - val_accuracy: 0.5165 - val_loss: 0.4234 - val_sens_fpr0.005: 0.4968
Epoch 10/400
66/66 - 143s - 2s/step - accuracy: 0.6114 - loss: 0.3827 - val_accuracy: 0.4994 - val_loss: 0.4243 - val_sens_fpr0.005: 0.5007
Epoch 11/400
66/66 - 142s - 2s/step - accuracy: 0.6177 - loss: 0.3814 - val_accuracy: 0.5021 - val_loss: 0.4239 - val_sens_fpr0.005: 0.5025
Epoch 12/400
66/66 - 142s - 2s/step - accuracy: 0.6246 - loss: 0.3804 - val_accuracy: 0.5044 - val_loss: 0.4229 - val_sens_fpr0.005: 0.5011
Epoch 13/400
66/66 - 142s - 2s/step - accuracy: 0.6308 - loss: 0.3794 - val_accuracy: 0.5006 - val_loss: 0.4229 - val_sens_fpr0.005: 0.4961
Epoch 14/400
66/66 - 142s - 2s/step - accuracy: 0.6376 - loss: 0.3786 - val_accuracy: 0.4948 - val_loss: 0.4238 - val_sens_fpr0.005: 0.5009
Epoch 15/400
66/66 - 142s - 2s/step - accuracy: 0.6393 - loss: 0.3778 - val_accuracy: 0.4696 - val_loss: 0.4260 - val_sens_fpr0.005: 0.4997
Epoch 16/400
66/66 - 144s - 2s/step - accuracy: 0.6431 - loss: 0.3771 - val_accuracy: 0.4910 - val_loss: 0.4245 - val_sens_fpr0.005: 0.5070
Epoch 17/400
66/66 - 142s - 2s/step - accuracy: 0.6473 - loss: 0.3761 - val_accuracy: 0.4838 - val_loss: 0.4241 - val_sens_fpr0.005: 0.5052
Epoch 18/400
66/66 - 142s - 2s/step - accuracy: 0.6512 - loss: 0.3756 - val_accuracy: 0.4672 - val_loss: 0.4268 - val_sens_fpr0.005: 0.5002
Epoch 19/400
66/66 - 144s - 2s/step - accuracy: 0.6518 - loss: 0.3751 - val_accuracy: 0.4689 - val_loss: 0.4256 - val_sens_fpr0.005: 0.5020
Epoch 20/400
66/66 - 142s - 2s/step - accuracy: 0.6550 - loss: 0.3745 - val_accuracy: 0.4602 - val_loss: 0.4259 - val_sens_fpr0.005: 0.5014
Epoch 21/400
66/66 - 142s - 2s/step - accuracy: 0.6581 - loss: 0.3739 - val_accuracy: 0.4570 - val_loss: 0.4258 - val_sens_fpr0.005: 0.4890
Epoch 22/400
66/66 - 143s - 2s/step - accuracy: 0.6606 - loss: 0.3735 - val_accuracy: 0.4576 - val_loss: 0.4273 - val_sens_fpr0.005: 0.4900
Epoch 23/400
66/66 - 145s - 2s/step - accuracy: 0.6627 - loss: 0.3731 - val_accuracy: 0.4689 - val_loss: 0.4249 - val_sens_fpr0.005: 0.4948
Epoch 24/400
66/66 - 142s - 2s/step - accuracy: 0.6675 - loss: 0.3726 - val_accuracy: 0.4613 - val_loss: 0.4257 - val_sens_fpr0.005: 0.5001
Epoch 25/400
66/66 - 143s - 2s/step - accuracy: 0.6677 - loss: 0.3722 - val_accuracy: 0.4576 - val_loss: 0.4256 - val_sens_fpr0.005: 0.4999
Epoch 26/400
66/66 - 146s - 2s/step - accuracy: 0.6685 - loss: 0.3717 - val_accuracy: 0.4397 - val_loss: 0.4273 - val_sens_fpr0.005: 0.4995
Epoch 27/400
66/66 - 142s - 2s/step - accuracy: 0.6710 - loss: 0.3713 - val_accuracy: 0.4622 - val_loss: 0.4237 - val_sens_fpr0.005: 0.4937
Epoch 28/400
66/66 - 201s - 3s/step - accuracy: 0.6744 - loss: 0.3710 - val_accuracy: 0.4492 - val_loss: 0.4265 - val_sens_fpr0.005: 0.4931
Epoch 29/400
66/66 - 142s - 2s/step - accuracy: 0.6756 - loss: 0.3706 - val_accuracy: 0.4357 - val_loss: 0.4269 - val_sens_fpr0.005: 0.4884
Epoch 30/400
66/66 - 142s - 2s/step - accuracy: 0.6777 - loss: 0.3702 - val_accuracy: 0.4462 - val_loss: 0.4255 - val_sens_fpr0.005: 0.4902
Epoch 31/400
66/66 - 142s - 2s/step - accuracy: 0.6784 - loss: 0.3699 - val_accuracy: 0.4434 - val_loss: 0.4267 - val_sens_fpr0.005: 0.4863
Epoch 32/400
66/66 - 144s - 2s/step - accuracy: 0.6810 - loss: 0.3696 - val_accuracy: 0.4466 - val_loss: 0.4258 - val_sens_fpr0.005: 0.4849
Epoch 33/400
66/66 - 144s - 2s/step - accuracy: 0.6825 - loss: 0.3691 - val_accuracy: 0.4330 - val_loss: 0.4270 - val_sens_fpr0.005: 0.4813
Epoch 34/400
66/66 - 142s - 2s/step - accuracy: 0.6838 - loss: 0.3690 - val_accuracy: 0.4304 - val_loss: 0.4271 - val_sens_fpr0.005: 0.4798
Epoch 35/400
66/66 - 144s - 2s/step - accuracy: 0.6846 - loss: 0.3686 - val_accuracy: 0.4310 - val_loss: 0.4274 - val_sens_fpr0.005: 0.4810
Epoch 36/400
66/66 - 144s - 2s/step - accuracy: 0.6871 - loss: 0.3684 - val_accuracy: 0.4410 - val_loss: 0.4254 - val_sens_fpr0.005: 0.4767
Epoch 37/400
66/66 - 142s - 2s/step - accuracy: 0.6886 - loss: 0.3680 - val_accuracy: 0.4364 - val_loss: 0.4270 - val_sens_fpr0.005: 0.4810
Epoch 38/400
66/66 - 142s - 2s/step - accuracy: 0.6902 - loss: 0.3678 - val_accuracy: 0.4424 - val_loss: 0.4248 - val_sens_fpr0.005: 0.4759
Epoch 39/400
66/66 - 142s - 2s/step - accuracy: 0.6912 - loss: 0.3676 - val_accuracy: 0.4397 - val_loss: 0.4255 - val_sens_fpr0.005: 0.4776
Epoch 40/400
66/66 - 144s - 2s/step - accuracy: 0.6929 - loss: 0.3673 - val_accuracy: 0.4137 - val_loss: 0.4289 - val_sens_fpr0.005: 0.4767
Epoch 41/400
66/66 - 142s - 2s/step - accuracy: 0.6937 - loss: 0.3670 - val_accuracy: 0.4413 - val_loss: 0.4245 - val_sens_fpr0.005: 0.4753
Epoch 42/400
66/66 - 142s - 2s/step - accuracy: 0.6959 - loss: 0.3667 - val_accuracy: 0.4437 - val_loss: 0.4246 - val_sens_fpr0.005: 0.4729
Epoch 43/400
66/66 - 142s - 2s/step - accuracy: 0.6965 - loss: 0.3665 - val_accuracy: 0.4224 - val_loss: 0.4280 - val_sens_fpr0.005: 0.4685
Epoch 44/400
66/66 - 142s - 2s/step - accuracy: 0.6977 - loss: 0.3662 - val_accuracy: 0.4118 - val_loss: 0.4295 - val_sens_fpr0.005: 0.4722
Epoch 45/400
66/66 - 142s - 2s/step - accuracy: 0.6999 - loss: 0.3660 - val_accuracy: 0.4271 - val_loss: 0.4263 - val_sens_fpr0.005: 0.4720
Epoch 46/400
66/66 - 142s - 2s/step - accuracy: 0.7012 - loss: 0.3659 - val_accuracy: 0.4097 - val_loss: 0.4293 - val_sens_fpr0.005: 0.4720
Epoch 47/400
66/66 - 142s - 2s/step - accuracy: 0.7008 - loss: 0.3655 - val_accuracy: 0.4170 - val_loss: 0.4276 - val_sens_fpr0.005: 0.4690
Epoch 48/400
66/66 - 143s - 2s/step - accuracy: 0.7014 - loss: 0.3654 - val_accuracy: 0.4180 - val_loss: 0.4294 - val_sens_fpr0.005: 0.4740
Epoch 49/400
66/66 - 142s - 2s/step - accuracy: 0.7046 - loss: 0.3652 - val_accuracy: 0.4180 - val_loss: 0.4276 - val_sens_fpr0.005: 0.4671
Epoch 50/400
66/66 - 142s - 2s/step - accuracy: 0.7042 - loss: 0.3649 - val_accuracy: 0.4190 - val_loss: 0.4277 - val_sens_fpr0.005: 0.4709
Epoch 51/400
66/66 - 143s - 2s/step - accuracy: 0.7061 - loss: 0.3647 - val_accuracy: 0.4167 - val_loss: 0.4290 - val_sens_fpr0.005: 0.4679
Epoch 52/400
66/66 - 143s - 2s/step - accuracy: 0.7067 - loss: 0.3646 - val_accuracy: 0.3926 - val_loss: 0.4321 - val_sens_fpr0.005: 0.4644
Epoch 53/400
66/66 - 142s - 2s/step - accuracy: 0.7080 - loss: 0.3644 - val_accuracy: 0.4243 - val_loss: 0.4267 - val_sens_fpr0.005: 0.4650
Epoch 54/400
66/66 - 142s - 2s/step - accuracy: 0.7114 - loss: 0.3642 - val_accuracy: 0.4097 - val_loss: 0.4280 - val_sens_fpr0.005: 0.4678
Epoch 55/400
66/66 - 142s - 2s/step - accuracy: 0.7110 - loss: 0.3639 - val_accuracy: 0.4042 - val_loss: 0.4306 - val_sens_fpr0.005: 0.4678
[1/11] JamesU - MustardBumbler/1_29: 55 epochs (best 5), val_loss 0.4239, 66811/6984 frames train/val, sens@fpr0.5%=0.472
2026-09-03 01:11:22.821345: W external/local_tsl/tsl/framework/cpu_allocator_impl.cc:83] Allocation of 1697783808 exceeds 10% of free system memory.
[unfreeze_more_1e5_foldLily - Fit+Fast/2023_R3_Marysville/53] training on 321 fold(s), 69083 frames; early stopping on Lily - Fit+Fast/2023_R3_Marysville/53 (4712 frames)...
/home/luke/anaconda3/envs/buzzdetect-train/lib/python3.12/site-packages/keras/src/trainers/epoch_iterator.py:74: UserWarning: `shuffle=True` was passed, but will be ignored since the data `x` was provided as a tf.data.Dataset. The Dataset is expected to already be shuffled (via `.shuffle(buffer_size)`).
  self.data_adapter = data_adapters.get_data_adapter(
Epoch 1/400
2026-09-03 01:11:29.351563: W external/local_tsl/tsl/framework/cpu_allocator_impl.cc:83] Allocation of 1697783808 exceeds 10% of free system memory.
68/68 - 150s - 2s/step - accuracy: 0.1138 - loss: 0.5165 - val_accuracy: 0.2298 - val_loss: 0.4169 - val_sens_fpr0.005: 0.1372
Epoch 2/400
68/68 - 145s - 2s/step - accuracy: 0.3520 - loss: 0.4192 - val_accuracy: 0.3654 - val_loss: 0.4079 - val_sens_fpr0.005: 0.3447
Epoch 3/400
68/68 - 145s - 2s/step - accuracy: 0.4556 - loss: 0.4039 - val_accuracy: 0.5030 - val_loss: 0.3998 - val_sens_fpr0.005: 0.3849
Epoch 4/400
68/68 - 146s - 2s/step - accuracy: 0.5091 - loss: 0.3962 - val_accuracy: 0.5581 - val_loss: 0.3973 - val_sens_fpr0.005: 0.3878
Epoch 5/400
68/68 - 145s - 2s/step - accuracy: 0.5439 - loss: 0.3917 - val_accuracy: 0.5739 - val_loss: 0.3950 - val_sens_fpr0.005: 0.3928
Epoch 6/400
68/68 - 145s - 2s/step - accuracy: 0.5689 - loss: 0.3886 - val_accuracy: 0.5702 - val_loss: 0.3938 - val_sens_fpr0.005: 0.3921
Epoch 7/400
68/68 - 145s - 2s/step - accuracy: 0.5845 - loss: 0.3863 - val_accuracy: 0.5605 - val_loss: 0.3924 - val_sens_fpr0.005: 0.3928
Epoch 8/400
68/68 - 145s - 2s/step - accuracy: 0.5991 - loss: 0.3843 - val_accuracy: 0.5679 - val_loss: 0.3919 - val_sens_fpr0.005: 0.3961
Epoch 9/400
68/68 - 145s - 2s/step - accuracy: 0.6065 - loss: 0.3829 - val_accuracy: 0.5658 - val_loss: 0.3916 - val_sens_fpr0.005: 0.4000
Epoch 10/400
68/68 - 145s - 2s/step - accuracy: 0.6154 - loss: 0.3813 - val_accuracy: 0.5607 - val_loss: 0.3917 - val_sens_fpr0.005: 0.4072
Epoch 11/400
68/68 - 145s - 2s/step - accuracy: 0.6236 - loss: 0.3803 - val_accuracy: 0.5531 - val_loss: 0.3916 - val_sens_fpr0.005: 0.4083
Epoch 12/400
68/68 - 145s - 2s/step - accuracy: 0.6279 - loss: 0.3793 - val_accuracy: 0.5635 - val_loss: 0.3897 - val_sens_fpr0.005: 0.4037
Epoch 13/400
68/68 - 145s - 2s/step - accuracy: 0.6344 - loss: 0.3783 - val_accuracy: 0.5664 - val_loss: 0.3901 - val_sens_fpr0.005: 0.4117
Epoch 14/400
68/68 - 144s - 2s/step - accuracy: 0.6392 - loss: 0.3775 - val_accuracy: 0.5658 - val_loss: 0.3903 - val_sens_fpr0.005: 0.4082
Epoch 15/400
68/68 - 144s - 2s/step - accuracy: 0.6443 - loss: 0.3766 - val_accuracy: 0.5662 - val_loss: 0.3896 - val_sens_fpr0.005: 0.4142
Epoch 16/400
68/68 - 201s - 3s/step - accuracy: 0.6479 - loss: 0.3758 - val_accuracy: 0.5588 - val_loss: 0.3900 - val_sens_fpr0.005: 0.4130
Epoch 17/400
68/68 - 144s - 2s/step - accuracy: 0.6524 - loss: 0.3751 - val_accuracy: 0.5628 - val_loss: 0.3890 - val_sens_fpr0.005: 0.4210
Epoch 18/400
68/68 - 145s - 2s/step - accuracy: 0.6545 - loss: 0.3745 - val_accuracy: 0.5603 - val_loss: 0.3882 - val_sens_fpr0.005: 0.4216
Epoch 19/400
68/68 - 145s - 2s/step - accuracy: 0.6589 - loss: 0.3739 - val_accuracy: 0.5469 - val_loss: 0.3894 - val_sens_fpr0.005: 0.4252
Epoch 20/400
68/68 - 145s - 2s/step - accuracy: 0.6629 - loss: 0.3733 - val_accuracy: 0.5407 - val_loss: 0.3892 - val_sens_fpr0.005: 0.4258
Epoch 21/400
68/68 - 145s - 2s/step - accuracy: 0.6636 - loss: 0.3729 - val_accuracy: 0.5365 - val_loss: 0.3899 - val_sens_fpr0.005: 0.4262
Epoch 22/400
68/68 - 145s - 2s/step - accuracy: 0.6668 - loss: 0.3724 - val_accuracy: 0.5494 - val_loss: 0.3889 - val_sens_fpr0.005: 0.4314
Epoch 23/400
68/68 - 145s - 2s/step - accuracy: 0.6700 - loss: 0.3719 - val_accuracy: 0.5575 - val_loss: 0.3881 - val_sens_fpr0.005: 0.4299
Epoch 24/400
68/68 - 144s - 2s/step - accuracy: 0.6719 - loss: 0.3715 - val_accuracy: 0.5480 - val_loss: 0.3881 - val_sens_fpr0.005: 0.4371
Epoch 25/400
68/68 - 144s - 2s/step - accuracy: 0.6746 - loss: 0.3709 - val_accuracy: 0.5586 - val_loss: 0.3874 - val_sens_fpr0.005: 0.4369
Epoch 26/400
68/68 - 144s - 2s/step - accuracy: 0.6757 - loss: 0.3706 - val_accuracy: 0.5450 - val_loss: 0.3881 - val_sens_fpr0.005: 0.4407
Epoch 27/400
68/68 - 145s - 2s/step - accuracy: 0.6774 - loss: 0.3702 - val_accuracy: 0.5435 - val_loss: 0.3878 - val_sens_fpr0.005: 0.4402
Epoch 28/400
68/68 - 145s - 2s/step - accuracy: 0.6808 - loss: 0.3698 - val_accuracy: 0.5452 - val_loss: 0.3872 - val_sens_fpr0.005: 0.4355
Epoch 29/400
68/68 - 145s - 2s/step - accuracy: 0.6815 - loss: 0.3695 - val_accuracy: 0.5429 - val_loss: 0.3881 - val_sens_fpr0.005: 0.4369
Epoch 30/400
68/68 - 145s - 2s/step - accuracy: 0.6832 - loss: 0.3691 - val_accuracy: 0.5486 - val_loss: 0.3874 - val_sens_fpr0.005: 0.4441
Epoch 31/400
68/68 - 145s - 2s/step - accuracy: 0.6854 - loss: 0.3687 - val_accuracy: 0.5399 - val_loss: 0.3883 - val_sens_fpr0.005: 0.4464
Epoch 32/400
68/68 - 200s - 3s/step - accuracy: 0.6863 - loss: 0.3684 - val_accuracy: 0.5615 - val_loss: 0.3864 - val_sens_fpr0.005: 0.4381
Epoch 33/400
68/68 - 145s - 2s/step - accuracy: 0.6879 - loss: 0.3681 - val_accuracy: 0.5414 - val_loss: 0.3877 - val_sens_fpr0.005: 0.4508
Epoch 34/400
68/68 - 145s - 2s/step - accuracy: 0.6891 - loss: 0.3679 - val_accuracy: 0.5518 - val_loss: 0.3869 - val_sens_fpr0.005: 0.4569
Epoch 35/400
68/68 - 145s - 2s/step - accuracy: 0.6903 - loss: 0.3675 - val_accuracy: 0.5461 - val_loss: 0.3871 - val_sens_fpr0.005: 0.4567
Epoch 36/400
68/68 - 200s - 3s/step - accuracy: 0.6932 - loss: 0.3672 - val_accuracy: 0.5412 - val_loss: 0.3874 - val_sens_fpr0.005: 0.4576
Epoch 37/400
68/68 - 144s - 2s/step - accuracy: 0.6940 - loss: 0.3670 - val_accuracy: 0.5579 - val_loss: 0.3861 - val_sens_fpr0.005: 0.4530
Epoch 38/400
68/68 - 145s - 2s/step - accuracy: 0.6959 - loss: 0.3667 - val_accuracy: 0.5388 - val_loss: 0.3874 - val_sens_fpr0.005: 0.4555
Epoch 39/400
68/68 - 145s - 2s/step - accuracy: 0.6980 - loss: 0.3663 - val_accuracy: 0.5475 - val_loss: 0.3863 - val_sens_fpr0.005: 0.4569
Epoch 40/400
68/68 - 145s - 2s/step - accuracy: 0.6976 - loss: 0.3662 - val_accuracy: 0.5412 - val_loss: 0.3871 - val_sens_fpr0.005: 0.4606
Epoch 41/400
68/68 - 200s - 3s/step - accuracy: 0.6982 - loss: 0.3659 - val_accuracy: 0.5463 - val_loss: 0.3869 - val_sens_fpr0.005: 0.4634
Epoch 42/400
68/68 - 145s - 2s/step - accuracy: 0.7021 - loss: 0.3656 - val_accuracy: 0.5486 - val_loss: 0.3869 - val_sens_fpr0.005: 0.4640
Epoch 43/400
68/68 - 145s - 2s/step - accuracy: 0.7017 - loss: 0.3653 - val_accuracy: 0.5516 - val_loss: 0.3865 - val_sens_fpr0.005: 0.4602
Epoch 44/400
68/68 - 147s - 2s/step - accuracy: 0.7040 - loss: 0.3652 - val_accuracy: 0.5473 - val_loss: 0.3865 - val_sens_fpr0.005: 0.4601
Epoch 45/400
68/68 - 145s - 2s/step - accuracy: 0.7047 - loss: 0.3650 - val_accuracy: 0.5473 - val_loss: 0.3867 - val_sens_fpr0.005: 0.4621
Epoch 46/400
68/68 - 145s - 2s/step - accuracy: 0.7050 - loss: 0.3647 - val_accuracy: 0.5469 - val_loss: 0.3867 - val_sens_fpr0.005: 0.4586
Epoch 47/400
68/68 - 200s - 3s/step - accuracy: 0.7075 - loss: 0.3645 - val_accuracy: 0.5469 - val_loss: 0.3869 - val_sens_fpr0.005: 0.4563
Epoch 48/400
68/68 - 202s - 3s/step - accuracy: 0.7080 - loss: 0.3643 - val_accuracy: 0.5346 - val_loss: 0.3875 - val_sens_fpr0.005: 0.4671
Epoch 49/400
68/68 - 144s - 2s/step - accuracy: 0.7092 - loss: 0.3641 - val_accuracy: 0.5437 - val_loss: 0.3868 - val_sens_fpr0.005: 0.4689
Epoch 50/400
68/68 - 144s - 2s/step - accuracy: 0.7104 - loss: 0.3638 - val_accuracy: 0.5422 - val_loss: 0.3865 - val_sens_fpr0.005: 0.4708
Epoch 51/400
68/68 - 145s - 2s/step - accuracy: 0.7123 - loss: 0.3637 - val_accuracy: 0.5422 - val_loss: 0.3869 - val_sens_fpr0.005: 0.4607
Epoch 52/400
68/68 - 145s - 2s/step - accuracy: 0.7129 - loss: 0.3635 - val_accuracy: 0.5448 - val_loss: 0.3868 - val_sens_fpr0.005: 0.4697
Epoch 53/400
68/68 - 200s - 3s/step - accuracy: 0.7124 - loss: 0.3633 - val_accuracy: 0.5424 - val_loss: 0.3868 - val_sens_fpr0.005: 0.4667
Epoch 54/400
68/68 - 202s - 3s/step - accuracy: 0.7140 - loss: 0.3630 - val_accuracy: 0.5414 - val_loss: 0.3870 - val_sens_fpr0.005: 0.4664
Epoch 55/400
68/68 - 203s - 3s/step - accuracy: 0.7165 - loss: 0.3629 - val_accuracy: 0.5261 - val_loss: 0.3880 - val_sens_fpr0.005: 0.4699
Epoch 56/400
68/68 - 146s - 2s/step - accuracy: 0.7173 - loss: 0.3627 - val_accuracy: 0.5238 - val_loss: 0.3884 - val_sens_fpr0.005: 0.4706
Epoch 57/400
68/68 - 145s - 2s/step - accuracy: 0.7183 - loss: 0.3625 - val_accuracy: 0.5399 - val_loss: 0.3871 - val_sens_fpr0.005: 0.4682
Epoch 58/400
68/68 - 145s - 2s/step - accuracy: 0.7193 - loss: 0.3623 - val_accuracy: 0.5348 - val_loss: 0.3876 - val_sens_fpr0.005: 0.4700
Epoch 59/400
68/68 - 145s - 2s/step - accuracy: 0.7193 - loss: 0.3621 - val_accuracy: 0.5456 - val_loss: 0.3868 - val_sens_fpr0.005: 0.4681
Epoch 60/400
68/68 - 145s - 2s/step - accuracy: 0.7212 - loss: 0.3620 - val_accuracy: 0.5303 - val_loss: 0.3875 - val_sens_fpr0.005: 0.4727
Epoch 61/400
68/68 - 144s - 2s/step - accuracy: 0.7233 - loss: 0.3618 - val_accuracy: 0.5327 - val_loss: 0.3874 - val_sens_fpr0.005: 0.4704
Epoch 62/400
68/68 - 144s - 2s/step - accuracy: 0.7235 - loss: 0.3616 - val_accuracy: 0.5291 - val_loss: 0.3871 - val_sens_fpr0.005: 0.4629
Epoch 63/400
68/68 - 145s - 2s/step - accuracy: 0.7238 - loss: 0.3615 - val_accuracy: 0.5244 - val_loss: 0.3879 - val_sens_fpr0.005: 0.4710
Epoch 64/400
68/68 - 201s - 3s/step - accuracy: 0.7258 - loss: 0.3614 - val_accuracy: 0.5384 - val_loss: 0.3870 - val_sens_fpr0.005: 0.4629
Epoch 65/400
68/68 - 144s - 2s/step - accuracy: 0.7255 - loss: 0.3612 - val_accuracy: 0.5401 - val_loss: 0.3867 - val_sens_fpr0.005: 0.4615
Epoch 66/400
68/68 - 145s - 2s/step - accuracy: 0.7282 - loss: 0.3610 - val_accuracy: 0.5299 - val_loss: 0.3873 - val_sens_fpr0.005: 0.4714
Epoch 67/400
68/68 - 146s - 2s/step - accuracy: 0.7272 - loss: 0.3608 - val_accuracy: 0.5289 - val_loss: 0.3875 - val_sens_fpr0.005: 0.4629
Epoch 68/400
68/68 - 145s - 2s/step - accuracy: 0.7299 - loss: 0.3607 - val_accuracy: 0.5380 - val_loss: 0.3872 - val_sens_fpr0.005: 0.4580
Epoch 69/400
68/68 - 145s - 2s/step - accuracy: 0.7304 - loss: 0.3605 - val_accuracy: 0.5433 - val_loss: 0.3863 - val_sens_fpr0.005: 0.4650
Epoch 70/400
68/68 - 145s - 2s/step - accuracy: 0.7296 - loss: 0.3604 - val_accuracy: 0.5303 - val_loss: 0.3871 - val_sens_fpr0.005: 0.4654
Epoch 71/400
68/68 - 200s - 3s/step - accuracy: 0.7323 - loss: 0.3603 - val_accuracy: 0.5257 - val_loss: 0.3880 - val_sens_fpr0.005: 0.4625
Epoch 72/400
68/68 - 145s - 2s/step - accuracy: 0.7325 - loss: 0.3601 - val_accuracy: 0.5501 - val_loss: 0.3862 - val_sens_fpr0.005: 0.4646
Epoch 73/400
68/68 - 145s - 2s/step - accuracy: 0.7340 - loss: 0.3599 - val_accuracy: 0.5246 - val_loss: 0.3882 - val_sens_fpr0.005: 0.4582
Epoch 74/400
68/68 - 145s - 2s/step - accuracy: 0.7353 - loss: 0.3599 - val_accuracy: 0.5276 - val_loss: 0.3878 - val_sens_fpr0.005: 0.4576
Epoch 75/400
68/68 - 145s - 2s/step - accuracy: 0.7365 - loss: 0.3597 - val_accuracy: 0.5299 - val_loss: 0.3877 - val_sens_fpr0.005: 0.4578
[2/11] Lily - Fit+Fast/2023_R3_Marysville/53: 75 epochs (best 25), val_loss 0.3874, 69083/4712 frames train/val, sens@fpr0.5%=0.437
2026-09-03 04:23:07.857082: W external/local_tsl/tsl/framework/cpu_allocator_impl.cc:83] Allocation of 1697341440 exceeds 10% of free system memory.
[unfreeze_more_1e5_foldLily Adam - One Hive/recorders/willard/2024-08-07/1_11] training on 321 fold(s), 69065 frames; early stopping on Lily Adam - One Hive/recorders/willard/2024-08-07/1_11 (4730 frames)...
/home/luke/anaconda3/envs/buzzdetect-train/lib/python3.12/site-packages/keras/src/trainers/epoch_iterator.py:74: UserWarning: `shuffle=True` was passed, but will be ignored since the data `x` was provided as a tf.data.Dataset. The Dataset is expected to already be shuffled (via `.shuffle(buffer_size)`).
  self.data_adapter = data_adapters.get_data_adapter(
Epoch 1/400
68/68 - 148s - 2s/step - accuracy: 0.0649 - loss: 0.5342 - val_accuracy: 0.0550 - val_loss: 0.4251 - val_sens_fpr0.005: 0.0230
Epoch 2/400
68/68 - 146s - 2s/step - accuracy: 0.2881 - loss: 0.4209 - val_accuracy: 0.2125 - val_loss: 0.4153 - val_sens_fpr0.005: 0.1049
Epoch 3/400
68/68 - 146s - 2s/step - accuracy: 0.4350 - loss: 0.4035 - val_accuracy: 0.2186 - val_loss: 0.4165 - val_sens_fpr0.005: 0.1344
Epoch 4/400
68/68 - 146s - 2s/step - accuracy: 0.4916 - loss: 0.3957 - val_accuracy: 0.2171 - val_loss: 0.4171 - val_sens_fpr0.005: 0.1541
Epoch 5/400
68/68 - 145s - 2s/step - accuracy: 0.5316 - loss: 0.3909 - val_accuracy: 0.2131 - val_loss: 0.4181 - val_sens_fpr0.005: 0.1705
Epoch 6/400
68/68 - 146s - 2s/step - accuracy: 0.5557 - loss: 0.3877 - val_accuracy: 0.2008 - val_loss: 0.4181 - val_sens_fpr0.005: 0.2033
Epoch 7/400
68/68 - 145s - 2s/step - accuracy: 0.5742 - loss: 0.3851 - val_accuracy: 0.1708 - val_loss: 0.4235 - val_sens_fpr0.005: 0.2238
Epoch 8/400
68/68 - 145s - 2s/step - accuracy: 0.5871 - loss: 0.3830 - val_accuracy: 0.1875 - val_loss: 0.4206 - val_sens_fpr0.005: 0.2295
Epoch 9/400
68/68 - 146s - 2s/step - accuracy: 0.5984 - loss: 0.3813 - val_accuracy: 0.1662 - val_loss: 0.4231 - val_sens_fpr0.005: 0.2557
Epoch 10/400
68/68 - 145s - 2s/step - accuracy: 0.6075 - loss: 0.3798 - val_accuracy: 0.1719 - val_loss: 0.4214 - val_sens_fpr0.005: 0.2590
Epoch 11/400
68/68 - 201s - 3s/step - accuracy: 0.6129 - loss: 0.3787 - val_accuracy: 0.1966 - val_loss: 0.4179 - val_sens_fpr0.005: 0.2623
Epoch 12/400
68/68 - 145s - 2s/step - accuracy: 0.6202 - loss: 0.3777 - val_accuracy: 0.1751 - val_loss: 0.4207 - val_sens_fpr0.005: 0.2627
Epoch 13/400
68/68 - 145s - 2s/step - accuracy: 0.6244 - loss: 0.3765 - val_accuracy: 0.1835 - val_loss: 0.4185 - val_sens_fpr0.005: 0.2623
Epoch 14/400
68/68 - 201s - 3s/step - accuracy: 0.6324 - loss: 0.3757 - val_accuracy: 0.1677 - val_loss: 0.4206 - val_sens_fpr0.005: 0.2656
Epoch 15/400
68/68 - 145s - 2s/step - accuracy: 0.6352 - loss: 0.3748 - val_accuracy: 0.1729 - val_loss: 0.4210 - val_sens_fpr0.005: 0.2660
Epoch 16/400
68/68 - 146s - 2s/step - accuracy: 0.6399 - loss: 0.3741 - val_accuracy: 0.1913 - val_loss: 0.4182 - val_sens_fpr0.005: 0.2693
Epoch 17/400
68/68 - 146s - 2s/step - accuracy: 0.6440 - loss: 0.3733 - val_accuracy: 0.1619 - val_loss: 0.4220 - val_sens_fpr0.005: 0.2754
Epoch 18/400
68/68 - 146s - 2s/step - accuracy: 0.6470 - loss: 0.3727 - val_accuracy: 0.1672 - val_loss: 0.4205 - val_sens_fpr0.005: 0.2730
Epoch 19/400
68/68 - 145s - 2s/step - accuracy: 0.6483 - loss: 0.3721 - val_accuracy: 0.1818 - val_loss: 0.4185 - val_sens_fpr0.005: 0.2734
Epoch 20/400
68/68 - 200s - 3s/step - accuracy: 0.6522 - loss: 0.3716 - val_accuracy: 0.1689 - val_loss: 0.4204 - val_sens_fpr0.005: 0.2758
Epoch 21/400
68/68 - 144s - 2s/step - accuracy: 0.6572 - loss: 0.3710 - val_accuracy: 0.1732 - val_loss: 0.4204 - val_sens_fpr0.005: 0.2725
Epoch 22/400
68/68 - 144s - 2s/step - accuracy: 0.6590 - loss: 0.3705 - val_accuracy: 0.1651 - val_loss: 0.4202 - val_sens_fpr0.005: 0.2795
Epoch 23/400
68/68 - 146s - 2s/step - accuracy: 0.6606 - loss: 0.3700 - val_accuracy: 0.1926 - val_loss: 0.4171 - val_sens_fpr0.005: 0.2758
Epoch 24/400
68/68 - 200s - 3s/step - accuracy: 0.6632 - loss: 0.3697 - val_accuracy: 0.1856 - val_loss: 0.4184 - val_sens_fpr0.005: 0.2758
Epoch 25/400
68/68 - 202s - 3s/step - accuracy: 0.6654 - loss: 0.3691 - val_accuracy: 0.1698 - val_loss: 0.4202 - val_sens_fpr0.005: 0.2754
Epoch 26/400
68/68 - 146s - 2s/step - accuracy: 0.6684 - loss: 0.3687 - val_accuracy: 0.1748 - val_loss: 0.4198 - val_sens_fpr0.005: 0.2852
Epoch 27/400
68/68 - 145s - 2s/step - accuracy: 0.6704 - loss: 0.3683 - val_accuracy: 0.1782 - val_loss: 0.4186 - val_sens_fpr0.005: 0.2861
Epoch 28/400
68/68 - 146s - 2s/step - accuracy: 0.6717 - loss: 0.3680 - val_accuracy: 0.1822 - val_loss: 0.4174 - val_sens_fpr0.005: 0.2889
Epoch 29/400
68/68 - 145s - 2s/step - accuracy: 0.6739 - loss: 0.3676 - val_accuracy: 0.1761 - val_loss: 0.4193 - val_sens_fpr0.005: 0.2852
Epoch 30/400
68/68 - 145s - 2s/step - accuracy: 0.6748 - loss: 0.3672 - val_accuracy: 0.1924 - val_loss: 0.4168 - val_sens_fpr0.005: 0.2885
Epoch 31/400
68/68 - 145s - 2s/step - accuracy: 0.6779 - loss: 0.3669 - val_accuracy: 0.1909 - val_loss: 0.4179 - val_sens_fpr0.005: 0.2885
Epoch 32/400
68/68 - 145s - 2s/step - accuracy: 0.6777 - loss: 0.3666 - val_accuracy: 0.1905 - val_loss: 0.4172 - val_sens_fpr0.005: 0.2885
Epoch 33/400
68/68 - 145s - 2s/step - accuracy: 0.6811 - loss: 0.3663 - val_accuracy: 0.1934 - val_loss: 0.4170 - val_sens_fpr0.005: 0.2889
Epoch 34/400
68/68 - 145s - 2s/step - accuracy: 0.6813 - loss: 0.3659 - val_accuracy: 0.1956 - val_loss: 0.4157 - val_sens_fpr0.005: 0.2820
Epoch 35/400
68/68 - 145s - 2s/step - accuracy: 0.6839 - loss: 0.3656 - val_accuracy: 0.2376 - val_loss: 0.4124 - val_sens_fpr0.005: 0.2824
Epoch 36/400
68/68 - 145s - 2s/step - accuracy: 0.6853 - loss: 0.3654 - val_accuracy: 0.1875 - val_loss: 0.4171 - val_sens_fpr0.005: 0.2852
Epoch 37/400
68/68 - 145s - 2s/step - accuracy: 0.6864 - loss: 0.3651 - val_accuracy: 0.2015 - val_loss: 0.4170 - val_sens_fpr0.005: 0.2795
Epoch 38/400
68/68 - 146s - 2s/step - accuracy: 0.6865 - loss: 0.3648 - val_accuracy: 0.2013 - val_loss: 0.4148 - val_sens_fpr0.005: 0.2832
Epoch 39/400
68/68 - 146s - 2s/step - accuracy: 0.6877 - loss: 0.3646 - val_accuracy: 0.2167 - val_loss: 0.4144 - val_sens_fpr0.005: 0.2857
Epoch 40/400
68/68 - 145s - 2s/step - accuracy: 0.6919 - loss: 0.3643 - val_accuracy: 0.2125 - val_loss: 0.4152 - val_sens_fpr0.005: 0.2795
Epoch 41/400
68/68 - 146s - 2s/step - accuracy: 0.6914 - loss: 0.3641 - val_accuracy: 0.1956 - val_loss: 0.4164 - val_sens_fpr0.005: 0.2889
Epoch 42/400
68/68 - 145s - 2s/step - accuracy: 0.6932 - loss: 0.3638 - val_accuracy: 0.2101 - val_loss: 0.4150 - val_sens_fpr0.005: 0.2787
Epoch 43/400
68/68 - 145s - 2s/step - accuracy: 0.6940 - loss: 0.3635 - val_accuracy: 0.2321 - val_loss: 0.4134 - val_sens_fpr0.005: 0.2889
Epoch 44/400
68/68 - 145s - 2s/step - accuracy: 0.6965 - loss: 0.3633 - val_accuracy: 0.2085 - val_loss: 0.4147 - val_sens_fpr0.005: 0.2889
Epoch 45/400
68/68 - 145s - 2s/step - accuracy: 0.6971 - loss: 0.3631 - val_accuracy: 0.2066 - val_loss: 0.4154 - val_sens_fpr0.005: 0.2889
Epoch 46/400
68/68 - 201s - 3s/step - accuracy: 0.6997 - loss: 0.3628 - val_accuracy: 0.2137 - val_loss: 0.4143 - val_sens_fpr0.005: 0.2922
Epoch 47/400
68/68 - 145s - 2s/step - accuracy: 0.6999 - loss: 0.3627 - val_accuracy: 0.2440 - val_loss: 0.4118 - val_sens_fpr0.005: 0.2951
Epoch 48/400
68/68 - 145s - 2s/step - accuracy: 0.7011 - loss: 0.3625 - val_accuracy: 0.2252 - val_loss: 0.4129 - val_sens_fpr0.005: 0.2918
Epoch 49/400
68/68 - 146s - 2s/step - accuracy: 0.7025 - loss: 0.3622 - val_accuracy: 0.1717 - val_loss: 0.4207 - val_sens_fpr0.005: 0.2951
Epoch 50/400
68/68 - 145s - 2s/step - accuracy: 0.7031 - loss: 0.3620 - val_accuracy: 0.2288 - val_loss: 0.4126 - val_sens_fpr0.005: 0.2951
Epoch 51/400
68/68 - 146s - 2s/step - accuracy: 0.7049 - loss: 0.3619 - val_accuracy: 0.2156 - val_loss: 0.4148 - val_sens_fpr0.005: 0.2955
Epoch 52/400
68/68 - 145s - 2s/step - accuracy: 0.7045 - loss: 0.3616 - val_accuracy: 0.2455 - val_loss: 0.4112 - val_sens_fpr0.005: 0.2885
Epoch 53/400
68/68 - 147s - 2s/step - accuracy: 0.7062 - loss: 0.3614 - val_accuracy: 0.2114 - val_loss: 0.4148 - val_sens_fpr0.005: 0.2951
Epoch 54/400
68/68 - 146s - 2s/step - accuracy: 0.7090 - loss: 0.3613 - val_accuracy: 0.2197 - val_loss: 0.4144 - val_sens_fpr0.005: 0.2951
Epoch 55/400
68/68 - 146s - 2s/step - accuracy: 0.7090 - loss: 0.3610 - val_accuracy: 0.2125 - val_loss: 0.4147 - val_sens_fpr0.005: 0.2951
Epoch 56/400
68/68 - 145s - 2s/step - accuracy: 0.7090 - loss: 0.3609 - val_accuracy: 0.2180 - val_loss: 0.4142 - val_sens_fpr0.005: 0.2951
Epoch 57/400
68/68 - 145s - 2s/step - accuracy: 0.7108 - loss: 0.3607 - val_accuracy: 0.2410 - val_loss: 0.4120 - val_sens_fpr0.005: 0.2918
Epoch 58/400
68/68 - 145s - 2s/step - accuracy: 0.7125 - loss: 0.3605 - val_accuracy: 0.2027 - val_loss: 0.4160 - val_sens_fpr0.005: 0.2984
Epoch 59/400
68/68 - 145s - 2s/step - accuracy: 0.7115 - loss: 0.3603 - val_accuracy: 0.2133 - val_loss: 0.4150 - val_sens_fpr0.005: 0.2951
Epoch 60/400
68/68 - 200s - 3s/step - accuracy: 0.7148 - loss: 0.3601 - val_accuracy: 0.2427 - val_loss: 0.4115 - val_sens_fpr0.005: 0.3016
Epoch 61/400
68/68 - 145s - 2s/step - accuracy: 0.7157 - loss: 0.3599 - val_accuracy: 0.2313 - val_loss: 0.4135 - val_sens_fpr0.005: 0.2984
Epoch 62/400
68/68 - 144s - 2s/step - accuracy: 0.7156 - loss: 0.3599 - val_accuracy: 0.2334 - val_loss: 0.4129 - val_sens_fpr0.005: 0.2984
Epoch 63/400
68/68 - 146s - 2s/step - accuracy: 0.7175 - loss: 0.3597 - val_accuracy: 0.2381 - val_loss: 0.4121 - val_sens_fpr0.005: 0.2918
Epoch 64/400
68/68 - 146s - 2s/step - accuracy: 0.7176 - loss: 0.3595 - val_accuracy: 0.2252 - val_loss: 0.4137 - val_sens_fpr0.005: 0.2984
Epoch 65/400
68/68 - 146s - 2s/step - accuracy: 0.7195 - loss: 0.3594 - val_accuracy: 0.2349 - val_loss: 0.4138 - val_sens_fpr0.005: 0.3016
Epoch 66/400
68/68 - 145s - 2s/step - accuracy: 0.7203 - loss: 0.3592 - val_accuracy: 0.2512 - val_loss: 0.4102 - val_sens_fpr0.005: 0.2951
Epoch 67/400
68/68 - 145s - 2s/step - accuracy: 0.7225 - loss: 0.3590 - val_accuracy: 0.2480 - val_loss: 0.4117 - val_sens_fpr0.005: 0.2988
Epoch 68/400
68/68 - 200s - 3s/step - accuracy: 0.7224 - loss: 0.3588 - val_accuracy: 0.2243 - val_loss: 0.4145 - val_sens_fpr0.005: 0.2992
Epoch 69/400
68/68 - 145s - 2s/step - accuracy: 0.7240 - loss: 0.3587 - val_accuracy: 0.2698 - val_loss: 0.4097 - val_sens_fpr0.005: 0.2984
Epoch 70/400
68/68 - 146s - 2s/step - accuracy: 0.7242 - loss: 0.3585 - val_accuracy: 0.2556 - val_loss: 0.4109 - val_sens_fpr0.005: 0.2951
Epoch 71/400
68/68 - 145s - 2s/step - accuracy: 0.7253 - loss: 0.3585 - val_accuracy: 0.2366 - val_loss: 0.4130 - val_sens_fpr0.005: 0.2951
Epoch 72/400
68/68 - 145s - 2s/step - accuracy: 0.7262 - loss: 0.3583 - val_accuracy: 0.2180 - val_loss: 0.4157 - val_sens_fpr0.005: 0.2951
Epoch 73/400
68/68 - 145s - 2s/step - accuracy: 0.7278 - loss: 0.3582 - val_accuracy: 0.2677 - val_loss: 0.4099 - val_sens_fpr0.005: 0.2951
Epoch 74/400
68/68 - 145s - 2s/step - accuracy: 0.7280 - loss: 0.3580 - val_accuracy: 0.2499 - val_loss: 0.4110 - val_sens_fpr0.005: 0.2922
Epoch 75/400
68/68 - 145s - 2s/step - accuracy: 0.7303 - loss: 0.3579 - val_accuracy: 0.2660 - val_loss: 0.4107 - val_sens_fpr0.005: 0.3016
Epoch 76/400
68/68 - 145s - 2s/step - accuracy: 0.7289 - loss: 0.3578 - val_accuracy: 0.2518 - val_loss: 0.4114 - val_sens_fpr0.005: 0.2926
Epoch 77/400
68/68 - 145s - 2s/step - accuracy: 0.7322 - loss: 0.3576 - val_accuracy: 0.2679 - val_loss: 0.4106 - val_sens_fpr0.005: 0.2922
Epoch 78/400
68/68 - 146s - 2s/step - accuracy: 0.7333 - loss: 0.3574 - val_accuracy: 0.2516 - val_loss: 0.4114 - val_sens_fpr0.005: 0.2918
Epoch 79/400
68/68 - 145s - 2s/step - accuracy: 0.7336 - loss: 0.3573 - val_accuracy: 0.2315 - val_loss: 0.4137 - val_sens_fpr0.005: 0.2918
Epoch 80/400
68/68 - 146s - 2s/step - accuracy: 0.7345 - loss: 0.3572 - val_accuracy: 0.2476 - val_loss: 0.4112 - val_sens_fpr0.005: 0.2885
Epoch 81/400
68/68 - 145s - 2s/step - accuracy: 0.7349 - loss: 0.3571 - val_accuracy: 0.2643 - val_loss: 0.4101 - val_sens_fpr0.005: 0.2918
Epoch 82/400
68/68 - 200s - 3s/step - accuracy: 0.7368 - loss: 0.3570 - val_accuracy: 0.2342 - val_loss: 0.4148 - val_sens_fpr0.005: 0.2889
Epoch 83/400
68/68 - 145s - 2s/step - accuracy: 0.7371 - loss: 0.3569 - val_accuracy: 0.2567 - val_loss: 0.4118 - val_sens_fpr0.005: 0.2922
Epoch 84/400
68/68 - 146s - 2s/step - accuracy: 0.7373 - loss: 0.3567 - val_accuracy: 0.2281 - val_loss: 0.4137 - val_sens_fpr0.005: 0.2885
Epoch 85/400
68/68 - 145s - 2s/step - accuracy: 0.7392 - loss: 0.3567 - val_accuracy: 0.2393 - val_loss: 0.4142 - val_sens_fpr0.005: 0.2885
Epoch 86/400
68/68 - 145s - 2s/step - accuracy: 0.7405 - loss: 0.3565 - val_accuracy: 0.2463 - val_loss: 0.4122 - val_sens_fpr0.005: 0.2885
Epoch 87/400
68/68 - 145s - 2s/step - accuracy: 0.7410 - loss: 0.3564 - val_accuracy: 0.2579 - val_loss: 0.4112 - val_sens_fpr0.005: 0.2828
Epoch 88/400
68/68 - 145s - 2s/step - accuracy: 0.7405 - loss: 0.3563 - val_accuracy: 0.2660 - val_loss: 0.4104 - val_sens_fpr0.005: 0.2861
Epoch 89/400
68/68 - 145s - 2s/step - accuracy: 0.7429 - loss: 0.3561 - val_accuracy: 0.2660 - val_loss: 0.4107 - val_sens_fpr0.005: 0.2885
Epoch 90/400
68/68 - 145s - 2s/step - accuracy: 0.7440 - loss: 0.3560 - val_accuracy: 0.2860 - val_loss: 0.4088 - val_sens_fpr0.005: 0.2951
Epoch 91/400
68/68 - 145s - 2s/step - accuracy: 0.7424 - loss: 0.3559 - val_accuracy: 0.3038 - val_loss: 0.4069 - val_sens_fpr0.005: 0.2865
Epoch 92/400
68/68 - 145s - 2s/step - accuracy: 0.7471 - loss: 0.3558 - val_accuracy: 0.2545 - val_loss: 0.4118 - val_sens_fpr0.005: 0.2865
Epoch 93/400
68/68 - 145s - 2s/step - accuracy: 0.7459 - loss: 0.3557 - val_accuracy: 0.2757 - val_loss: 0.4105 - val_sens_fpr0.005: 0.2795
Epoch 94/400
68/68 - 145s - 2s/step - accuracy: 0.7468 - loss: 0.3556 - val_accuracy: 0.2467 - val_loss: 0.4138 - val_sens_fpr0.005: 0.2889
Epoch 95/400
68/68 - 145s - 2s/step - accuracy: 0.7469 - loss: 0.3554 - val_accuracy: 0.2736 - val_loss: 0.4110 - val_sens_fpr0.005: 0.2951
Epoch 96/400
68/68 - 145s - 2s/step - accuracy: 0.7502 - loss: 0.3553 - val_accuracy: 0.2805 - val_loss: 0.4104 - val_sens_fpr0.005: 0.2918
Epoch 97/400
68/68 - 145s - 2s/step - accuracy: 0.7505 - loss: 0.3552 - val_accuracy: 0.2510 - val_loss: 0.4132 - val_sens_fpr0.005: 0.2885
Epoch 98/400
68/68 - 145s - 2s/step - accuracy: 0.7497 - loss: 0.3551 - val_accuracy: 0.2499 - val_loss: 0.4128 - val_sens_fpr0.005: 0.2922
Epoch 99/400
68/68 - 145s - 2s/step - accuracy: 0.7515 - loss: 0.3550 - val_accuracy: 0.2839 - val_loss: 0.4102 - val_sens_fpr0.005: 0.2857
Epoch 100/400
68/68 - 148s - 2s/step - accuracy: 0.7532 - loss: 0.3550 - val_accuracy: 0.3019 - val_loss: 0.4077 - val_sens_fpr0.005: 0.2885
Epoch 101/400
68/68 - 146s - 2s/step - accuracy: 0.7529 - loss: 0.3549 - val_accuracy: 0.2732 - val_loss: 0.4115 - val_sens_fpr0.005: 0.2922
Epoch 102/400
68/68 - 146s - 2s/step - accuracy: 0.7541 - loss: 0.3547 - val_accuracy: 0.2664 - val_loss: 0.4119 - val_sens_fpr0.005: 0.2820
Epoch 103/400
68/68 - 148s - 2s/step - accuracy: 0.7548 - loss: 0.3546 - val_accuracy: 0.2865 - val_loss: 0.4093 - val_sens_fpr0.005: 0.2820
Epoch 104/400
68/68 - 147s - 2s/step - accuracy: 0.7568 - loss: 0.3545 - val_accuracy: 0.2879 - val_loss: 0.4102 - val_sens_fpr0.005: 0.2824
Epoch 105/400
68/68 - 145s - 2s/step - accuracy: 0.7572 - loss: 0.3545 - val_accuracy: 0.3082 - val_loss: 0.4083 - val_sens_fpr0.005: 0.2918
Epoch 106/400
68/68 - 145s - 2s/step - accuracy: 0.7563 - loss: 0.3544 - val_accuracy: 0.2698 - val_loss: 0.4114 - val_sens_fpr0.005: 0.2820
Epoch 107/400
68/68 - 145s - 2s/step - accuracy: 0.7573 - loss: 0.3542 - val_accuracy: 0.2537 - val_loss: 0.4137 - val_sens_fpr0.005: 0.2857
Epoch 108/400
68/68 - 145s - 2s/step - accuracy: 0.7607 - loss: 0.3542 - val_accuracy: 0.2744 - val_loss: 0.4118 - val_sens_fpr0.005: 0.2824
Epoch 109/400
68/68 - 146s - 2s/step - accuracy: 0.7607 - loss: 0.3540 - val_accuracy: 0.2932 - val_loss: 0.4096 - val_sens_fpr0.005: 0.2820
Epoch 110/400
68/68 - 200s - 3s/step - accuracy: 0.7615 - loss: 0.3540 - val_accuracy: 0.2808 - val_loss: 0.4104 - val_sens_fpr0.005: 0.2865
Epoch 111/400
68/68 - 146s - 2s/step - accuracy: 0.7619 - loss: 0.3539 - val_accuracy: 0.2753 - val_loss: 0.4132 - val_sens_fpr0.005: 0.2885
Epoch 112/400
68/68 - 145s - 2s/step - accuracy: 0.7621 - loss: 0.3538 - val_accuracy: 0.2947 - val_loss: 0.4094 - val_sens_fpr0.005: 0.2824
Epoch 113/400
68/68 - 145s - 2s/step - accuracy: 0.7636 - loss: 0.3537 - val_accuracy: 0.2748 - val_loss: 0.4118 - val_sens_fpr0.005: 0.2951
Epoch 114/400
68/68 - 145s - 2s/step - accuracy: 0.7639 - loss: 0.3536 - val_accuracy: 0.2723 - val_loss: 0.4119 - val_sens_fpr0.005: 0.2820
Epoch 115/400
68/68 - 145s - 2s/step - accuracy: 0.7658 - loss: 0.3535 - val_accuracy: 0.2579 - val_loss: 0.4146 - val_sens_fpr0.005: 0.2889
Epoch 116/400
68/68 - 145s - 2s/step - accuracy: 0.7663 - loss: 0.3534 - val_accuracy: 0.2831 - val_loss: 0.4110 - val_sens_fpr0.005: 0.2885
Epoch 117/400
68/68 - 145s - 2s/step - accuracy: 0.7671 - loss: 0.3533 - val_accuracy: 0.2791 - val_loss: 0.4118 - val_sens_fpr0.005: 0.2889
Epoch 118/400
68/68 - 145s - 2s/step - accuracy: 0.7680 - loss: 0.3532 - val_accuracy: 0.2825 - val_loss: 0.4108 - val_sens_fpr0.005: 0.2820
Epoch 119/400
68/68 - 200s - 3s/step - accuracy: 0.7685 - loss: 0.3531 - val_accuracy: 0.2698 - val_loss: 0.4122 - val_sens_fpr0.005: 0.2852
Epoch 120/400
68/68 - 145s - 2s/step - accuracy: 0.7696 - loss: 0.3531 - val_accuracy: 0.2702 - val_loss: 0.4131 - val_sens_fpr0.005: 0.2852
Epoch 121/400
68/68 - 145s - 2s/step - accuracy: 0.7695 - loss: 0.3530 - val_accuracy: 0.2751 - val_loss: 0.4133 - val_sens_fpr0.005: 0.2852
Epoch 122/400
68/68 - 146s - 2s/step - accuracy: 0.7708 - loss: 0.3530 - val_accuracy: 0.3017 - val_loss: 0.4085 - val_sens_fpr0.005: 0.2820
Epoch 123/400
68/68 - 145s - 2s/step - accuracy: 0.7715 - loss: 0.3529 - val_accuracy: 0.2719 - val_loss: 0.4131 - val_sens_fpr0.005: 0.2852
Epoch 124/400
68/68 - 152s - 2s/step - accuracy: 0.7722 - loss: 0.3527 - val_accuracy: 0.2829 - val_loss: 0.4113 - val_sens_fpr0.005: 0.2857
Epoch 125/400
68/68 - 146s - 2s/step - accuracy: 0.7743 - loss: 0.3526 - val_accuracy: 0.2943 - val_loss: 0.4105 - val_sens_fpr0.005: 0.2885
Epoch 126/400
68/68 - 200s - 3s/step - accuracy: 0.7748 - loss: 0.3526 - val_accuracy: 0.2759 - val_loss: 0.4124 - val_sens_fpr0.005: 0.2885
Epoch 127/400
68/68 - 146s - 2s/step - accuracy: 0.7746 - loss: 0.3525 - val_accuracy: 0.3323 - val_loss: 0.4065 - val_sens_fpr0.005: 0.2889
Epoch 128/400
68/68 - 145s - 2s/step - accuracy: 0.7756 - loss: 0.3524 - val_accuracy: 0.2920 - val_loss: 0.4113 - val_sens_fpr0.005: 0.2885
Epoch 129/400
68/68 - 146s - 2s/step - accuracy: 0.7762 - loss: 0.3524 - val_accuracy: 0.2651 - val_loss: 0.4144 - val_sens_fpr0.005: 0.2885
Epoch 130/400
68/68 - 146s - 2s/step - accuracy: 0.7775 - loss: 0.3522 - val_accuracy: 0.2860 - val_loss: 0.4124 - val_sens_fpr0.005: 0.2885
Epoch 131/400
68/68 - 145s - 2s/step - accuracy: 0.7777 - loss: 0.3522 - val_accuracy: 0.2725 - val_loss: 0.4148 - val_sens_fpr0.005: 0.2885
Epoch 132/400
68/68 - 146s - 2s/step - accuracy: 0.7786 - loss: 0.3521 - val_accuracy: 0.2920 - val_loss: 0.4107 - val_sens_fpr0.005: 0.2885
Epoch 133/400
68/68 - 146s - 2s/step - accuracy: 0.7794 - loss: 0.3520 - val_accuracy: 0.2899 - val_loss: 0.4116 - val_sens_fpr0.005: 0.2852
Epoch 134/400
68/68 - 146s - 2s/step - accuracy: 0.7792 - loss: 0.3520 - val_accuracy: 0.3021 - val_loss: 0.4104 - val_sens_fpr0.005: 0.2852
Epoch 135/400
68/68 - 146s - 2s/step - accuracy: 0.7811 - loss: 0.3519 - val_accuracy: 0.2732 - val_loss: 0.4149 - val_sens_fpr0.005: 0.2820
Epoch 136/400
68/68 - 150s - 2s/step - accuracy: 0.7808 - loss: 0.3518 - val_accuracy: 0.2879 - val_loss: 0.4120 - val_sens_fpr0.005: 0.2852
Epoch 137/400
68/68 - 148s - 2s/step - accuracy: 0.7820 - loss: 0.3517 - val_accuracy: 0.2672 - val_loss: 0.4155 - val_sens_fpr0.005: 0.2885
Epoch 138/400
68/68 - 149s - 2s/step - accuracy: 0.7827 - loss: 0.3517 - val_accuracy: 0.2622 - val_loss: 0.4158 - val_sens_fpr0.005: 0.2889
Epoch 139/400
68/68 - 201s - 3s/step - accuracy: 0.7829 - loss: 0.3516 - val_accuracy: 0.3214 - val_loss: 0.4094 - val_sens_fpr0.005: 0.2857
Epoch 140/400
68/68 - 149s - 2s/step - accuracy: 0.7842 - loss: 0.3515 - val_accuracy: 0.2715 - val_loss: 0.4146 - val_sens_fpr0.005: 0.2852
Epoch 141/400
68/68 - 146s - 2s/step - accuracy: 0.7845 - loss: 0.3515 - val_accuracy: 0.2973 - val_loss: 0.4119 - val_sens_fpr0.005: 0.2820
[3/11] Lily Adam - One Hive/recorders/willard/2024-08-07/1_11: 141 epochs (best 91), val_loss 0.4069, 69065/4730 frames train/val, sens@fpr0.5%=0.286
[unfreeze_more_1e5_foldLily Adam - One Hive/recorders/wooster/2024-07-26/1_143] training on 321 fold(s), 69087 frames; early stopping on Lily Adam - One Hive/recorders/wooster/2024-07-26/1_143 (4708 frames)...
/home/luke/anaconda3/envs/buzzdetect-train/lib/python3.12/site-packages/keras/src/trainers/epoch_iterator.py:74: UserWarning: `shuffle=True` was passed, but will be ignored since the data `x` was provided as a tf.data.Dataset. The Dataset is expected to already be shuffled (via `.shuffle(buffer_size)`).
  self.data_adapter = data_adapters.get_data_adapter(
Epoch 1/400
68/68 - 153s - 2s/step - accuracy: 0.1448 - loss: 0.5449 - val_accuracy: 0.1266 - val_loss: 0.4198 - val_sens_fpr0.005: 0.0273
Epoch 2/400
68/68 - 149s - 2s/step - accuracy: 0.3314 - loss: 0.4190 - val_accuracy: 0.2795 - val_loss: 0.4079 - val_sens_fpr0.005: 0.1368
Epoch 3/400
68/68 - 149s - 2s/step - accuracy: 0.4546 - loss: 0.4043 - val_accuracy: 0.3554 - val_loss: 0.4030 - val_sens_fpr0.005: 0.1842
Epoch 4/400
68/68 - 201s - 3s/step - accuracy: 0.5019 - loss: 0.3978 - val_accuracy: 0.3783 - val_loss: 0.4014 - val_sens_fpr0.005: 0.2105
Epoch 5/400
68/68 - 272s - 4s/step - accuracy: 0.5324 - loss: 0.3936 - val_accuracy: 0.4070 - val_loss: 0.3995 - val_sens_fpr0.005: 0.2368
Epoch 6/400
68/68 - 177s - 3s/step - accuracy: 0.5563 - loss: 0.3906 - val_accuracy: 0.4416 - val_loss: 0.3974 - val_sens_fpr0.005: 0.2399
Epoch 7/400
68/68 - 166s - 2s/step - accuracy: 0.5734 - loss: 0.3880 - val_accuracy: 0.4588 - val_loss: 0.3970 - val_sens_fpr0.005: 0.2474
Epoch 8/400
68/68 - 144s - 2s/step - accuracy: 0.5887 - loss: 0.3862 - val_accuracy: 0.4883 - val_loss: 0.3954 - val_sens_fpr0.005: 0.2632
Epoch 9/400
68/68 - 143s - 2s/step - accuracy: 0.5982 - loss: 0.3844 - val_accuracy: 0.4611 - val_loss: 0.3963 - val_sens_fpr0.005: 0.2579
Epoch 10/400
68/68 - 144s - 2s/step - accuracy: 0.6080 - loss: 0.3829 - val_accuracy: 0.4613 - val_loss: 0.3966 - val_sens_fpr0.005: 0.2526
Epoch 11/400
68/68 - 144s - 2s/step - accuracy: 0.6152 - loss: 0.3816 - val_accuracy: 0.4709 - val_loss: 0.3963 - val_sens_fpr0.005: 0.2632
Epoch 12/400
68/68 - 144s - 2s/step - accuracy: 0.6256 - loss: 0.3804 - val_accuracy: 0.4594 - val_loss: 0.3969 - val_sens_fpr0.005: 0.2579
Epoch 13/400
68/68 - 143s - 2s/step - accuracy: 0.6297 - loss: 0.3794 - val_accuracy: 0.4494 - val_loss: 0.3975 - val_sens_fpr0.005: 0.2579
Epoch 14/400
68/68 - 145s - 2s/step - accuracy: 0.6354 - loss: 0.3786 - val_accuracy: 0.4981 - val_loss: 0.3947 - val_sens_fpr0.005: 0.2684
Epoch 15/400
68/68 - 145s - 2s/step - accuracy: 0.6387 - loss: 0.3777 - val_accuracy: 0.4569 - val_loss: 0.3969 - val_sens_fpr0.005: 0.2715
Epoch 16/400
68/68 - 144s - 2s/step - accuracy: 0.6431 - loss: 0.3769 - val_accuracy: 0.4836 - val_loss: 0.3952 - val_sens_fpr0.005: 0.2737
Epoch 17/400
68/68 - 144s - 2s/step - accuracy: 0.6475 - loss: 0.3762 - val_accuracy: 0.4531 - val_loss: 0.3968 - val_sens_fpr0.005: 0.2789
Epoch 18/400
68/68 - 146s - 2s/step - accuracy: 0.6520 - loss: 0.3755 - val_accuracy: 0.5000 - val_loss: 0.3942 - val_sens_fpr0.005: 0.2737
Epoch 19/400
68/68 - 143s - 2s/step - accuracy: 0.6551 - loss: 0.3748 - val_accuracy: 0.4936 - val_loss: 0.3945 - val_sens_fpr0.005: 0.2789
Epoch 20/400
68/68 - 146s - 2s/step - accuracy: 0.6584 - loss: 0.3743 - val_accuracy: 0.4407 - val_loss: 0.3973 - val_sens_fpr0.005: 0.2789
Epoch 21/400
68/68 - 199s - 3s/step - accuracy: 0.6624 - loss: 0.3737 - val_accuracy: 0.4741 - val_loss: 0.3953 - val_sens_fpr0.005: 0.2789
Epoch 22/400
68/68 - 143s - 2s/step - accuracy: 0.6636 - loss: 0.3731 - val_accuracy: 0.4856 - val_loss: 0.3948 - val_sens_fpr0.005: 0.2789
Epoch 23/400
68/68 - 144s - 2s/step - accuracy: 0.6680 - loss: 0.3727 - val_accuracy: 0.4656 - val_loss: 0.3959 - val_sens_fpr0.005: 0.2842
Epoch 24/400
68/68 - 144s - 2s/step - accuracy: 0.6708 - loss: 0.3722 - val_accuracy: 0.4686 - val_loss: 0.3956 - val_sens_fpr0.005: 0.2789
Epoch 25/400
68/68 - 143s - 2s/step - accuracy: 0.6726 - loss: 0.3718 - val_accuracy: 0.4416 - val_loss: 0.3970 - val_sens_fpr0.005: 0.2789
Epoch 26/400
68/68 - 144s - 2s/step - accuracy: 0.6745 - loss: 0.3713 - val_accuracy: 0.4743 - val_loss: 0.3953 - val_sens_fpr0.005: 0.2821
Epoch 27/400
68/68 - 144s - 2s/step - accuracy: 0.6778 - loss: 0.3709 - val_accuracy: 0.4762 - val_loss: 0.3948 - val_sens_fpr0.005: 0.2842
Epoch 28/400
68/68 - 144s - 2s/step - accuracy: 0.6791 - loss: 0.3705 - val_accuracy: 0.4715 - val_loss: 0.3942 - val_sens_fpr0.005: 0.2842
Epoch 29/400
68/68 - 144s - 2s/step - accuracy: 0.6804 - loss: 0.3700 - val_accuracy: 0.4382 - val_loss: 0.3966 - val_sens_fpr0.005: 0.2895
Epoch 30/400
68/68 - 144s - 2s/step - accuracy: 0.6821 - loss: 0.3698 - val_accuracy: 0.4460 - val_loss: 0.3967 - val_sens_fpr0.005: 0.2842
Epoch 31/400
68/68 - 143s - 2s/step - accuracy: 0.6844 - loss: 0.3694 - val_accuracy: 0.4960 - val_loss: 0.3937 - val_sens_fpr0.005: 0.2895
Epoch 32/400
68/68 - 144s - 2s/step - accuracy: 0.6859 - loss: 0.3690 - val_accuracy: 0.4596 - val_loss: 0.3957 - val_sens_fpr0.005: 0.2947
Epoch 33/400
68/68 - 144s - 2s/step - accuracy: 0.6885 - loss: 0.3687 - val_accuracy: 0.4711 - val_loss: 0.3945 - val_sens_fpr0.005: 0.2947
Epoch 34/400
68/68 - 145s - 2s/step - accuracy: 0.6893 - loss: 0.3683 - val_accuracy: 0.4749 - val_loss: 0.3949 - val_sens_fpr0.005: 0.2947
Epoch 35/400
68/68 - 144s - 2s/step - accuracy: 0.6903 - loss: 0.3681 - val_accuracy: 0.5178 - val_loss: 0.3920 - val_sens_fpr0.005: 0.2947
Epoch 36/400
68/68 - 143s - 2s/step - accuracy: 0.6922 - loss: 0.3678 - val_accuracy: 0.4839 - val_loss: 0.3944 - val_sens_fpr0.005: 0.2947
Epoch 37/400
68/68 - 144s - 2s/step - accuracy: 0.6924 - loss: 0.3674 - val_accuracy: 0.4745 - val_loss: 0.3945 - val_sens_fpr0.005: 0.2895
Epoch 38/400
68/68 - 143s - 2s/step - accuracy: 0.6936 - loss: 0.3672 - val_accuracy: 0.4824 - val_loss: 0.3938 - val_sens_fpr0.005: 0.2895
Epoch 39/400
68/68 - 144s - 2s/step - accuracy: 0.6965 - loss: 0.3669 - val_accuracy: 0.4373 - val_loss: 0.3964 - val_sens_fpr0.005: 0.3009
Epoch 40/400
68/68 - 144s - 2s/step - accuracy: 0.6965 - loss: 0.3666 - val_accuracy: 0.4930 - val_loss: 0.3933 - val_sens_fpr0.005: 0.2978
Epoch 41/400
68/68 - 144s - 2s/step - accuracy: 0.6991 - loss: 0.3664 - val_accuracy: 0.4841 - val_loss: 0.3937 - val_sens_fpr0.005: 0.3105
Epoch 42/400
68/68 - 143s - 2s/step - accuracy: 0.7006 - loss: 0.3661 - val_accuracy: 0.4938 - val_loss: 0.3931 - val_sens_fpr0.005: 0.3115
Epoch 43/400
68/68 - 143s - 2s/step - accuracy: 0.7026 - loss: 0.3658 - val_accuracy: 0.4949 - val_loss: 0.3930 - val_sens_fpr0.005: 0.2947
Epoch 44/400
68/68 - 144s - 2s/step - accuracy: 0.7027 - loss: 0.3656 - val_accuracy: 0.4361 - val_loss: 0.3971 - val_sens_fpr0.005: 0.3041
Epoch 45/400
68/68 - 143s - 2s/step - accuracy: 0.7046 - loss: 0.3654 - val_accuracy: 0.4711 - val_loss: 0.3945 - val_sens_fpr0.005: 0.3158
Epoch 46/400
68/68 - 144s - 2s/step - accuracy: 0.7074 - loss: 0.3651 - val_accuracy: 0.4911 - val_loss: 0.3935 - val_sens_fpr0.005: 0.3211
Epoch 47/400
68/68 - 143s - 2s/step - accuracy: 0.7066 - loss: 0.3649 - val_accuracy: 0.4718 - val_loss: 0.3946 - val_sens_fpr0.005: 0.3211
Epoch 48/400
68/68 - 144s - 2s/step - accuracy: 0.7081 - loss: 0.3647 - val_accuracy: 0.4718 - val_loss: 0.3943 - val_sens_fpr0.005: 0.3189
Epoch 49/400
68/68 - 144s - 2s/step - accuracy: 0.7090 - loss: 0.3644 - val_accuracy: 0.4924 - val_loss: 0.3928 - val_sens_fpr0.005: 0.3211
Epoch 50/400
68/68 - 143s - 2s/step - accuracy: 0.7104 - loss: 0.3643 - val_accuracy: 0.5115 - val_loss: 0.3924 - val_sens_fpr0.005: 0.3242
Epoch 51/400
68/68 - 144s - 2s/step - accuracy: 0.7114 - loss: 0.3641 - val_accuracy: 0.4482 - val_loss: 0.3962 - val_sens_fpr0.005: 0.3211
Epoch 52/400
68/68 - 144s - 2s/step - accuracy: 0.7124 - loss: 0.3639 - val_accuracy: 0.4796 - val_loss: 0.3939 - val_sens_fpr0.005: 0.3211
Epoch 53/400
68/68 - 144s - 2s/step - accuracy: 0.7150 - loss: 0.3635 - val_accuracy: 0.4492 - val_loss: 0.3963 - val_sens_fpr0.005: 0.3211
Epoch 54/400
68/68 - 144s - 2s/step - accuracy: 0.7150 - loss: 0.3635 - val_accuracy: 0.4437 - val_loss: 0.3965 - val_sens_fpr0.005: 0.3242
Epoch 55/400
68/68 - 144s - 2s/step - accuracy: 0.7170 - loss: 0.3633 - val_accuracy: 0.4962 - val_loss: 0.3929 - val_sens_fpr0.005: 0.3263
Epoch 56/400
68/68 - 144s - 2s/step - accuracy: 0.7174 - loss: 0.3631 - val_accuracy: 0.4864 - val_loss: 0.3935 - val_sens_fpr0.005: 0.3263
Epoch 57/400
68/68 - 143s - 2s/step - accuracy: 0.7183 - loss: 0.3629 - val_accuracy: 0.4828 - val_loss: 0.3937 - val_sens_fpr0.005: 0.3316
Epoch 58/400
68/68 - 144s - 2s/step - accuracy: 0.7203 - loss: 0.3627 - val_accuracy: 0.4768 - val_loss: 0.3944 - val_sens_fpr0.005: 0.3316
Epoch 59/400
68/68 - 144s - 2s/step - accuracy: 0.7205 - loss: 0.3626 - val_accuracy: 0.4758 - val_loss: 0.3943 - val_sens_fpr0.005: 0.3263
Epoch 60/400
68/68 - 143s - 2s/step - accuracy: 0.7222 - loss: 0.3623 - val_accuracy: 0.4460 - val_loss: 0.3968 - val_sens_fpr0.005: 0.3294
Epoch 61/400
68/68 - 144s - 2s/step - accuracy: 0.7227 - loss: 0.3622 - val_accuracy: 0.4915 - val_loss: 0.3932 - val_sens_fpr0.005: 0.3368
Epoch 62/400
68/68 - 144s - 2s/step - accuracy: 0.7246 - loss: 0.3620 - val_accuracy: 0.4936 - val_loss: 0.3928 - val_sens_fpr0.005: 0.3399
Epoch 63/400
68/68 - 145s - 2s/step - accuracy: 0.7241 - loss: 0.3619 - val_accuracy: 0.4841 - val_loss: 0.3937 - val_sens_fpr0.005: 0.3347
Epoch 64/400
68/68 - 153s - 2s/step - accuracy: 0.7262 - loss: 0.3617 - val_accuracy: 0.5042 - val_loss: 0.3923 - val_sens_fpr0.005: 0.3421
Epoch 65/400
68/68 - 144s - 2s/step - accuracy: 0.7278 - loss: 0.3616 - val_accuracy: 0.4779 - val_loss: 0.3940 - val_sens_fpr0.005: 0.3421
Epoch 66/400
68/68 - 142s - 2s/step - accuracy: 0.7283 - loss: 0.3614 - val_accuracy: 0.4926 - val_loss: 0.3934 - val_sens_fpr0.005: 0.3368
Epoch 67/400
68/68 - 144s - 2s/step - accuracy: 0.7280 - loss: 0.3614 - val_accuracy: 0.4788 - val_loss: 0.3946 - val_sens_fpr0.005: 0.3421
Epoch 68/400
68/68 - 143s - 2s/step - accuracy: 0.7306 - loss: 0.3610 - val_accuracy: 0.4584 - val_loss: 0.3958 - val_sens_fpr0.005: 0.3316
Epoch 69/400
68/68 - 143s - 2s/step - accuracy: 0.7304 - loss: 0.3610 - val_accuracy: 0.4964 - val_loss: 0.3930 - val_sens_fpr0.005: 0.3421
Epoch 70/400
68/68 - 143s - 2s/step - accuracy: 0.7324 - loss: 0.3608 - val_accuracy: 0.4972 - val_loss: 0.3930 - val_sens_fpr0.005: 0.3421
Epoch 71/400
68/68 - 147s - 2s/step - accuracy: 0.7319 - loss: 0.3607 - val_accuracy: 0.4953 - val_loss: 0.3931 - val_sens_fpr0.005: 0.3399
Epoch 72/400
68/68 - 143s - 2s/step - accuracy: 0.7338 - loss: 0.3605 - val_accuracy: 0.4989 - val_loss: 0.3931 - val_sens_fpr0.005: 0.3421
Epoch 73/400
68/68 - 142s - 2s/step - accuracy: 0.7345 - loss: 0.3603 - val_accuracy: 0.4951 - val_loss: 0.3931 - val_sens_fpr0.005: 0.3347
Epoch 74/400
68/68 - 142s - 2s/step - accuracy: 0.7352 - loss: 0.3602 - val_accuracy: 0.4981 - val_loss: 0.3932 - val_sens_fpr0.005: 0.3378
Epoch 75/400
68/68 - 142s - 2s/step - accuracy: 0.7356 - loss: 0.3601 - val_accuracy: 0.4573 - val_loss: 0.3960 - val_sens_fpr0.005: 0.3347
Epoch 76/400
68/68 - 143s - 2s/step - accuracy: 0.7380 - loss: 0.3599 - val_accuracy: 0.4628 - val_loss: 0.3956 - val_sens_fpr0.005: 0.3263
Epoch 77/400
68/68 - 143s - 2s/step - accuracy: 0.7376 - loss: 0.3598 - val_accuracy: 0.5161 - val_loss: 0.3916 - val_sens_fpr0.005: 0.3368
Epoch 78/400
68/68 - 142s - 2s/step - accuracy: 0.7381 - loss: 0.3597 - val_accuracy: 0.4669 - val_loss: 0.3949 - val_sens_fpr0.005: 0.3294
Epoch 79/400
68/68 - 143s - 2s/step - accuracy: 0.7397 - loss: 0.3596 - val_accuracy: 0.4807 - val_loss: 0.3939 - val_sens_fpr0.005: 0.3325
Epoch 80/400
68/68 - 142s - 2s/step - accuracy: 0.7418 - loss: 0.3594 - val_accuracy: 0.4792 - val_loss: 0.3942 - val_sens_fpr0.005: 0.3263
Epoch 81/400
68/68 - 143s - 2s/step - accuracy: 0.7423 - loss: 0.3593 - val_accuracy: 0.4917 - val_loss: 0.3936 - val_sens_fpr0.005: 0.3294
Epoch 82/400
68/68 - 201s - 3s/step - accuracy: 0.7427 - loss: 0.3592 - val_accuracy: 0.4775 - val_loss: 0.3943 - val_sens_fpr0.005: 0.3294
Epoch 83/400
68/68 - 143s - 2s/step - accuracy: 0.7444 - loss: 0.3591 - val_accuracy: 0.4996 - val_loss: 0.3929 - val_sens_fpr0.005: 0.3325
Epoch 84/400
68/68 - 143s - 2s/step - accuracy: 0.7441 - loss: 0.3589 - val_accuracy: 0.4936 - val_loss: 0.3931 - val_sens_fpr0.005: 0.3316
Epoch 85/400
68/68 - 143s - 2s/step - accuracy: 0.7457 - loss: 0.3588 - val_accuracy: 0.4860 - val_loss: 0.3942 - val_sens_fpr0.005: 0.3316
[4/11] Lily Adam - One Hive/recorders/wooster/2024-07-26/1_143: 85 epochs (best 35), val_loss 0.3920, 69087/4708 frames train/val, sens@fpr0.5%=0.295
[unfreeze_more_1e5_foldLuke - Diel Drivers/2026-04-08/1_150] training on 321 fold(s), 68848 frames; early stopping on Luke - Diel Drivers/2026-04-08/1_150 (4947 frames)...
/home/luke/anaconda3/envs/buzzdetect-train/lib/python3.12/site-packages/keras/src/trainers/epoch_iterator.py:74: UserWarning: `shuffle=True` was passed, but will be ignored since the data `x` was provided as a tf.data.Dataset. The Dataset is expected to already be shuffled (via `.shuffle(buffer_size)`).
  self.data_adapter = data_adapters.get_data_adapter(
Epoch 1/400
68/68 - 145s - 2s/step - accuracy: 0.1175 - loss: 0.5361 - val_accuracy: 0.0471 - val_loss: 0.4364 - val_sens_fpr0.005: 0.0274
Epoch 2/400
68/68 - 201s - 3s/step - accuracy: 0.3363 - loss: 0.4174 - val_accuracy: 0.1496 - val_loss: 0.4308 - val_sens_fpr0.005: 0.0753
Epoch 3/400
68/68 - 142s - 2s/step - accuracy: 0.4522 - loss: 0.4031 - val_accuracy: 0.1676 - val_loss: 0.4261 - val_sens_fpr0.005: 0.0753
Epoch 4/400
68/68 - 143s - 2s/step - accuracy: 0.5051 - loss: 0.3959 - val_accuracy: 0.1716 - val_loss: 0.4253 - val_sens_fpr0.005: 0.1096
Epoch 5/400
68/68 - 144s - 2s/step - accuracy: 0.5392 - loss: 0.3913 - val_accuracy: 0.1736 - val_loss: 0.4247 - val_sens_fpr0.005: 0.1301
Epoch 6/400
68/68 - 143s - 2s/step - accuracy: 0.5640 - loss: 0.3880 - val_accuracy: 0.1833 - val_loss: 0.4232 - val_sens_fpr0.005: 0.1370
Epoch 7/400
68/68 - 143s - 2s/step - accuracy: 0.5764 - loss: 0.3857 - val_accuracy: 0.1801 - val_loss: 0.4242 - val_sens_fpr0.005: 0.1370
Epoch 8/400
68/68 - 143s - 2s/step - accuracy: 0.5905 - loss: 0.3838 - val_accuracy: 0.1724 - val_loss: 0.4257 - val_sens_fpr0.005: 0.1438
Epoch 9/400
68/68 - 143s - 2s/step - accuracy: 0.6015 - loss: 0.3821 - val_accuracy: 0.1629 - val_loss: 0.4277 - val_sens_fpr0.005: 0.1370
Epoch 10/400
68/68 - 143s - 2s/step - accuracy: 0.6073 - loss: 0.3808 - val_accuracy: 0.1660 - val_loss: 0.4263 - val_sens_fpr0.005: 0.1301
Epoch 11/400
68/68 - 143s - 2s/step - accuracy: 0.6165 - loss: 0.3797 - val_accuracy: 0.1639 - val_loss: 0.4266 - val_sens_fpr0.005: 0.1233
Epoch 12/400
68/68 - 142s - 2s/step - accuracy: 0.6216 - loss: 0.3783 - val_accuracy: 0.1587 - val_loss: 0.4289 - val_sens_fpr0.005: 0.1096
Epoch 13/400
68/68 - 143s - 2s/step - accuracy: 0.6285 - loss: 0.3774 - val_accuracy: 0.1696 - val_loss: 0.4245 - val_sens_fpr0.005: 0.1164
Epoch 14/400
68/68 - 143s - 2s/step - accuracy: 0.6333 - loss: 0.3765 - val_accuracy: 0.1579 - val_loss: 0.4294 - val_sens_fpr0.005: 0.1165
Epoch 15/400
68/68 - 143s - 2s/step - accuracy: 0.6369 - loss: 0.3756 - val_accuracy: 0.1684 - val_loss: 0.4244 - val_sens_fpr0.005: 0.1096
Epoch 16/400
68/68 - 143s - 2s/step - accuracy: 0.6409 - loss: 0.3749 - val_accuracy: 0.1722 - val_loss: 0.4229 - val_sens_fpr0.005: 0.1096
Epoch 17/400
68/68 - 143s - 2s/step - accuracy: 0.6456 - loss: 0.3741 - val_accuracy: 0.1609 - val_loss: 0.4263 - val_sens_fpr0.005: 0.1164
Epoch 18/400
68/68 - 142s - 2s/step - accuracy: 0.6468 - loss: 0.3736 - val_accuracy: 0.1676 - val_loss: 0.4245 - val_sens_fpr0.005: 0.1233
Epoch 19/400
68/68 - 143s - 2s/step - accuracy: 0.6496 - loss: 0.3729 - val_accuracy: 0.1647 - val_loss: 0.4247 - val_sens_fpr0.005: 0.1234
Epoch 20/400
68/68 - 143s - 2s/step - accuracy: 0.6538 - loss: 0.3722 - val_accuracy: 0.1567 - val_loss: 0.4287 - val_sens_fpr0.005: 0.1438
Epoch 21/400
68/68 - 144s - 2s/step - accuracy: 0.6581 - loss: 0.3717 - val_accuracy: 0.1619 - val_loss: 0.4266 - val_sens_fpr0.005: 0.1370
Epoch 22/400
68/68 - 142s - 2s/step - accuracy: 0.6603 - loss: 0.3711 - val_accuracy: 0.1645 - val_loss: 0.4264 - val_sens_fpr0.005: 0.1507
Epoch 23/400
68/68 - 143s - 2s/step - accuracy: 0.6641 - loss: 0.3706 - val_accuracy: 0.1583 - val_loss: 0.4273 - val_sens_fpr0.005: 0.1507
Epoch 24/400
68/68 - 143s - 2s/step - accuracy: 0.6658 - loss: 0.3702 - val_accuracy: 0.1595 - val_loss: 0.4279 - val_sens_fpr0.005: 0.1507
Epoch 25/400
68/68 - 143s - 2s/step - accuracy: 0.6691 - loss: 0.3697 - val_accuracy: 0.1623 - val_loss: 0.4273 - val_sens_fpr0.005: 0.1507
Epoch 26/400
68/68 - 143s - 2s/step - accuracy: 0.6692 - loss: 0.3693 - val_accuracy: 0.1641 - val_loss: 0.4265 - val_sens_fpr0.005: 0.1507
Epoch 27/400
68/68 - 143s - 2s/step - accuracy: 0.6722 - loss: 0.3688 - val_accuracy: 0.1601 - val_loss: 0.4269 - val_sens_fpr0.005: 0.1507
Epoch 28/400
68/68 - 143s - 2s/step - accuracy: 0.6761 - loss: 0.3684 - val_accuracy: 0.1585 - val_loss: 0.4285 - val_sens_fpr0.005: 0.1507
Epoch 29/400
68/68 - 199s - 3s/step - accuracy: 0.6762 - loss: 0.3680 - val_accuracy: 0.1668 - val_loss: 0.4253 - val_sens_fpr0.005: 0.1507
Epoch 30/400
68/68 - 142s - 2s/step - accuracy: 0.6789 - loss: 0.3676 - val_accuracy: 0.1649 - val_loss: 0.4276 - val_sens_fpr0.005: 0.1507
Epoch 31/400
68/68 - 201s - 3s/step - accuracy: 0.6808 - loss: 0.3674 - val_accuracy: 0.1617 - val_loss: 0.4292 - val_sens_fpr0.005: 0.1507
Epoch 32/400
68/68 - 142s - 2s/step - accuracy: 0.6798 - loss: 0.3670 - val_accuracy: 0.1726 - val_loss: 0.4237 - val_sens_fpr0.005: 0.1507
Epoch 33/400
68/68 - 201s - 3s/step - accuracy: 0.6842 - loss: 0.3666 - val_accuracy: 0.1623 - val_loss: 0.4289 - val_sens_fpr0.005: 0.1507
Epoch 34/400
68/68 - 142s - 2s/step - accuracy: 0.6858 - loss: 0.3663 - val_accuracy: 0.1609 - val_loss: 0.4295 - val_sens_fpr0.005: 0.1439
Epoch 35/400
68/68 - 143s - 2s/step - accuracy: 0.6875 - loss: 0.3659 - val_accuracy: 0.1684 - val_loss: 0.4269 - val_sens_fpr0.005: 0.1508
Epoch 36/400
68/68 - 143s - 2s/step - accuracy: 0.6890 - loss: 0.3656 - val_accuracy: 0.1668 - val_loss: 0.4274 - val_sens_fpr0.005: 0.1781
Epoch 37/400
68/68 - 143s - 2s/step - accuracy: 0.6916 - loss: 0.3654 - val_accuracy: 0.1643 - val_loss: 0.4281 - val_sens_fpr0.005: 0.1712
Epoch 38/400
68/68 - 143s - 2s/step - accuracy: 0.6925 - loss: 0.3652 - val_accuracy: 0.1627 - val_loss: 0.4298 - val_sens_fpr0.005: 0.1781
Epoch 39/400
68/68 - 142s - 2s/step - accuracy: 0.6930 - loss: 0.3648 - val_accuracy: 0.1647 - val_loss: 0.4300 - val_sens_fpr0.005: 0.1781
Epoch 40/400
68/68 - 143s - 2s/step - accuracy: 0.6948 - loss: 0.3645 - val_accuracy: 0.1645 - val_loss: 0.4299 - val_sens_fpr0.005: 0.1781
Epoch 41/400
68/68 - 143s - 2s/step - accuracy: 0.6959 - loss: 0.3643 - val_accuracy: 0.1611 - val_loss: 0.4335 - val_sens_fpr0.005: 0.1781
Epoch 42/400
68/68 - 143s - 2s/step - accuracy: 0.6976 - loss: 0.3640 - val_accuracy: 0.1623 - val_loss: 0.4326 - val_sens_fpr0.005: 0.1781
Epoch 43/400
68/68 - 143s - 2s/step - accuracy: 0.6996 - loss: 0.3638 - val_accuracy: 0.1609 - val_loss: 0.4321 - val_sens_fpr0.005: 0.1713
Epoch 44/400
68/68 - 151s - 2s/step - accuracy: 0.7001 - loss: 0.3636 - val_accuracy: 0.1684 - val_loss: 0.4289 - val_sens_fpr0.005: 0.1850
Epoch 45/400
68/68 - 145s - 2s/step - accuracy: 0.7010 - loss: 0.3633 - val_accuracy: 0.1670 - val_loss: 0.4310 - val_sens_fpr0.005: 0.1781
Epoch 46/400
68/68 - 144s - 2s/step - accuracy: 0.7027 - loss: 0.3630 - val_accuracy: 0.1587 - val_loss: 0.4364 - val_sens_fpr0.005: 0.1849
Epoch 47/400
68/68 - 143s - 2s/step - accuracy: 0.7047 - loss: 0.3628 - val_accuracy: 0.1708 - val_loss: 0.4305 - val_sens_fpr0.005: 0.1849
Epoch 48/400
68/68 - 144s - 2s/step - accuracy: 0.7051 - loss: 0.3626 - val_accuracy: 0.1658 - val_loss: 0.4318 - val_sens_fpr0.005: 0.1849
Epoch 49/400
68/68 - 146s - 2s/step - accuracy: 0.7051 - loss: 0.3624 - val_accuracy: 0.1658 - val_loss: 0.4332 - val_sens_fpr0.005: 0.1918
Epoch 50/400
68/68 - 145s - 2s/step - accuracy: 0.7069 - loss: 0.3621 - val_accuracy: 0.1747 - val_loss: 0.4292 - val_sens_fpr0.005: 0.1781
Epoch 51/400
68/68 - 145s - 2s/step - accuracy: 0.7084 - loss: 0.3620 - val_accuracy: 0.1726 - val_loss: 0.4298 - val_sens_fpr0.005: 0.1918
Epoch 52/400
68/68 - 145s - 2s/step - accuracy: 0.7089 - loss: 0.3618 - val_accuracy: 0.1635 - val_loss: 0.4336 - val_sens_fpr0.005: 0.1849
Epoch 53/400
