09-28 21:12:41 105 clips over 5 folds
09-28 21:14:54 reference: 1124 ins_buzz detections in 13125 frames
09-28 21:16:53 
09-28 21:16:53 ## q_minmax_u8.onnx
09-28 21:16:53 class                  ref+  gained lost   (of frames)
09-28 21:16:53 mech_machinery         11496   979  2206   13125
09-28 21:16:53 ins_trill               4575   578   436   13125
09-28 21:16:53 ins_buzz                1124    27   276   13125
09-28 21:16:53 mech_plane                25   105     9   13125
09-28 21:16:53 ambient_thunder          112    79     3   13125
09-28 21:16:53 ambient_background        60     4    59   13125
09-28 21:16:53 ambient_music             76    30    24   13125
09-28 21:16:53 human                      8     5     4   13125
09-28 21:16:53 mech_auto                  3     5     3   13125
09-28 21:16:53 ambient_noise              0     2     0   13125
09-28 21:16:53 ambient_rain             377     1     0   13125
09-28 21:16:53 animal                     0     1     0   13125
09-28 21:16:53 mech_hum                   3     0     1   13125
09-28 21:16:53 aambient_scraping      13125     0     0   13125
09-28 21:16:53 mech_quadcopter        13125     0     0   13125
09-28 21:16:53 ins_buzz by fold: ref+ / gained / lost
09-28 21:16:53   e Hive/recorders/willard/2024-08-07/1_11   45    0   20
09-28 21:16:53    Hive/recorders/wooster/2024-07-26/1_143   30    2   15
09-28 21:16:53   JamesU - MustardBumbler/1_29              608   16  145
09-28 21:16:53   Lily - Fit+Fast/2023_R3_Marysville/53     257    6   64
09-28 21:16:53   Opportunistic Recordings/2025-07-03/1_37   70    1   17
09-28 21:16:53   FIXTURE                                   114    2   15
09-28 21:16:53 ins_buzz logit |d|: mean 0.606 p99 2.031 max 3.465
[launch_job] exit 0
